[2026-10-02T15:30:12] lever1: step 1: .venv/bin/python scripts/run_mgsm.py --langs en,es --system prompts/plain_reading.txt --tag plain
[2026-10-02T15:30:13] tag=plain -> mgsm_raw.plain.jsonl, server_props.plain.json; langs=['en', 'es']; system='The question is written in natural, everyday language. Take each word and phrase' (273 chars)
[2026-10-02T15:30:13] saved server props -> server_props.plain.json
Warning: You are sending unauthenticated requests to the HF Hub. Please set a HF_TOKEN to enable higher rate limits and faster downloads.
Generating train split:   0%|          | 0/8 [00:00<?, ? examples/s]Generating train split: 100%|██████████| 8/8 [00:00<00:00, 285.09 examples/s]
Generating test split:   0%|          | 0/250 [00:00<?, ? examples/s]Generating test split: 100%|██████████| 250/250 [00:00<00:00, 141241.38 examples/s]
Generating train split:   0%|          | 0/8 [00:00<?, ? examples/s]Generating train split: 100%|██████████| 8/8 [00:00<00:00, 5849.80 examples/s]
Generating test split:   0%|          | 0/250 [00:00<?, ? examples/s]Generating test split: 100%|██████████| 250/250 [00:00<00:00, 129310.15 examples/s]
Generating train split:   0%|          | 0/8 [00:00<?, ? examples/s]Generating train split: 100%|██████████| 8/8 [00:00<00:00, 5547.10 examples/s]
Generating test split:   0%|          | 0/250 [00:00<?, ? examples/s]Generating test split: 100%|██████████| 250/250 [00:00<00:00, 170722.24 examples/s]
[2026-10-02T15:30:24] ids 1..250, langs ['en', 'es']; done=0 pending=500 total=500
[2026-10-02T15:30:29] (1/500) id=1 en finish=stop completion=240 wall=4.9s predicted_per_s=55.66 draft=219/167
[2026-10-02T15:30:35] (2/500) id=1 es finish=stop completion=287 wall=6.0s predicted_per_s=53.78 draft=273/196
[2026-10-02T15:30:39] (3/500) id=2 en finish=stop completion=158 wall=3.4s predicted_per_s=58.40 draft=138/113
[2026-10-02T15:30:43] (4/500) id=2 es finish=stop completion=234 wall=4.7s predicted_per_s=58.67 draft=204/166
[2026-10-02T15:30:54] (5/500) id=3 en finish=stop completion=582 wall=10.2s predicted_per_s=62.17 draft=477/424
[2026-10-02T15:31:04] (6/500) id=3 es finish=stop completion=543 wall=10.2s predicted_per_s=57.49 draft=480/383
[2026-10-02T15:31:08] (7/500) id=4 en finish=stop completion=208 wall=4.4s predicted_per_s=56.65 draft=186/147
[2026-10-02T15:31:13] (8/500) id=4 es finish=stop completion=246 wall=5.3s predicted_per_s=53.85 draft=231/171
[2026-10-02T15:31:20] (9/500) id=5 en finish=stop completion=315 wall=6.4s predicted_per_s=56.63 draft=282/222
[2026-10-02T15:31:31] (10/500) id=5 es finish=stop completion=602 wall=11.4s predicted_per_s=57.15 draft=534/425
[2026-10-02T15:31:42] (11/500) id=6 en finish=stop completion=585 wall=10.7s predicted_per_s=58.95 draft=501/417
[2026-10-02T15:31:56] (12/500) id=6 es finish=stop completion=749 wall=13.7s predicted_per_s=57.55 draft=657/530
[2026-10-02T15:32:01] (13/500) id=7 en finish=stop completion=282 wall=5.2s predicted_per_s=62.90 draft=225/207
[2026-10-02T15:32:07] (14/500) id=7 es finish=stop completion=300 wall=5.7s predicted_per_s=60.24 draft=252/217
[2026-10-02T15:32:16] (15/500) id=8 en finish=stop completion=498 wall=9.5s predicted_per_s=56.83 draft=444/350
[2026-10-02T15:32:29] (16/500) id=8 es finish=stop completion=638 wall=12.5s predicted_per_s=54.40 draft=594/440
[2026-10-02T15:32:39] (17/500) id=9 en finish=stop completion=574 wall=10.3s predicted_per_s=60.75 draft=477/415
[2026-10-02T15:32:57] (18/500) id=9 es finish=stop completion=951 wall=18.7s predicted_per_s=53.31 draft=903/650
[2026-10-02T15:33:04] (19/500) id=10 en finish=stop completion=335 wall=6.4s predicted_per_s=59.27 draft=285/242
[2026-10-02T15:33:11] (20/500) id=10 es finish=stop completion=395 wall=7.5s predicted_per_s=58.92 draft=339/283
[2026-10-02T15:33:16] (21/500) id=11 en finish=stop completion=245 wall=4.8s predicted_per_s=60.73 draft=204/177
[2026-10-02T15:33:27] (22/500) id=11 es finish=stop completion=545 wall=10.7s predicted_per_s=54.70 draft=504/379
[2026-10-02T15:33:32] (23/500) id=12 en finish=stop completion=266 wall=5.0s predicted_per_s=62.22 draft=216/193
[2026-10-02T15:33:37] (24/500) id=12 es finish=stop completion=273 wall=5.2s predicted_per_s=62.07 draft=222/198
[2026-10-02T15:34:09] (25/500) id=13 en finish=stop completion=1579 wall=31.5s predicted_per_s=51.32 draft=1557/1061
[2026-10-02T15:34:31] (26/500) id=13 es finish=stop completion=1138 wall=22.3s predicted_per_s=52.95 draft=1086/775
[2026-10-02T15:34:41] (27/500) id=14 en finish=stop completion=566 wall=10.2s predicted_per_s=59.76 draft=480/408
[2026-10-02T15:34:53] (28/500) id=14 es finish=stop completion=670 wall=12.2s predicted_per_s=58.32 draft=582/477
[2026-10-02T15:35:00] (29/500) id=15 en finish=stop completion=339 wall=6.2s predicted_per_s=62.09 draft=276/248
[2026-10-02T15:35:09] (30/500) id=15 es finish=stop completion=523 wall=9.6s predicted_per_s=59.26 draft=447/373
[2026-10-02T15:35:17] (31/500) id=16 en finish=stop completion=382 wall=7.2s predicted_per_s=59.19 draft=327/272
[2026-10-02T15:35:26] (32/500) id=16 es finish=stop completion=515 wall=9.8s predicted_per_s=57.26 draft=456/362
[2026-10-02T15:35:35] (33/500) id=17 en finish=stop completion=447 wall=8.9s predicted_per_s=54.82 draft=414/310
[2026-10-02T15:35:42] (34/500) id=17 es finish=stop completion=366 wall=6.8s predicted_per_s=60.63 draft=306/264
[2026-10-02T15:35:50] (35/500) id=18 en finish=stop completion=415 wall=7.6s predicted_per_s=60.45 draft=348/300
[2026-10-02T15:35:58] (36/500) id=18 es finish=stop completion=439 wall=8.0s predicted_per_s=60.66 draft=366/318
[2026-10-02T15:36:02] (37/500) id=19 en finish=stop completion=249 wall=4.8s predicted_per_s=60.74 draft=207/180
[2026-10-02T15:36:08] (38/500) id=19 es finish=stop completion=256 wall=5.3s predicted_per_s=55.95 draft=231/180
[2026-10-02T15:36:16] (39/500) id=20 en finish=stop completion=436 wall=7.9s predicted_per_s=61.24 draft=360/318
[2026-10-02T15:36:24] (40/500) id=20 es finish=stop completion=461 wall=8.3s predicted_per_s=61.18 draft=381/335
[2026-10-02T15:36:34] (41/500) id=21 en finish=stop completion=579 wall=10.3s predicted_per_s=60.61 draft=483/419
[2026-10-02T15:36:47] (42/500) id=21 es finish=stop completion=653 wall=13.0s predicted_per_s=53.57 draft=618/449
[2026-10-02T15:36:53] (43/500) id=22 en finish=stop completion=316 wall=6.0s predicted_per_s=60.44 draft=264/230
[2026-10-02T15:37:00] (44/500) id=22 es finish=stop completion=329 wall=6.6s predicted_per_s=56.05 draft=297/231
[2026-10-02T15:37:03] (45/500) id=23 en finish=stop completion=154 wall=3.4s predicted_per_s=57.63 draft=135/111
[2026-10-02T15:37:09] (46/500) id=23 es finish=stop completion=290 wall=5.8s predicted_per_s=57.02 draft=258/206
[2026-10-02T15:37:14] (47/500) id=24 en finish=stop completion=228 wall=4.8s predicted_per_s=56.68 draft=204/161
[2026-10-02T15:37:19] (48/500) id=24 es finish=stop completion=268 wall=5.5s predicted_per_s=55.92 draft=243/187
[2026-10-02T15:37:25] (49/500) id=25 en finish=stop completion=303 wall=5.6s predicted_per_s=61.70 draft=249/219
[2026-10-02T15:37:33] (50/500) id=25 es finish=stop completion=450 wall=8.4s predicted_per_s=59.00 draft=387/320
[2026-10-02T15:37:39] (51/500) id=26 en finish=stop completion=317 wall=5.9s predicted_per_s=61.58 draft=261/229
[2026-10-02T15:37:48] (52/500) id=26 es finish=stop completion=448 wall=8.2s predicted_per_s=60.07 draft=378/322
[2026-10-02T15:37:54] (53/500) id=27 en finish=stop completion=365 wall=6.6s predicted_per_s=62.75 draft=294/266
[2026-10-02T15:38:02] (54/500) id=27 es finish=stop completion=440 wall=7.8s predicted_per_s=63.09 draft=351/323
[2026-10-02T15:38:07] (55/500) id=28 en finish=stop completion=248 wall=4.8s predicted_per_s=62.14 draft=201/180
[2026-10-02T15:38:13] (56/500) id=28 es finish=stop completion=308 wall=5.9s predicted_per_s=60.32 draft=258/222
[2026-10-02T15:38:18] (57/500) id=29 en finish=stop completion=271 wall=5.3s predicted_per_s=59.27 draft=231/194
[2026-10-02T15:38:25] (58/500) id=29 es finish=stop completion=333 wall=6.7s predicted_per_s=56.23 draft=300/234
[2026-10-02T15:38:31] (59/500) id=30 en finish=stop completion=326 wall=6.2s predicted_per_s=59.84 draft=276/233
[2026-10-02T15:38:38] (60/500) id=30 es finish=stop completion=380 wall=7.6s predicted_per_s=55.81 draft=345/266
[2026-10-02T15:38:45] (61/500) id=31 en finish=stop completion=342 wall=6.1s predicted_per_s=63.35 draft=273/253
[2026-10-02T15:38:52] (62/500) id=31 es finish=stop completion=409 wall=7.8s predicted_per_s=58.04 draft=357/289
[2026-10-02T15:38:58] (63/500) id=32 en finish=stop completion=284 wall=5.3s predicted_per_s=62.22 draft=231/209
[2026-10-02T15:39:05] (64/500) id=32 es finish=stop completion=416 wall=7.7s predicted_per_s=59.83 draft=351/300
[2026-10-02T15:39:10] (65/500) id=33 en finish=stop completion=244 wall=4.9s predicted_per_s=58.70 draft=210/176
[2026-10-02T15:39:16] (66/500) id=33 es finish=stop completion=286 wall=6.1s predicted_per_s=53.11 draft=273/196
[2026-10-02T15:39:23] (67/500) id=34 en finish=stop completion=367 wall=6.7s predicted_per_s=61.22 draft=303/266
[2026-10-02T15:39:31] (68/500) id=34 es finish=stop completion=404 wall=7.7s predicted_per_s=57.74 draft=354/285
[2026-10-02T15:39:35] (69/500) id=35 en finish=stop completion=237 wall=4.4s predicted_per_s=64.38 draft=186/174
[2026-10-02T15:39:41] (70/500) id=35 es finish=stop completion=273 wall=5.2s predicted_per_s=61.33 draft=225/200
[2026-10-02T15:39:45] (71/500) id=36 en finish=stop completion=246 wall=4.6s predicted_per_s=63.76 draft=195/182
[2026-10-02T15:39:51] (72/500) id=36 es finish=stop completion=284 wall=5.8s predicted_per_s=56.35 draft=255/201
[2026-10-02T15:39:56] (73/500) id=37 en finish=stop completion=248 wall=4.8s predicted_per_s=61.50 draft=204/179
[2026-10-02T15:40:02] (74/500) id=37 es finish=stop completion=294 wall=6.0s predicted_per_s=56.36 draft=264/206
[2026-10-02T15:40:15] (75/500) id=38 en finish=stop completion=741 wall=13.7s predicted_per_s=57.30 draft=651/526
[2026-10-02T15:40:23] (76/500) id=38 es finish=stop completion=407 wall=7.9s predicted_per_s=57.12 draft=360/289
[2026-10-02T15:40:29] (77/500) id=39 en finish=stop completion=261 wall=5.2s predicted_per_s=58.57 draft=225/187
[2026-10-02T15:41:15] (78/500) id=39 es finish=stop completion=2472 wall=46.3s predicted_per_s=54.28 draft=2292/1710
[2026-10-02T15:41:24] (79/500) id=40 en finish=stop completion=467 wall=8.9s predicted_per_s=58.19 draft=405/334
[2026-10-02T15:41:34] (80/500) id=40 es finish=stop completion=582 wall=10.6s predicted_per_s=59.30 draft=495/418
[2026-10-02T15:41:43] (81/500) id=41 en finish=stop completion=443 wall=8.6s predicted_per_s=56.38 draft=396/310
[2026-10-02T15:41:46] (82/500) id=41 es finish=stop completion=167 wall=3.4s predicted_per_s=62.21 draft=135/121
[2026-10-02T15:41:55] (83/500) id=42 en finish=stop completion=457 wall=8.8s predicted_per_s=57.40 draft=402/322
[2026-10-02T15:42:10] (84/500) id=42 es finish=stop completion=774 wall=14.6s predicted_per_s=56.82 draft=690/543
[2026-10-02T15:42:14] (85/500) id=43 en finish=stop completion=183 wall=3.8s predicted_per_s=59.26 draft=156/133
[2026-10-02T15:42:18] (86/500) id=43 es finish=stop completion=235 wall=4.9s predicted_per_s=57.43 draft=207/168
[2026-10-02T15:42:25] (87/500) id=44 en finish=stop completion=376 wall=7.1s predicted_per_s=59.32 draft=321/269
[2026-10-02T15:42:33] (88/500) id=44 es finish=stop completion=398 wall=7.3s predicted_per_s=60.95 draft=330/288
[2026-10-02T15:42:41] (89/500) id=45 en finish=stop completion=466 wall=8.1s predicted_per_s=63.65 draft=369/343
[2026-10-02T15:42:50] (90/500) id=45 es finish=stop completion=476 wall=8.8s predicted_per_s=59.33 draft=405/343
[2026-10-02T15:43:08] (91/500) id=46 en finish=stop completion=940 wall=18.1s predicted_per_s=54.37 draft=873/648
[2026-10-02T15:43:34] (92/500) id=46 es finish=stop completion=1351 wall=26.6s predicted_per_s=52.50 draft=1296/918
[2026-10-02T15:43:44] (93/500) id=47 en finish=stop completion=479 wall=9.3s predicted_per_s=56.55 draft=426/337
[2026-10-02T15:43:52] (94/500) id=47 es finish=stop completion=427 wall=8.1s predicted_per_s=59.05 draft=363/306
[2026-10-02T15:44:00] (95/500) id=48 en finish=stop completion=442 wall=8.0s predicted_per_s=60.94 draft=366/319
[2026-10-02T15:44:10] (96/500) id=48 es finish=stop completion=581 wall=10.2s predicted_per_s=61.79 draft=474/422
[2026-10-02T15:44:15] (97/500) id=49 en finish=stop completion=227 wall=4.7s predicted_per_s=57.69 draft=198/161
[2026-10-02T15:44:21] (98/500) id=49 es finish=stop completion=303 wall=6.2s predicted_per_s=56.01 draft=273/213
[2026-10-02T15:44:26] (99/500) id=50 en finish=stop completion=256 wall=5.1s predicted_per_s=59.01 draft=219/184
[2026-10-02T15:44:31] (100/500) id=50 es finish=stop completion=276 wall=5.4s predicted_per_s=59.42 draft=234/200
[2026-10-02T15:44:37] (101/500) id=51 en finish=stop completion=263 wall=5.2s predicted_per_s=59.44 draft=222/188
[2026-10-02T15:44:43] (102/500) id=51 es finish=stop completion=297 wall=5.9s predicted_per_s=57.42 draft=261/211
[2026-10-02T15:44:48] (103/500) id=52 en finish=stop completion=288 wall=5.9s predicted_per_s=56.77 draft=255/203
[2026-10-02T15:44:55] (104/500) id=52 es finish=stop completion=304 wall=6.4s predicted_per_s=53.86 draft=285/210
[2026-10-02T15:45:01] (105/500) id=53 en finish=stop completion=313 wall=6.2s predicted_per_s=58.00 draft=273/223
[2026-10-02T15:45:09] (106/500) id=53 es finish=stop completion=418 wall=8.1s predicted_per_s=57.15 draft=369/296
[2026-10-02T15:45:16] (107/500) id=54 en finish=stop completion=354 wall=6.5s predicted_per_s=62.62 draft=285/261
[2026-10-02T15:45:23] (108/500) id=54 es finish=stop completion=427 wall=7.6s predicted_per_s=63.49 draft=339/313
[2026-10-02T15:45:31] (109/500) id=55 en finish=stop completion=422 wall=7.7s predicted_per_s=61.11 draft=348/307
[2026-10-02T15:45:38] (110/500) id=55 es finish=stop completion=360 wall=7.4s predicted_per_s=55.32 draft=324/253
[2026-10-02T15:45:42] (111/500) id=56 en finish=stop completion=196 wall=4.2s predicted_per_s=58.63 draft=168/142
[2026-10-02T15:45:47] (112/500) id=56 es finish=stop completion=227 wall=4.6s predicted_per_s=59.27 draft=192/162
[2026-10-02T15:45:52] (113/500) id=57 en finish=stop completion=237 wall=5.0s predicted_per_s=55.42 draft=213/167
[2026-10-02T15:45:57] (114/500) id=57 es finish=stop completion=251 wall=5.3s predicted_per_s=55.90 draft=225/178
[2026-10-02T15:46:05] (115/500) id=58 en finish=stop completion=379 wall=7.3s predicted_per_s=58.59 draft=321/273
[2026-10-02T15:46:15] (116/500) id=58 es finish=stop completion=554 wall=10.1s predicted_per_s=59.95 draft=462/400
[2026-10-02T15:46:21] (117/500) id=59 en finish=stop completion=319 wall=6.5s predicted_per_s=56.16 draft=285/223
[2026-10-02T15:46:30] (118/500) id=59 es finish=stop completion=446 wall=8.5s predicted_per_s=58.61 draft=381/319
[2026-10-02T15:46:33] (119/500) id=60 en finish=stop completion=136 wall=3.2s predicted_per_s=58.06 draft=117/96
[2026-10-02T15:46:38] (120/500) id=60 es finish=stop completion=225 wall=4.5s predicted_per_s=60.58 draft=186/162
[2026-10-02T15:46:43] (121/500) id=61 en finish=stop completion=298 wall=5.7s predicted_per_s=61.34 draft=243/216
[2026-10-02T15:46:52] (122/500) id=61 es finish=stop completion=467 wall=8.9s predicted_per_s=57.35 draft=408/331
[2026-10-02T15:47:01] (123/500) id=62 en finish=stop completion=491 wall=9.1s predicted_per_s=58.99 draft=417/353
[2026-10-02T15:47:08] (124/500) id=62 es finish=stop completion=373 wall=7.2s predicted_per_s=58.63 draft=318/267
[2026-10-02T15:47:23] (125/500) id=63 en finish=stop completion=738 wall=14.2s predicted_per_s=55.15 draft=672/515
[2026-10-02T15:47:38] (126/500) id=63 es finish=stop completion=852 wall=15.3s predicted_per_s=58.61 draft=732/607
[2026-10-02T15:47:46] (127/500) id=64 en finish=stop completion=392 wall=7.8s predicted_per_s=56.23 draft=351/275
[2026-10-02T15:47:56] (128/500) id=64 es finish=stop completion=525 wall=9.9s predicted_per_s=58.03 draft=453/374
[2026-10-02T15:48:00] (129/500) id=65 en finish=stop completion=233 wall=4.8s predicted_per_s=58.51 draft=198/167
[2026-10-02T15:48:08] (130/500) id=65 es finish=stop completion=370 wall=7.5s predicted_per_s=55.70 draft=333/259
[2026-10-02T15:48:14] (131/500) id=66 en finish=stop completion=263 wall=5.6s predicted_per_s=55.01 draft=240/183
[2026-10-02T15:48:20] (132/500) id=66 es finish=stop completion=307 wall=6.0s predicted_per_s=59.00 draft=261/222
[2026-10-02T15:48:24] (133/500) id=67 en finish=stop completion=207 wall=4.3s predicted_per_s=59.42 draft=174/151
[2026-10-02T15:48:31] (134/500) id=67 es finish=stop completion=393 wall=7.6s predicted_per_s=58.47 draft=336/280
[2026-10-02T15:48:36] (135/500) id=68 en finish=stop completion=261 wall=4.9s predicted_per_s=64.13 draft=204/192
[2026-10-02T15:48:44] (136/500) id=68 es finish=stop completion=394 wall=7.3s predicted_per_s=60.29 draft=327/285
[2026-10-02T15:48:50] (137/500) id=69 en finish=stop completion=322 wall=6.2s predicted_per_s=59.59 draft=270/233
[2026-10-02T15:48:56] (138/500) id=69 es finish=stop completion=335 wall=6.5s predicted_per_s=58.87 draft=285/241
[2026-10-02T15:49:01] (139/500) id=70 en finish=stop completion=228 wall=4.6s predicted_per_s=60.45 draft=189/166
[2026-10-02T15:49:08] (140/500) id=70 es finish=stop completion=334 wall=6.9s predicted_per_s=54.85 draft=306/232
[2026-10-02T15:49:16] (141/500) id=71 en finish=stop completion=429 wall=8.2s predicted_per_s=58.10 draft=369/308
[2026-10-02T15:49:48] (142/500) id=71 es finish=stop completion=1639 wall=32.0s predicted_per_s=52.52 draft=1563/1120
[2026-10-02T15:49:52] (143/500) id=72 en finish=stop completion=165 wall=3.6s predicted_per_s=59.72 draft=138/118
[2026-10-02T15:49:55] (144/500) id=72 es finish=stop completion=169 wall=3.7s predicted_per_s=58.64 draft=144/120
[2026-10-02T15:50:00] (145/500) id=73 en finish=stop completion=241 wall=4.8s predicted_per_s=60.81 draft=198/177
[2026-10-02T15:50:05] (146/500) id=73 es finish=stop completion=229 wall=4.9s predicted_per_s=56.16 draft=204/162
[2026-10-02T15:50:12] (147/500) id=74 en finish=stop completion=360 wall=6.9s predicted_per_s=58.97 draft=306/257
[2026-10-02T15:50:21] (148/500) id=74 es finish=stop completion=476 wall=9.2s predicted_per_s=56.50 draft=423/337
[2026-10-02T15:50:28] (149/500) id=75 en finish=stop completion=378 wall=7.1s predicted_per_s=61.11 draft=309/275
[2026-10-02T15:50:39] (150/500) id=75 es finish=stop completion=593 wall=10.8s predicted_per_s=60.20 draft=492/429
[2026-10-02T15:50:48] (151/500) id=76 en finish=stop completion=521 wall=9.4s predicted_per_s=60.79 draft=429/377
[2026-10-02T15:51:03] (152/500) id=76 es finish=stop completion=769 wall=14.1s predicted_per_s=57.86 draft=666/548
[2026-10-02T15:51:10] (153/500) id=77 en finish=stop completion=399 wall=7.6s predicted_per_s=59.27 draft=336/286
[2026-10-02T15:51:19] (154/500) id=77 es finish=stop completion=441 wall=8.5s predicted_per_s=58.30 draft=381/315
[2026-10-02T15:51:25] (155/500) id=78 en finish=stop completion=324 wall=6.1s predicted_per_s=61.09 draft=264/238
[2026-10-02T15:51:33] (156/500) id=78 es finish=stop completion=438 wall=8.1s predicted_per_s=60.83 draft=363/318
[2026-10-02T15:51:47] (157/500) id=79 en finish=stop completion=765 wall=14.2s predicted_per_s=56.86 draft=681/538
[2026-10-02T15:52:04] (158/500) id=79 es finish=stop completion=874 wall=16.7s predicted_per_s=54.65 draft=810/605
[2026-10-02T15:52:08] (159/500) id=80 en finish=stop completion=189 wall=4.1s predicted_per_s=57.00 draft=165/133
[2026-10-02T15:52:13] (160/500) id=80 es finish=stop completion=229 wall=5.0s predicted_per_s=55.24 draft=207/160
[2026-10-02T15:52:18] (161/500) id=81 en finish=stop completion=272 wall=5.7s predicted_per_s=55.33 draft=246/190
[2026-10-02T15:52:24] (162/500) id=81 es finish=stop completion=269 wall=5.5s predicted_per_s=56.83 draft=237/189
[2026-10-02T15:52:29] (163/500) id=82 en finish=stop completion=255 wall=5.3s predicted_per_s=57.34 draft=222/180
[2026-10-02T15:52:34] (164/500) id=82 es finish=stop completion=235 wall=4.8s predicted_per_s=60.05 draft=195/171
[2026-10-02T15:52:40] (165/500) id=83 en finish=stop completion=302 wall=6.0s predicted_per_s=58.97 draft=255/218
[2026-10-02T15:52:45] (166/500) id=83 es finish=stop completion=272 wall=5.2s predicted_per_s=61.78 draft=219/200
[2026-10-02T15:52:49] (167/500) id=84 en finish=stop completion=168 wall=3.5s predicted_per_s=63.35 draft=132/126
[2026-10-02T15:52:54] (168/500) id=84 es finish=stop completion=254 wall=5.1s predicted_per_s=58.89 draft=216/181
[2026-10-02T15:53:01] (169/500) id=85 en finish=stop completion=379 wall=7.3s predicted_per_s=58.57 draft=324/272
[2026-10-02T15:53:09] (170/500) id=85 es finish=stop completion=426 wall=8.1s predicted_per_s=57.78 draft=369/304
[2026-10-02T15:53:25] (171/500) id=86 en finish=stop completion=815 wall=16.2s predicted_per_s=53.09 draft=768/558
[2026-10-02T15:53:38] (172/500) id=86 es finish=stop completion=621 wall=12.2s predicted_per_s=54.78 draft=567/432
[2026-10-02T15:53:50] (173/500) id=87 en finish=stop completion=616 wall=12.6s predicted_per_s=52.63 draft=585/420
[2026-10-02T15:54:12] (174/500) id=87 es finish=stop completion=1094 wall=22.3s predicted_per_s=51.07 draft=1068/738
[2026-10-02T15:54:35] (175/500) id=88 en finish=stop completion=1179 wall=22.1s predicted_per_s=55.55 draft=1059/827
[2026-10-02T15:55:21] (176/500) id=88 es finish=stop completion=2447 wall=46.2s predicted_per_s=53.94 draft=2256/1697
[2026-10-02T15:55:27] (177/500) id=89 en finish=stop completion=295 wall=5.9s predicted_per_s=58.51 draft=252/213
[2026-10-02T15:55:36] (178/500) id=89 es finish=stop completion=494 wall=8.9s predicted_per_s=60.88 draft=405/360
[2026-10-02T15:55:42] (179/500) id=90 en finish=stop completion=318 wall=6.0s predicted_per_s=61.01 draft=261/233
[2026-10-02T15:55:55] (180/500) id=90 es finish=stop completion=699 wall=13.5s predicted_per_s=55.33 draft=633/488
[2026-10-02T15:56:01] (181/500) id=91 en finish=stop completion=308 wall=6.1s predicted_per_s=59.09 draft=261/223
[2026-10-02T15:56:08] (182/500) id=91 es finish=stop completion=311 wall=6.5s predicted_per_s=55.29 draft=282/217
[2026-10-02T15:56:12] (183/500) id=92 en finish=stop completion=250 wall=4.8s predicted_per_s=62.31 draft=201/185
[2026-10-02T15:56:16] (184/500) id=92 es finish=stop completion=192 wall=4.0s predicted_per_s=59.64 draft=162/137
[2026-10-02T15:56:22] (185/500) id=93 en finish=stop completion=302 wall=5.7s predicted_per_s=60.11 draft=252/219
[2026-10-02T15:56:32] (186/500) id=93 es finish=stop completion=529 wall=9.7s predicted_per_s=60.45 draft=435/386
[2026-10-02T15:56:58] (187/500) id=94 en finish=stop completion=1280 wall=26.2s predicted_per_s=50.53 draft=1266/857
[2026-10-02T15:58:00] (188/500) id=94 es finish=stop completion=3259 wall=61.6s predicted_per_s=53.67 draft=3018/2254
[2026-10-02T15:58:07] (189/500) id=95 en finish=stop completion=401 wall=7.1s predicted_per_s=64.69 draft=309/298
[2026-10-02T15:58:15] (190/500) id=95 es finish=stop completion=476 wall=8.3s predicted_per_s=63.86 draft=372/352
[2026-10-02T15:58:20] (191/500) id=96 en finish=stop completion=264 wall=5.1s predicted_per_s=60.95 draft=216/191
[2026-10-02T15:58:28] (192/500) id=96 es finish=stop completion=403 wall=7.6s predicted_per_s=59.57 draft=339/290
[2026-10-02T15:58:31] (193/500) id=97 en finish=stop completion=138 wall=3.5s predicted_per_s=51.18 draft=135/92
[2026-10-02T15:58:36] (194/500) id=97 es finish=stop completion=230 wall=4.8s predicted_per_s=57.51 draft=201/165
[2026-10-02T15:58:44] (195/500) id=98 en finish=stop completion=397 wall=7.8s predicted_per_s=57.54 draft=345/282
[2026-10-02T15:58:55] (196/500) id=98 es finish=stop completion=564 wall=11.1s predicted_per_s=54.76 draft=516/391
[2026-10-02T15:59:04] (197/500) id=99 en finish=stop completion=465 wall=9.1s predicted_per_s=56.62 draft=411/329
[2026-10-02T15:59:16] (198/500) id=99 es finish=stop completion=647 wall=12.0s predicted_per_s=58.41 draft=552/463
[2026-10-02T15:59:22] (199/500) id=100 en finish=stop completion=336 wall=6.7s predicted_per_s=57.57 draft=291/239
[2026-10-02T15:59:31] (200/500) id=100 es finish=stop completion=440 wall=8.7s predicted_per_s=56.23 draft=390/310
[2026-10-02T15:59:40] (201/500) id=101 en finish=stop completion=466 wall=8.4s predicted_per_s=61.71 draft=375/342
[2026-10-02T15:59:48] (202/500) id=101 es finish=stop completion=423 wall=8.3s predicted_per_s=57.35 draft=369/300
[2026-10-02T15:59:53] (203/500) id=102 en finish=stop completion=281 wall=5.5s predicted_per_s=59.81 draft=234/204
[2026-10-02T15:59:59] (204/500) id=102 es finish=stop completion=310 wall=6.1s predicted_per_s=59.38 draft=261/224
[2026-10-02T16:00:07] (205/500) id=103 en finish=stop completion=391 wall=7.6s predicted_per_s=57.71 draft=339/279
[2026-10-02T16:00:20] (206/500) id=103 es finish=stop completion=651 wall=13.3s predicted_per_s=52.39 draft=621/444
[2026-10-02T16:00:26] (207/500) id=104 en finish=stop completion=266 wall=5.5s predicted_per_s=56.64 draft=234/189
[2026-10-02T16:00:34] (208/500) id=104 es finish=stop completion=460 wall=8.7s predicted_per_s=58.67 draft=393/329
[2026-10-02T16:00:40] (209/500) id=105 en finish=stop completion=286 wall=5.3s predicted_per_s=62.75 draft=228/209
[2026-10-02T16:00:46] (210/500) id=105 es finish=stop completion=323 wall=6.2s predicted_per_s=60.39 draft=267/233
[2026-10-02T16:00:50] (211/500) id=106 en finish=stop completion=182 wall=4.1s predicted_per_s=56.02 draft=162/129
[2026-10-02T16:00:54] (212/500) id=106 es finish=stop completion=185 wall=3.9s predicted_per_s=59.11 draft=156/132
[2026-10-02T16:01:11] (213/500) id=107 en finish=stop completion=881 wall=17.1s predicted_per_s=54.44 draft=807/611
[2026-10-02T16:01:21] (214/500) id=107 es finish=stop completion=536 wall=10.1s predicted_per_s=58.33 draft=459/382
[2026-10-02T16:01:29] (215/500) id=108 en finish=stop completion=434 wall=8.4s predicted_per_s=57.51 draft=378/307
[2026-10-02T16:01:39] (216/500) id=108 es finish=stop completion=509 wall=9.8s predicted_per_s=56.88 draft=447/362
[2026-10-02T16:01:49] (217/500) id=109 en finish=stop completion=550 wall=10.0s predicted_per_s=60.41 draft=456/397
[2026-10-02T16:02:00] (218/500) id=109 es finish=stop completion=567 wall=11.0s predicted_per_s=56.07 draft=507/399
[2026-10-02T16:02:06] (219/500) id=110 en finish=stop completion=294 wall=5.8s predicted_per_s=58.46 draft=252/209
[2026-10-02T16:02:13] (220/500) id=110 es finish=stop completion=320 wall=6.7s predicted_per_s=54.56 draft=294/222
[2026-10-02T16:02:18] (221/500) id=111 en finish=stop completion=268 wall=5.6s predicted_per_s=56.66 draft=237/191
[2026-10-02T16:02:40] (222/500) id=111 es finish=stop completion=1116 wall=21.4s predicted_per_s=54.29 draft=1038/771
[2026-10-02T16:02:47] (223/500) id=112 en finish=stop completion=410 wall=7.7s predicted_per_s=58.91 draft=354/294
[2026-10-02T16:02:56] (224/500) id=112 es finish=stop completion=407 wall=8.2s predicted_per_s=54.75 draft=378/283
[2026-10-02T16:03:00] (225/500) id=113 en finish=stop completion=195 wall=4.2s predicted_per_s=56.88 draft=174/139
[2026-10-02T16:03:06] (226/500) id=113 es finish=stop completion=292 wall=5.7s predicted_per_s=58.83 draft=252/208
[2026-10-02T16:03:09] (227/500) id=114 en finish=stop completion=173 wall=3.6s predicted_per_s=59.54 draft=147/125
[2026-10-02T16:03:14] (228/500) id=114 es finish=stop completion=225 wall=4.9s predicted_per_s=54.91 draft=204/158
[2026-10-02T16:03:27] (229/500) id=115 en finish=stop completion=672 wall=12.9s predicted_per_s=56.01 draft=600/472
[2026-10-02T16:03:36] (230/500) id=115 es finish=stop completion=452 wall=8.9s predicted_per_s=56.14 draft=402/317
[2026-10-02T16:03:47] (231/500) id=116 en finish=stop completion=615 wall=11.2s predicted_per_s=59.72 draft=516/443
[2026-10-02T16:04:03] (232/500) id=116 es finish=stop completion=886 wall=16.5s predicted_per_s=56.64 draft=783/625
[2026-10-02T16:04:11] (233/500) id=117 en finish=stop completion=366 wall=7.2s predicted_per_s=57.02 draft=321/259
[2026-10-02T16:04:19] (234/500) id=117 es finish=stop completion=424 wall=8.2s predicted_per_s=57.50 draft=369/302
[2026-10-02T16:04:23] (235/500) id=118 en finish=stop completion=175 wall=3.9s predicted_per_s=57.19 draft=153/123
[2026-10-02T16:04:27] (236/500) id=118 es finish=stop completion=208 wall=4.6s predicted_per_s=54.11 draft=192/143
[2026-10-02T16:04:35] (237/500) id=119 en finish=stop completion=345 wall=7.1s predicted_per_s=55.81 draft=309/244
[2026-10-02T16:04:41] (238/500) id=119 es finish=stop completion=359 wall=6.8s predicted_per_s=60.78 draft=294/262
[2026-10-02T16:06:04] (239/500) id=120 en finish=stop completion=4651 wall=82.6s predicted_per_s=56.83 draft=4062/3299
[2026-10-02T16:08:06] (240/500) id=120 es finish=stop completion=6762 wall=122.2s predicted_per_s=55.80 draft=5997/4764
[2026-10-02T16:08:12] (241/500) id=121 en finish=stop completion=247 wall=5.4s predicted_per_s=55.72 draft=222/174
[2026-10-02T16:08:16] (242/500) id=121 es finish=stop completion=219 wall=4.6s predicted_per_s=57.20 draft=192/155
[2026-10-02T16:08:21] (243/500) id=122 en finish=stop completion=262 wall=4.9s predicted_per_s=63.25 draft=207/195
[2026-10-02T16:08:26] (244/500) id=122 es finish=stop completion=269 wall=5.1s predicted_per_s=63.05 draft=213/197
[2026-10-02T16:08:36] (245/500) id=123 en finish=stop completion=551 wall=10.0s predicted_per_s=60.03 draft=459/398
[2026-10-02T16:08:49] (246/500) id=123 es finish=stop completion=668 wall=12.6s predicted_per_s=56.86 draft=588/474
[2026-10-02T16:08:55] (247/500) id=124 en finish=stop completion=286 wall=5.7s predicted_per_s=58.99 draft=243/206
[2026-10-02T16:09:02] (248/500) id=124 es finish=stop completion=391 wall=7.6s predicted_per_s=57.65 draft=339/280
[2026-10-02T16:09:09] (249/500) id=125 en finish=stop completion=357 wall=7.1s predicted_per_s=57.25 draft=312/253
[2026-10-02T16:09:18] (250/500) id=125 es finish=stop completion=410 wall=8.3s predicted_per_s=54.83 draft=375/286
[2026-10-02T16:09:30] (251/500) id=126 en finish=stop completion=590 wall=12.2s predicted_per_s=52.41 draft=564/403
[2026-10-02T16:09:38] (252/500) id=126 es finish=stop completion=411 wall=8.5s predicted_per_s=54.49 draft=378/286
[2026-10-02T16:09:43] (253/500) id=127 en finish=stop completion=232 wall=4.7s predicted_per_s=59.50 draft=195/169
[2026-10-02T16:09:48] (254/500) id=127 es finish=stop completion=239 wall=4.8s predicted_per_s=58.69 draft=204/171
[2026-10-02T16:09:52] (255/500) id=128 en finish=stop completion=224 wall=4.7s predicted_per_s=57.42 draft=195/159
[2026-10-02T16:09:57] (256/500) id=128 es finish=stop completion=217 wall=4.6s predicted_per_s=56.49 draft=192/153
[2026-10-02T16:10:04] (257/500) id=129 en finish=stop completion=384 wall=7.2s predicted_per_s=60.43 draft=318/280
[2026-10-02T16:10:14] (258/500) id=129 es finish=stop completion=519 wall=9.4s predicted_per_s=61.11 draft=426/376
[2026-10-02T16:10:22] (259/500) id=130 en finish=stop completion=461 wall=8.6s predicted_per_s=59.46 draft=390/332
[2026-10-02T16:10:32] (260/500) id=130 es finish=stop completion=515 wall=10.0s predicted_per_s=56.18 draft=459/364
[2026-10-02T16:10:37] (261/500) id=131 en finish=stop completion=240 wall=4.8s predicted_per_s=59.74 draft=201/174
[2026-10-02T16:10:43] (262/500) id=131 es finish=stop completion=269 wall=5.8s predicted_per_s=54.12 draft=249/187
[2026-10-02T16:10:47] (263/500) id=132 en finish=stop completion=174 wall=3.8s predicted_per_s=58.06 draft=150/126
[2026-10-02T16:10:51] (264/500) id=132 es finish=stop completion=216 wall=4.3s predicted_per_s=60.96 draft=177/159
[2026-10-02T16:10:57] (265/500) id=133 en finish=stop completion=322 wall=6.1s predicted_per_s=61.59 draft=261/237
[2026-10-02T16:11:06] (266/500) id=133 es finish=stop completion=494 wall=9.4s predicted_per_s=57.20 draft=432/350
[2026-10-02T16:11:11] (267/500) id=134 en finish=stop completion=206 wall=4.4s predicted_per_s=58.06 draft=177/147
[2026-10-02T16:11:15] (268/500) id=134 es finish=stop completion=204 wall=4.2s predicted_per_s=59.69 draft=171/148
[2026-10-02T16:11:19] (269/500) id=135 en finish=stop completion=180 wall=3.8s predicted_per_s=58.68 draft=153/131
[2026-10-02T16:11:23] (270/500) id=135 es finish=stop completion=154 wall=3.7s predicted_per_s=53.46 draft=144/108
[2026-10-02T16:11:37] (271/500) id=136 en finish=stop completion=756 wall=14.8s predicted_per_s=54.28 draft=696/525
[2026-10-02T16:11:44] (272/500) id=136 es finish=stop completion=353 wall=6.9s predicted_per_s=58.38 draft=303/252
[2026-10-02T16:11:49] (273/500) id=137 en finish=stop completion=233 wall=4.6s predicted_per_s=59.80 draft=195/168
[2026-10-02T16:11:53] (274/500) id=137 es finish=stop completion=204 wall=4.3s predicted_per_s=59.38 draft=171/146
[2026-10-02T16:12:01] (275/500) id=138 en finish=stop completion=446 wall=8.1s predicted_per_s=61.42 draft=363/326
[2026-10-02T16:12:10] (276/500) id=138 es finish=stop completion=470 wall=8.6s predicted_per_s=61.10 draft=384/341
[2026-10-02T16:12:21] (277/500) id=139 en finish=stop completion=597 wall=10.7s predicted_per_s=60.35 draft=495/431
[2026-10-02T16:12:30] (278/500) id=139 es finish=stop completion=501 wall=9.0s predicted_per_s=61.54 draft=408/366
[2026-10-02T16:12:43] (279/500) id=140 en finish=stop completion=676 wall=12.9s predicted_per_s=55.80 draft=606/476
[2026-10-02T16:12:57] (280/500) id=140 es finish=stop completion=751 wall=14.2s predicted_per_s=55.97 draft=672/529
[2026-10-02T16:13:00] (281/500) id=141 en finish=stop completion=165 wall=3.5s predicted_per_s=62.10 draft=132/122
[2026-10-02T16:13:06] (282/500) id=141 es finish=stop completion=265 wall=5.4s predicted_per_s=58.23 draft=228/189
[2026-10-02T16:13:16] (283/500) id=142 en finish=stop completion=557 wall=10.3s predicted_per_s=59.20 draft=471/400
[2026-10-02T16:13:26] (284/500) id=142 es finish=stop completion=525 wall=9.6s predicted_per_s=59.21 draft=444/378
[2026-10-02T16:13:30] (285/500) id=143 en finish=stop completion=244 wall=5.0s predicted_per_s=58.12 draft=210/176
[2026-10-02T16:13:37] (286/500) id=143 es finish=stop completion=304 wall=6.3s predicted_per_s=55.16 draft=276/211
[2026-10-02T16:13:45] (287/500) id=144 en finish=stop completion=404 wall=7.8s predicted_per_s=58.22 draft=348/287
[2026-10-02T16:13:56] (288/500) id=144 es finish=stop completion=633 wall=11.6s predicted_per_s=59.01 draft=537/454
[2026-10-02T16:14:05] (289/500) id=145 en finish=stop completion=434 wall=8.4s predicted_per_s=57.94 draft=375/309
[2026-10-02T16:14:13] (290/500) id=145 es finish=stop completion=439 wall=8.7s predicted_per_s=56.36 draft=390/309
[2026-10-02T16:14:20] (291/500) id=146 en finish=stop completion=368 wall=6.8s predicted_per_s=61.36 draft=300/270
[2026-10-02T16:14:27] (292/500) id=146 es finish=stop completion=390 wall=7.2s predicted_per_s=60.67 draft=321/283
[2026-10-02T16:14:34] (293/500) id=147 en finish=stop completion=360 wall=6.6s predicted_per_s=61.89 draft=291/264
[2026-10-02T16:14:42] (294/500) id=147 es finish=stop completion=412 wall=8.1s predicted_per_s=56.46 draft=366/292
[2026-10-02T16:14:56] (295/500) id=148 en finish=stop completion=744 wall=13.6s predicted_per_s=58.57 draft=636/531
[2026-10-02T16:15:22] (296/500) id=148 es finish=stop completion=1451 wall=26.8s predicted_per_s=56.07 draft=1293/1021
[2026-10-02T16:15:27] (297/500) id=149 en finish=stop completion=233 wall=4.9s predicted_per_s=57.08 draft=204/165
[2026-10-02T16:15:34] (298/500) id=149 es finish=stop completion=338 wall=6.9s predicted_per_s=55.84 draft=303/237
[2026-10-02T16:15:39] (299/500) id=150 en finish=stop completion=254 wall=4.9s predicted_per_s=61.40 draft=207/187
[2026-10-02T16:15:46] (300/500) id=150 es finish=stop completion=356 wall=7.0s predicted_per_s=57.64 draft=309/253
[2026-10-02T16:15:56] (301/500) id=151 en finish=stop completion=510 wall=9.6s predicted_per_s=58.17 draft=438/365
[2026-10-02T16:16:08] (302/500) id=151 es finish=stop completion=647 wall=12.1s predicted_per_s=58.06 draft=558/462
[2026-10-02T16:16:15] (303/500) id=152 en finish=stop completion=365 wall=6.8s predicted_per_s=61.57 draft=297/267
[2026-10-02T16:16:22] (304/500) id=152 es finish=stop completion=353 wall=7.0s predicted_per_s=58.20 draft=303/253
[2026-10-02T16:16:26] (305/500) id=153 en finish=stop completion=209 wall=4.3s predicted_per_s=60.01 draft=174/150
[2026-10-02T16:16:31] (306/500) id=153 es finish=stop completion=253 wall=4.9s predicted_per_s=61.97 draft=204/186
[2026-10-02T16:16:45] (307/500) id=154 en finish=stop completion=774 wall=13.9s predicted_per_s=59.13 draft=654/557
[2026-10-02T16:17:03] (308/500) id=154 es finish=stop completion=912 wall=17.9s predicted_per_s=53.64 draft=852/629
[2026-10-02T16:17:10] (309/500) id=155 en finish=stop completion=358 wall=6.9s predicted_per_s=59.27 draft=306/258
[2026-10-02T16:17:17] (310/500) id=155 es finish=stop completion=384 wall=7.2s predicted_per_s=59.15 draft=330/274
[2026-10-02T16:17:23] (311/500) id=156 en finish=stop completion=375 wall=6.6s predicted_per_s=64.01 draft=297/278
[2026-10-02T16:17:33] (312/500) id=156 es finish=stop completion=560 wall=9.9s predicted_per_s=61.57 draft=462/406
[2026-10-02T16:17:39] (313/500) id=157 en finish=stop completion=292 wall=5.6s predicted_per_s=60.26 draft=246/212
[2026-10-02T16:17:45] (314/500) id=157 es finish=stop completion=293 wall=5.7s predicted_per_s=59.81 draft=249/211
[2026-10-02T16:18:25] (315/500) id=158 en finish=stop completion=2153 wall=40.0s predicted_per_s=54.89 draft=1989/1491
[2026-10-02T16:19:33] (316/500) id=158 es finish=stop completion=3659 wall=68.7s predicted_per_s=53.94 draft=3378/2532
[2026-10-02T16:19:38] (317/500) id=159 en finish=stop completion=201 wall=4.3s predicted_per_s=59.70 draft=168/145
[2026-10-02T16:19:43] (318/500) id=159 es finish=stop completion=274 wall=5.4s predicted_per_s=60.10 draft=228/198
[2026-10-02T16:19:53] (319/500) id=160 en finish=stop completion=508 wall=10.1s predicted_per_s=54.47 draft=468/354
[2026-10-02T16:19:58] (320/500) id=160 es finish=stop completion=250 wall=5.2s predicted_per_s=56.49 draft=222/177
[2026-10-02T16:20:02] (321/500) id=161 en finish=stop completion=186 wall=3.7s predicted_per_s=64.39 draft=144/137
[2026-10-02T16:20:06] (322/500) id=161 es finish=stop completion=210 wall=4.5s predicted_per_s=57.42 draft=183/150
[2026-10-02T16:20:21] (323/500) id=162 en finish=stop completion=709 wall=14.2s predicted_per_s=52.93 draft=672/487
[2026-10-02T16:20:32] (324/500) id=162 es finish=stop completion=582 wall=11.0s predicted_per_s=57.47 draft=507/414
[2026-10-02T16:20:40] (325/500) id=163 en finish=stop completion=439 wall=8.1s predicted_per_s=60.12 draft=366/317
[2026-10-02T16:20:51] (326/500) id=163 es finish=stop completion=591 wall=11.3s predicted_per_s=56.40 draft=525/416
[2026-10-02T16:20:57] (327/500) id=164 en finish=stop completion=329 wall=6.4s predicted_per_s=59.06 draft=279/236
[2026-10-02T16:21:05] (328/500) id=164 es finish=stop completion=421 wall=8.0s predicted_per_s=59.06 draft=357/301
[2026-10-02T16:21:18] (329/500) id=165 en finish=stop completion=652 wall=13.1s predicted_per_s=52.94 draft=618/445
[2026-10-02T16:21:32] (330/500) id=165 es finish=stop completion=666 wall=13.5s predicted_per_s=52.58 draft=642/452
[2026-10-02T16:21:38] (331/500) id=166 en finish=stop completion=340 wall=6.5s predicted_per_s=60.32 draft=285/247
[2026-10-02T16:21:45] (332/500) id=166 es finish=stop completion=337 wall=6.6s predicted_per_s=59.07 draft=288/241
[2026-10-02T16:21:50] (333/500) id=167 en finish=stop completion=223 wall=4.7s predicted_per_s=57.39 draft=195/159
[2026-10-02T16:21:56] (334/500) id=167 es finish=stop completion=288 wall=6.0s predicted_per_s=54.61 draft=267/200
[2026-10-02T16:22:03] (335/500) id=168 en finish=stop completion=416 wall=7.3s predicted_per_s=63.32 draft=333/304
[2026-10-02T16:22:11] (336/500) id=168 es finish=stop completion=404 wall=7.7s predicted_per_s=58.18 draft=351/288
[2026-10-02T16:22:15] (337/500) id=169 en finish=stop completion=208 wall=4.4s predicted_per_s=56.52 draft=186/146
[2026-10-02T16:22:20] (338/500) id=169 es finish=stop completion=229 wall=4.8s predicted_per_s=56.39 draft=204/161
[2026-10-02T16:22:25] (339/500) id=170 en finish=stop completion=288 wall=5.4s predicted_per_s=61.29 draft=237/208
[2026-10-02T16:22:31] (340/500) id=170 es finish=stop completion=264 wall=5.4s predicted_per_s=56.35 draft=237/185
[2026-10-02T16:22:36] (341/500) id=171 en finish=stop completion=259 wall=4.9s predicted_per_s=63.37 draft=207/189
[2026-10-02T16:22:41] (342/500) id=171 es finish=stop completion=273 wall=5.1s predicted_per_s=63.52 draft=216/200
[2026-10-02T16:22:45] (343/500) id=172 en finish=stop completion=246 wall=4.8s predicted_per_s=62.14 draft=198/179
[2026-10-02T16:22:51] (344/500) id=172 es finish=stop completion=269 wall=5.1s predicted_per_s=62.21 draft=216/196
[2026-10-02T16:22:58] (345/500) id=173 en finish=stop completion=387 wall=7.0s predicted_per_s=62.23 draft=312/285
[2026-10-02T16:23:06] (346/500) id=173 es finish=stop completion=478 wall=8.8s predicted_per_s=59.68 draft=402/343
[2026-10-02T16:23:13] (347/500) id=174 en finish=stop completion=349 wall=6.3s predicted_per_s=63.33 draft=276/259
[2026-10-02T16:23:20] (348/500) id=174 es finish=stop completion=346 wall=6.9s predicted_per_s=56.63 draft=306/245
[2026-10-02T16:23:25] (349/500) id=175 en finish=stop completion=272 wall=5.3s predicted_per_s=60.44 draft=225/198
[2026-10-02T16:23:34] (350/500) id=175 es finish=stop completion=454 wall=8.8s predicted_per_s=57.13 draft=399/322
[2026-10-02T16:23:41] (351/500) id=176 en finish=stop completion=395 wall=7.3s predicted_per_s=60.42 draft=327/286
[2026-10-02T16:23:51] (352/500) id=176 es finish=stop completion=540 wall=9.8s predicted_per_s=60.50 draft=447/391
[2026-10-02T16:23:55] (353/500) id=177 en finish=stop completion=191 wall=4.0s predicted_per_s=60.11 draft=159/140
[2026-10-02T16:24:05] (354/500) id=177 es finish=stop completion=550 wall=10.3s predicted_per_s=58.12 draft=474/392
[2026-10-02T16:24:18] (355/500) id=178 en finish=stop completion=677 wall=12.3s predicted_per_s=59.05 draft=573/487
[2026-10-02T16:24:27] (356/500) id=178 es finish=stop completion=545 wall=9.9s predicted_per_s=60.54 draft=450/397
[2026-10-02T16:24:33] (357/500) id=179 en finish=stop completion=301 wall=5.8s predicted_per_s=61.09 draft=246/221
[2026-10-02T16:24:41] (358/500) id=179 es finish=stop completion=389 wall=7.3s predicted_per_s=60.06 draft=324/283
[2026-10-02T16:24:45] (359/500) id=180 en finish=stop completion=171 wall=4.4s predicted_per_s=46.92 draft=183/112
[2026-10-02T16:24:48] (360/500) id=180 es finish=stop completion=162 wall=3.5s predicted_per_s=59.67 draft=135/118
[2026-10-02T16:24:55] (361/500) id=181 en finish=stop completion=324 wall=6.2s predicted_per_s=61.39 draft=264/235
[2026-10-02T16:25:00] (362/500) id=181 es finish=stop completion=258 wall=5.3s predicted_per_s=57.33 draft=225/183
[2026-10-02T16:25:16] (363/500) id=182 en finish=stop completion=802 wall=16.1s predicted_per_s=52.25 draft=768/545
[2026-10-02T16:25:38] (364/500) id=182 es finish=stop completion=1139 wall=22.0s predicted_per_s=53.96 draft=1056/786
[2026-10-02T16:26:02] (365/500) id=183 en finish=stop completion=1232 wall=23.9s predicted_per_s=53.31 draft=1155/847
[2026-10-02T16:26:17] (366/500) id=183 es finish=stop completion=817 wall=15.1s predicted_per_s=57.44 draft=711/581
[2026-10-02T16:26:26] (367/500) id=184 en finish=stop completion=472 wall=8.7s predicted_per_s=60.71 draft=387/345
[2026-10-02T16:26:36] (368/500) id=184 es finish=stop completion=576 wall=10.6s predicted_per_s=59.96 draft=477/419
[2026-10-02T16:26:55] (369/500) id=185 en finish=stop completion=1024 wall=18.9s predicted_per_s=56.83 draft=903/722
[2026-10-02T16:27:20] (370/500) id=185 es finish=stop completion=1305 wall=25.2s predicted_per_s=53.44 draft=1221/898
[2026-10-02T16:27:24] (371/500) id=186 en finish=stop completion=167 wall=3.8s predicted_per_s=56.31 draft=147/119
[2026-10-02T16:27:28] (372/500) id=186 es finish=stop completion=193 wall=4.1s predicted_per_s=58.26 draft=165/140
[2026-10-02T16:27:41] (373/500) id=187 en finish=stop completion=664 wall=12.1s predicted_per_s=59.61 draft=555/479
[2026-10-02T16:28:06] (374/500) id=187 es finish=stop completion=1389 wall=25.8s predicted_per_s=55.81 draft=1239/975
[2026-10-02T16:28:27] (375/500) id=188 en finish=stop completion=1029 wall=20.3s predicted_per_s=52.88 draft=972/705
[2026-10-02T16:28:38] (376/500) id=188 es finish=stop completion=567 wall=11.4s predicted_per_s=53.36 draft=531/392
[2026-10-02T16:28:45] (377/500) id=189 en finish=stop completion=325 wall=6.5s predicted_per_s=57.24 draft=285/230
[2026-10-02T16:28:51] (378/500) id=189 es finish=stop completion=329 wall=6.5s predicted_per_s=58.32 draft=282/236
[2026-10-02T16:28:58] (379/500) id=190 en finish=stop completion=382 wall=7.1s predicted_per_s=61.00 draft=312/278
[2026-10-02T16:29:07] (380/500) id=190 es finish=stop completion=485 wall=8.9s predicted_per_s=59.73 draft=405/349
[2026-10-02T16:29:11] (381/500) id=191 en finish=stop completion=170 wall=4.0s predicted_per_s=54.45 draft=156/119
[2026-10-02T16:29:15] (382/500) id=191 es finish=stop completion=164 wall=3.7s predicted_per_s=55.78 draft=147/114
[2026-10-02T16:29:19] (383/500) id=192 en finish=stop completion=184 wall=4.2s predicted_per_s=54.88 draft=168/130
[2026-10-02T16:29:29] (384/500) id=192 es finish=stop completion=502 wall=10.0s predicted_per_s=54.76 draft=459/351
[2026-10-02T16:29:37] (385/500) id=193 en finish=stop completion=398 wall=7.6s predicted_per_s=58.89 draft=339/284
[2026-10-02T16:29:44] (386/500) id=193 es finish=stop completion=398 wall=7.8s predicted_per_s=56.37 draft=354/279
[2026-10-02T16:29:51] (387/500) id=194 en finish=stop completion=364 wall=7.0s predicted_per_s=60.02 draft=303/263
[2026-10-02T16:30:00] (388/500) id=194 es finish=stop completion=409 wall=8.1s predicted_per_s=57.16 draft=357/290
[2026-10-02T16:30:04] (389/500) id=195 en finish=stop completion=195 wall=4.3s predicted_per_s=55.96 draft=174/136
[2026-10-02T16:30:09] (390/500) id=195 es finish=stop completion=249 wall=5.2s predicted_per_s=56.28 draft=222/175
[2026-10-02T16:30:14] (391/500) id=196 en finish=stop completion=226 wall=4.6s predicted_per_s=59.76 draft=189/164
[2026-10-02T16:30:19] (392/500) id=196 es finish=stop completion=282 wall=5.6s predicted_per_s=58.96 draft=240/202
[2026-10-02T16:30:22] (393/500) id=197 en finish=stop completion=150 wall=3.3s predicted_per_s=60.95 draft=123/108
[2026-10-02T16:30:29] (394/500) id=197 es finish=stop completion=316 wall=6.3s predicted_per_s=57.29 draft=276/223
[2026-10-02T16:30:35] (395/500) id=198 en finish=stop completion=303 wall=5.9s predicted_per_s=60.05 draft=252/219
[2026-10-02T16:30:40] (396/500) id=198 es finish=stop completion=279 wall=5.5s predicted_per_s=58.74 draft=237/200
[2026-10-02T16:30:49] (397/500) id=199 en finish=stop completion=456 wall=8.3s predicted_per_s=61.00 draft=375/331
[2026-10-02T16:30:59] (398/500) id=199 es finish=stop completion=539 wall=10.8s predicted_per_s=54.23 draft=498/372
[2026-10-02T16:31:07] (399/500) id=200 en finish=stop completion=415 wall=7.9s predicted_per_s=59.05 draft=351/298
[2026-10-02T16:31:17] (400/500) id=200 es finish=stop completion=491 wall=9.9s predicted_per_s=54.54 draft=450/343
[2026-10-02T16:31:21] (401/500) id=201 en finish=stop completion=190 wall=4.1s predicted_per_s=58.36 draft=162/138
[2026-10-02T16:31:26] (402/500) id=201 es finish=stop completion=202 wall=4.5s predicted_per_s=55.25 draft=183/142
[2026-10-02T16:31:46] (403/500) id=202 en finish=stop completion=1108 wall=20.4s predicted_per_s=56.66 draft=978/782
[2026-10-02T16:32:08] (404/500) id=202 es finish=stop completion=1177 wall=21.8s predicted_per_s=56.22 draft=1044/829
[2026-10-02T16:32:13] (405/500) id=203 en finish=stop completion=251 wall=4.9s predicted_per_s=61.30 draft=204/183
[2026-10-02T16:32:17] (406/500) id=203 es finish=stop completion=202 wall=4.3s predicted_per_s=58.84 draft=171/145
[2026-10-02T16:32:24] (407/500) id=204 en finish=stop completion=372 wall=7.0s predicted_per_s=60.09 draft=309/268
[2026-10-02T16:32:34] (408/500) id=204 es finish=stop completion=514 wall=9.9s predicted_per_s=57.05 draft=450/364
[2026-10-02T16:32:39] (409/500) id=205 en finish=stop completion=291 wall=5.5s predicted_per_s=62.07 draft=234/215
[2026-10-02T16:32:46] (410/500) id=205 es finish=stop completion=314 wall=6.1s predicted_per_s=60.05 draft=261/228
[2026-10-02T16:33:02] (411/500) id=206 en finish=stop completion=861 wall=16.2s predicted_per_s=56.24 draft=768/605
[2026-10-02T16:33:19] (412/500) id=206 es finish=stop completion=891 wall=17.8s predicted_per_s=52.74 draft=849/610
[2026-10-02T16:33:28] (413/500) id=207 en finish=stop completion=407 wall=8.5s predicted_per_s=52.92 draft=387/280
[2026-10-02T16:33:34] (414/500) id=207 es finish=stop completion=288 wall=5.7s predicted_per_s=58.77 draft=246/207
[2026-10-02T16:33:41] (415/500) id=208 en finish=stop completion=415 wall=7.6s predicted_per_s=61.27 draft=339/302
[2026-10-02T16:33:50] (416/500) id=208 es finish=stop completion=471 wall=8.5s predicted_per_s=61.86 draft=381/343
[2026-10-02T16:33:54] (417/500) id=209 en finish=stop completion=209 wall=4.2s predicted_per_s=61.17 draft=171/153
[2026-10-02T16:33:59] (418/500) id=209 es finish=stop completion=247 wall=5.1s predicted_per_s=58.27 draft=213/177
[2026-10-02T16:34:08] (419/500) id=210 en finish=stop completion=486 wall=8.9s predicted_per_s=59.66 draft=408/352
[2026-10-02T16:34:19] (420/500) id=210 es finish=stop completion=595 wall=10.9s predicted_per_s=59.17 draft=504/426
[2026-10-02T16:34:27] (421/500) id=211 en finish=stop completion=436 wall=8.3s predicted_per_s=58.74 draft=372/311
[2026-10-02T16:34:38] (422/500) id=211 es finish=stop completion=528 wall=10.7s predicted_per_s=53.91 draft=492/364
[2026-10-02T16:34:46] (423/500) id=212 en finish=stop completion=433 wall=8.0s predicted_per_s=60.18 draft=360/313
[2026-10-02T16:34:55] (424/500) id=212 es finish=stop completion=509 wall=9.2s predicted_per_s=60.60 draft=420/370
[2026-10-02T16:35:00] (425/500) id=213 en finish=stop completion=271 wall=5.4s predicted_per_s=59.54 draft=228/195
[2026-10-02T16:35:07] (426/500) id=213 es finish=stop completion=341 wall=7.1s predicted_per_s=54.59 draft=312/239
[2026-10-02T16:35:13] (427/500) id=214 en finish=stop completion=304 wall=5.7s predicted_per_s=62.49 draft=243/222
[2026-10-02T16:35:21] (428/500) id=214 es finish=stop completion=384 wall=7.5s predicted_per_s=58.03 draft=330/273
[2026-10-02T16:35:34] (429/500) id=215 en finish=stop completion=728 wall=13.3s predicted_per_s=58.22 draft=627/518
[2026-10-02T16:36:15] (430/500) id=215 es finish=stop completion=2025 wall=40.8s predicted_per_s=50.71 draft=1992/1362
[2026-10-02T16:36:19] (431/500) id=216 en finish=stop completion=219 wall=4.7s predicted_per_s=57.02 draft=192/156
[2026-10-02T16:36:26] (432/500) id=216 es finish=stop completion=323 wall=6.3s predicted_per_s=58.67 draft=276/231
[2026-10-02T16:36:34] (433/500) id=217 en finish=stop completion=428 wall=8.0s predicted_per_s=59.42 draft=360/310
[2026-10-02T16:36:40] (434/500) id=217 es finish=stop completion=321 wall=6.3s predicted_per_s=58.27 draft=276/228
[2026-10-02T16:36:44] (435/500) id=218 en finish=stop completion=159 wall=3.9s predicted_per_s=50.77 draft=156/109
[2026-10-02T16:36:48] (436/500) id=218 es finish=stop completion=179 wall=3.8s predicted_per_s=59.58 draft=150/129
[2026-10-02T16:36:55] (437/500) id=219 en finish=stop completion=411 wall=7.6s predicted_per_s=61.80 draft=333/300
[2026-10-02T16:37:04] (438/500) id=219 es finish=stop completion=444 wall=8.4s predicted_per_s=58.38 draft=381/316
[2026-10-02T16:37:12] (439/500) id=220 en finish=stop completion=442 wall=8.1s predicted_per_s=60.53 draft=366/320
[2026-10-02T16:37:21] (440/500) id=220 es finish=stop completion=481 wall=8.7s predicted_per_s=61.28 draft=393/350
[2026-10-02T16:37:25] (441/500) id=221 en finish=stop completion=235 wall=4.8s predicted_per_s=58.56 draft=201/169
[2026-10-02T16:37:30] (442/500) id=221 es finish=stop completion=220 wall=4.4s predicted_per_s=61.12 draft=180/159
[2026-10-02T16:37:36] (443/500) id=222 en finish=stop completion=324 wall=6.2s predicted_per_s=60.74 draft=267/234
[2026-10-02T16:37:43] (444/500) id=222 es finish=stop completion=345 wall=6.6s predicted_per_s=60.00 draft=288/248
[2026-10-02T16:37:47] (445/500) id=223 en finish=stop completion=218 wall=4.3s predicted_per_s=62.74 draft=174/160
[2026-10-02T16:37:55] (446/500) id=223 es finish=stop completion=401 wall=7.7s predicted_per_s=58.20 draft=345/288
[2026-10-02T16:38:00] (447/500) id=224 en finish=stop completion=263 wall=5.1s predicted_per_s=60.17 draft=219/191
[2026-10-02T16:38:05] (448/500) id=224 es finish=stop completion=250 wall=5.0s predicted_per_s=60.42 draft=207/181
[2026-10-02T16:38:09] (449/500) id=225 en finish=stop completion=215 wall=4.3s predicted_per_s=61.75 draft=174/156
[2026-10-02T16:38:13] (450/500) id=225 es finish=stop completion=202 wall=4.2s predicted_per_s=59.21 draft=171/144
[2026-10-02T16:38:18] (451/500) id=226 en finish=stop completion=233 wall=4.9s predicted_per_s=57.07 draft=204/164
[2026-10-02T16:38:27] (452/500) id=226 es finish=stop completion=447 wall=9.5s predicted_per_s=51.81 draft=432/305
[2026-10-02T16:38:35] (453/500) id=227 en finish=stop completion=388 wall=7.3s predicted_per_s=60.47 draft=321/282
[2026-10-02T16:38:44] (454/500) id=227 es finish=stop completion=472 wall=8.9s predicted_per_s=58.71 draft=402/339
[2026-10-02T16:38:50] (455/500) id=228 en finish=stop completion=353 wall=6.7s predicted_per_s=60.33 draft=294/257
[2026-10-02T16:38:59] (456/500) id=228 es finish=stop completion=428 wall=8.3s predicted_per_s=57.77 draft=372/306
[2026-10-02T16:39:04] (457/500) id=229 en finish=stop completion=274 wall=5.5s predicted_per_s=58.85 draft=234/195
[2026-10-02T16:39:11] (458/500) id=229 es finish=stop completion=295 wall=6.4s predicted_per_s=53.55 draft=276/205
[2026-10-02T16:39:18] (459/500) id=230 en finish=stop completion=394 wall=7.7s predicted_per_s=57.23 draft=345/280
[2026-10-02T16:39:27] (460/500) id=230 es finish=stop completion=442 wall=8.8s predicted_per_s=55.79 draft=396/310
[2026-10-02T16:39:33] (461/500) id=231 en finish=stop completion=325 wall=6.2s predicted_per_s=60.14 draft=270/235
[2026-10-02T16:39:41] (462/500) id=231 es finish=stop completion=393 wall=7.4s predicted_per_s=60.08 draft=327/286
[2026-10-02T16:39:45] (463/500) id=232 en finish=stop completion=232 wall=4.7s predicted_per_s=60.07 draft=192/170
[2026-10-02T16:39:51] (464/500) id=232 es finish=stop completion=312 wall=6.0s predicted_per_s=59.88 draft=261/226
[2026-10-02T16:39:56] (465/500) id=233 en finish=stop completion=252 wall=5.0s predicted_per_s=59.35 draft=213/180
[2026-10-02T16:40:04] (466/500) id=233 es finish=stop completion=415 wall=7.8s predicted_per_s=59.47 draft=351/297
[2026-10-02T16:40:13] (467/500) id=234 en finish=stop completion=468 wall=9.1s predicted_per_s=56.79 draft=414/330
[2026-10-02T16:40:20] (468/500) id=234 es finish=stop completion=361 wall=7.0s predicted_per_s=58.00 draft=312/257
[2026-10-02T16:40:28] (469/500) id=235 en finish=stop completion=389 wall=7.5s predicted_per_s=58.75 draft=330/278
[2026-10-02T16:40:40] (470/500) id=235 es finish=stop completion=608 wall=12.1s predicted_per_s=54.05 draft=564/421
[2026-10-02T16:40:57] (471/500) id=236 en finish=stop completion=890 wall=17.5s predicted_per_s=53.26 draft=837/613
[2026-10-02T16:41:21] (472/500) id=236 es finish=stop completion=1167 wall=23.4s predicted_per_s=51.83 draft=1131/789
[2026-10-02T16:41:30] (473/500) id=237 en finish=stop completion=478 wall=9.2s predicted_per_s=57.14 draft=423/337
[2026-10-02T16:41:51] (474/500) id=237 es finish=stop completion=1143 wall=21.5s predicted_per_s=55.13 draft=1053/792
[2026-10-02T16:41:55] (475/500) id=238 en finish=stop completion=184 wall=3.9s predicted_per_s=58.67 draft=159/131
[2026-10-02T16:42:01] (476/500) id=238 es finish=stop completion=278 wall=5.5s predicted_per_s=58.16 draft=243/199
[2026-10-02T16:42:06] (477/500) id=239 en finish=stop completion=248 wall=4.8s predicted_per_s=61.74 draft=204/182
[2026-10-02T16:42:11] (478/500) id=239 es finish=stop completion=304 wall=5.6s predicted_per_s=61.88 draft=249/220
[2026-10-02T16:42:18] (479/500) id=240 en finish=stop completion=363 wall=6.7s predicted_per_s=61.29 draft=300/264
[2026-10-02T16:42:25] (480/500) id=240 es finish=stop completion=381 wall=7.2s predicted_per_s=59.75 draft=324/273
[2026-10-02T16:42:31] (481/500) id=241 en finish=stop completion=290 wall=5.4s predicted_per_s=62.19 draft=237/211
[2026-10-02T16:42:38] (482/500) id=241 es finish=stop completion=384 wall=7.0s predicted_per_s=61.41 draft=318/277
[2026-10-02T16:42:49] (483/500) id=242 en finish=stop completion=602 wall=11.9s predicted_per_s=54.07 draft=567/412
[2026-10-02T16:43:02] (484/500) id=242 es finish=stop completion=655 wall=12.8s predicted_per_s=54.25 draft=615/451
[2026-10-02T16:43:11] (485/500) id=243 en finish=stop completion=458 wall=8.4s predicted_per_s=59.69 draft=390/327
[2026-10-02T16:43:23] (486/500) id=243 es finish=stop completion=666 wall=12.4s predicted_per_s=57.02 draft=594/469
[2026-10-02T16:43:29] (487/500) id=244 en finish=stop completion=309 wall=5.8s predicted_per_s=61.44 draft=255/226
[2026-10-02T16:43:34] (488/500) id=244 es finish=stop completion=279 wall=5.6s predicted_per_s=57.57 draft=246/197
[2026-10-02T16:43:59] (489/500) id=245 en finish=stop completion=1316 wall=24.2s predicted_per_s=56.12 draft=1191/920
[2026-10-02T16:44:08] (490/500) id=245 es finish=stop completion=492 wall=9.0s predicted_per_s=59.52 draft=420/353
[2026-10-02T16:44:17] (491/500) id=246 en finish=stop completion=494 wall=9.3s predicted_per_s=57.75 draft=435/349
[2026-10-02T16:44:25] (492/500) id=246 es finish=stop completion=421 wall=7.8s predicted_per_s=59.40 draft=360/303
[2026-10-02T16:44:33] (493/500) id=247 en finish=stop completion=454 wall=8.1s predicted_per_s=61.91 draft=372/331
[2026-10-02T16:44:43] (494/500) id=247 es finish=stop completion=526 wall=9.7s predicted_per_s=59.28 draft=450/376
[2026-10-02T16:44:48] (495/500) id=248 en finish=stop completion=305 wall=5.7s predicted_per_s=61.96 draft=249/224
[2026-10-02T16:44:54] (496/500) id=248 es finish=stop completion=302 wall=6.0s predicted_per_s=57.91 draft=264/213
[2026-10-02T16:44:58] (497/500) id=249 en finish=stop completion=196 wall=3.9s predicted_per_s=62.35 draft=159/145
[2026-10-02T16:45:02] (498/500) id=249 es finish=stop completion=191 wall=3.9s predicted_per_s=60.63 draft=159/137
[2026-10-02T16:45:08] (499/500) id=250 en finish=stop completion=336 wall=6.3s predicted_per_s=61.03 draft=279/243
[2026-10-02T16:45:21] (500/500) id=250 es finish=stop completion=707 wall=12.2s predicted_per_s=62.07 draft=579/514
[2026-10-02T16:45:21] run finished: 500/500 succeeded; total in file=500/500
[2026-10-02T16:45:21] lever1: step 2: .venv/bin/python scripts/score_mgsm.py --raw results/mgsm_raw.plain.jsonl --baseline results/mgsm_raw.jsonl --no-tokenize > results/lever1_score.txt
[2026-10-02T16:45:23] lever1: step 3: .venv/bin/python scripts/mgsm_token_split.py --raw results/mgsm_raw.plain.jsonl
mgsm_raw.plain.jsonl -> mgsm_token_split.plain.jsonl: 0 done, 500 to tokenize
100/500 slowest call so far 4.7 ms
200/500 slowest call so far 5.1 ms
300/500 slowest call so far 7.4 ms
400/500 slowest call so far 7.4 ms
500/500 slowest call so far 7.4 ms
done: 500 records; slowest call 7.4 ms
[2026-10-02T16:48:46] lever1: step 4: .venv/bin/python scripts/lever1_decision.py --raw results/mgsm_raw.plain.jsonl --split results/mgsm_token_split.plain.jsonl | tee results/lever1_decision.txt
Lever 1 decision (rule fixed in results/lever1_plan.md)

    criterion                          result                                                     pass
(a) es−en reasoning gap ≤ 57           +82.5 tokens (baseline +114.4)                             FAIL
(b) es: McNemar p > 0.05 and ≥ 236/250 238 → 239/250 (lost 3, gained 4, p = 1)                    PASS
(c) en: not significantly lower        244 → 245/250 (lost 1, gained 2, p = 1)                    PASS
(d) es/en reasoning ratio ≤ 1.25       1.338 (mean es 326.5 / en 244.0; baseline 1.50)            FAIL

VERDICT: FAIL: lever 1 fails on (a, d); no prompt-tuning loops
[2026-10-02T16:48:46] lever1: done
