[2026-09-30T15:42:54] saved server props -> server_props.json
Warning: You are sending unauthenticated requests to the HF Hub. Please set a HF_TOKEN to enable higher rate limits and faster downloads.
[2026-09-30T15:42:57] ids 1..250, langs ['en', 'es', 'zh']; done=0 pending=750 total=750
[2026-09-30T15:43:03] (1/750) id=1 en finish=stop completion=260 wall=6.4s predicted_per_s=56.96 draft=231/183
[2026-09-30T15:43:09] (2/750) id=1 es finish=stop completion=300 wall=6.0s predicted_per_s=54.74 draft=279/207
[2026-09-30T15:43:14] (3/750) id=1 zh finish=stop completion=243 wall=4.7s predicted_per_s=57.18 draft=216/170
[2026-09-30T15:43:17] (4/750) id=2 en finish=stop completion=155 wall=3.2s predicted_per_s=57.01 draft=138/111
[2026-09-30T15:43:22] (5/750) id=2 es finish=stop completion=220 wall=4.5s predicted_per_s=54.78 draft=204/153
[2026-09-30T15:43:25] (6/750) id=2 zh finish=stop completion=181 wall=3.4s predicted_per_s=59.75 draft=153/131
[2026-09-30T15:43:36] (7/750) id=3 en finish=stop completion=652 wall=10.8s predicted_per_s=62.70 draft=525/478
[2026-09-30T15:43:46] (8/750) id=3 es finish=stop completion=582 wall=10.1s predicted_per_s=60.34 draft=486/421
[2026-09-30T15:43:54] (9/750) id=3 zh finish=stop completion=459 wall=8.2s predicted_per_s=59.30 draft=390/330
[2026-09-30T15:43:58] (10/750) id=4 en finish=stop completion=203 wall=4.1s predicted_per_s=55.87 draft=183/142
[2026-09-30T15:44:03] (11/750) id=4 es finish=stop completion=262 wall=4.9s predicted_per_s=57.96 draft=228/185
[2026-09-30T15:44:11] (12/750) id=4 zh finish=stop completion=423 wall=8.0s predicted_per_s=55.63 draft=384/294
[2026-09-30T15:44:19] (13/750) id=5 en finish=stop completion=394 wall=7.5s predicted_per_s=56.17 draft=354/278
[2026-09-30T15:44:27] (14/750) id=5 es finish=stop completion=398 wall=7.7s predicted_per_s=55.81 draft=360/279
[2026-09-30T15:45:01] (15/750) id=5 zh finish=stop completion=1867 wall=34.8s predicted_per_s=54.50 draft=1722/1292
[2026-09-30T15:45:09] (16/750) id=6 en finish=stop completion=392 wall=7.3s predicted_per_s=57.28 draft=345/279
[2026-09-30T15:45:19] (17/750) id=6 es finish=stop completion=540 wall=10.0s predicted_per_s=57.31 draft=474/384
[2026-09-30T15:45:33] (18/750) id=6 zh finish=stop completion=776 wall=13.9s predicted_per_s=57.39 draft=681/549
[2026-09-30T15:45:38] (19/750) id=7 en finish=stop completion=333 wall=5.7s predicted_per_s=63.32 draft=264/247
[2026-09-30T15:45:44] (20/750) id=7 es finish=stop completion=316 wall=5.5s predicted_per_s=61.72 draft=258/231
Warning: You are sending unauthenticated requests to the HF Hub. Please set a HF_TOKEN to enable higher rate limits and faster downloads.
[2026-09-30T15:45:58] ids 1..250, langs ['en', 'es', 'zh']; done=20 pending=730 total=750
[2026-09-30T15:46:47] (1/730) id=7 zh finish=stop completion=255 wall=48.3s predicted_per_s=60.71 draft=213/183
[2026-09-30T15:46:59] (2/730) id=8 en finish=stop completion=435 wall=12.6s predicted_per_s=56.55 draft=390/306
Warning: You are sending unauthenticated requests to the HF Hub. Please set a HF_TOKEN to enable higher rate limits and faster downloads.
[2026-09-30T15:47:14] ids 1..250, langs ['en', 'es', 'zh']; done=22 pending=728 total=750
[2026-09-30T15:47:17] (3/730) id=8 es finish=stop completion=521 wall=18.2s predicted_per_s=54.83 draft=480/361
[2026-09-30T15:48:06] (4/730) id=8 zh finish=stop completion=598 wall=48.1s predicted_per_s=57.13 draft=528/421
[2026-09-30T15:48:47] (5/730) id=9 en finish=stop completion=555 wall=41.3s predicted_per_s=58.25 draft=480/396
[2026-09-30T15:49:27] (6/730) id=9 es finish=stop completion=659 wall=40.2s predicted_per_s=56.09 draft=594/460
[2026-09-30T15:49:39] (7/730) id=9 zh finish=stop completion=660 wall=12.4s predicted_per_s=55.70 draft=597/460
[2026-09-30T15:49:46] (8/730) id=10 en finish=stop completion=347 wall=6.3s predicted_per_s=59.38 draft=294/248
[2026-09-30T15:49:53] (9/730) id=10 es finish=stop completion=360 wall=6.7s predicted_per_s=57.18 draft=318/254
[2026-09-30T15:49:58] (10/730) id=10 zh finish=stop completion=268 wall=5.3s predicted_per_s=54.88 draft=246/186
[2026-09-30T15:50:04] (11/730) id=11 en finish=stop completion=383 wall=6.6s predicted_per_s=62.41 draft=309/279
[2026-09-30T15:50:16] (12/730) id=11 es finish=stop completion=586 wall=11.3s predicted_per_s=54.19 draft=546/406
[2026-09-30T15:50:20] (13/730) id=11 zh finish=stop completion=252 wall=4.6s predicted_per_s=61.07 draft=207/183
[2026-09-30T15:50:24] (14/730) id=12 en finish=stop completion=211 wall=3.8s predicted_per_s=64.20 draft=165/155
[2026-09-30T15:50:31] (15/730) id=12 es finish=stop completion=439 wall=7.3s predicted_per_s=63.64 draft=348/323
[2026-09-30T15:50:36] (16/730) id=12 zh finish=stop completion=238 wall=4.2s predicted_per_s=63.42 draft=189/174
[2026-09-30T15:50:58] (17/730) id=13 en finish=stop completion=1135 wall=22.1s predicted_per_s=52.33 draft=1092/772
[2026-09-30T15:51:30] (18/730) id=13 es finish=stop completion=1582 wall=32.6s predicted_per_s=49.29 draft=1614/1044
[2026-09-30T15:51:51] (19/730) id=13 zh finish=stop completion=1101 wall=20.2s predicted_per_s=56.27 draft=984/774
[2026-09-30T15:52:01] (20/730) id=14 en finish=stop completion=625 wall=10.5s predicted_per_s=62.36 draft=504/457
[2026-09-30T15:52:13] (21/730) id=14 es finish=stop completion=663 wall=12.0s predicted_per_s=57.15 draft=585/469
[2026-09-30T15:52:26] (22/730) id=14 zh finish=stop completion=761 wall=13.1s predicted_per_s=59.97 draft=639/548
[2026-09-30T15:52:32] (23/730) id=15 en finish=stop completion=339 wall=6.1s predicted_per_s=59.98 draft=285/246
[2026-09-30T15:52:39] (24/730) id=15 es finish=stop completion=388 wall=7.1s predicted_per_s=58.24 draft=336/277
[2026-09-30T15:52:45] (25/730) id=15 zh finish=stop completion=314 wall=5.6s predicted_per_s=60.63 draft=261/227
[2026-09-30T15:52:52] (26/730) id=16 en finish=stop completion=390 wall=6.9s predicted_per_s=60.13 draft=327/280
[2026-09-30T15:53:00] (27/730) id=16 es finish=stop completion=436 wall=8.1s predicted_per_s=58.11 draft=378/309
[2026-09-30T15:53:08] (28/730) id=16 zh finish=stop completion=413 wall=7.5s predicted_per_s=58.72 draft=354/297
[2026-09-30T15:53:15] (29/730) id=17 en finish=stop completion=377 wall=7.0s predicted_per_s=57.04 draft=333/267
[2026-09-30T15:53:38] (30/730) id=17 es finish=stop completion=1260 wall=23.4s predicted_per_s=54.94 draft=1155/874
[2026-09-30T15:53:46] (31/730) id=17 zh finish=stop completion=460 wall=8.5s predicted_per_s=57.22 draft=405/324
[2026-09-30T15:53:53] (32/730) id=18 en finish=stop completion=350 wall=6.0s predicted_per_s=63.11 draft=279/258
[2026-09-30T15:54:01] (33/730) id=18 es finish=stop completion=460 wall=8.2s predicted_per_s=59.83 draft=387/332
[2026-09-30T15:54:08] (34/730) id=18 zh finish=stop completion=402 wall=7.2s predicted_per_s=59.61 draft=339/288
[2026-09-30T15:54:12] (35/730) id=19 en finish=stop completion=243 wall=4.4s predicted_per_s=60.82 draft=201/176
[2026-09-30T15:54:18] (36/730) id=19 es finish=stop completion=293 wall=5.3s predicted_per_s=60.63 draft=243/213
[2026-09-30T15:54:23] (37/730) id=19 zh finish=stop completion=315 wall=5.7s predicted_per_s=60.16 draft=264/226
[2026-09-30T15:54:32] (38/730) id=20 en finish=stop completion=511 wall=9.2s predicted_per_s=58.37 draft=441/366
[2026-09-30T15:54:44] (39/730) id=20 es finish=stop completion=658 wall=11.6s predicted_per_s=59.38 draft=558/471
[2026-09-30T15:54:52] (40/730) id=20 zh finish=stop completion=448 wall=8.1s predicted_per_s=58.73 draft=384/321
[2026-09-30T15:55:02] (41/730) id=21 en finish=stop completion=510 wall=9.6s predicted_per_s=55.99 draft=459/358
[2026-09-30T15:55:15] (42/730) id=21 es finish=stop completion=730 wall=13.1s predicted_per_s=58.02 draft=633/519
[2026-09-30T15:55:28] (43/730) id=21 zh finish=stop completion=770 wall=13.5s predicted_per_s=59.25 draft=654/552
[2026-09-30T15:55:34] (44/730) id=22 en finish=stop completion=285 wall=5.4s predicted_per_s=57.69 draft=249/204
[2026-09-30T15:55:40] (45/730) id=22 es finish=stop completion=336 wall=6.7s predicted_per_s=53.73 draft=315/233
[2026-09-30T15:55:47] (46/730) id=22 zh finish=stop completion=361 wall=6.3s predicted_per_s=61.16 draft=297/262
[2026-09-30T15:55:52] (47/730) id=23 en finish=stop completion=269 wall=4.9s predicted_per_s=60.20 draft=225/196
[2026-09-30T15:55:57] (48/730) id=23 es finish=stop completion=285 wall=5.2s predicted_per_s=60.59 draft=237/208
[2026-09-30T15:56:01] (49/730) id=23 zh finish=stop completion=235 wall=4.4s predicted_per_s=59.68 draft=198/169
[2026-09-30T15:56:05] (50/730) id=24 en finish=stop completion=208 wall=4.0s predicted_per_s=59.15 draft=177/149
[2026-09-30T15:56:11] (51/730) id=24 es finish=stop completion=294 wall=5.9s predicted_per_s=54.21 draft=273/205
[2026-09-30T15:56:15] (52/730) id=24 zh finish=stop completion=198 wall=4.0s predicted_per_s=56.38 draft=177/140
[2026-09-30T15:56:20] (53/730) id=25 en finish=stop completion=305 wall=5.6s predicted_per_s=59.52 draft=258/218
[2026-09-30T15:56:28] (54/730) id=25 es finish=stop completion=389 wall=7.4s predicted_per_s=55.88 draft=351/272
[2026-09-30T15:56:33] (55/730) id=25 zh finish=stop completion=269 wall=5.3s predicted_per_s=55.14 draft=246/188
[2026-09-30T15:56:40] (56/730) id=26 en finish=stop completion=362 wall=6.7s predicted_per_s=57.90 draft=315/257
[2026-09-30T15:56:47] (57/730) id=26 es finish=stop completion=373 wall=6.7s predicted_per_s=59.65 draft=315/267
[2026-09-30T15:56:53] (58/730) id=26 zh finish=stop completion=379 wall=6.8s predicted_per_s=59.46 draft=321/273
[2026-09-30T15:57:00] (59/730) id=27 en finish=stop completion=365 wall=6.4s predicted_per_s=61.81 draft=297/265
[2026-09-30T15:57:07] (60/730) id=27 es finish=stop completion=411 wall=7.0s predicted_per_s=62.71 draft=330/301
[2026-09-30T15:57:13] (61/730) id=27 zh finish=stop completion=358 wall=6.2s predicted_per_s=61.96 draft=291/260
[2026-09-30T15:57:18] (62/730) id=28 en finish=stop completion=283 wall=5.1s predicted_per_s=61.56 draft=231/206
[2026-09-30T15:57:25] (63/730) id=28 es finish=stop completion=344 wall=6.4s predicted_per_s=58.35 draft=297/245
[2026-09-30T15:57:30] (64/730) id=28 zh finish=stop completion=297 wall=5.4s predicted_per_s=59.30 draft=252/213
[2026-09-30T15:57:34] (65/730) id=29 en finish=stop completion=225 wall=4.3s predicted_per_s=58.99 draft=192/161
[2026-09-30T15:57:38] (66/730) id=29 es finish=stop completion=201 wall=4.1s predicted_per_s=55.26 draft=183/141
[2026-09-30T15:57:43] (67/730) id=29 zh finish=stop completion=217 wall=4.3s predicted_per_s=56.00 draft=195/153
[2026-09-30T15:57:49] (68/730) id=30 en finish=stop completion=345 wall=6.7s predicted_per_s=55.76 draft=312/240
[2026-09-30T15:57:57] (69/730) id=30 es finish=stop completion=432 wall=8.1s predicted_per_s=56.71 draft=384/306
[2026-09-30T15:58:04] (70/730) id=30 zh finish=stop completion=338 wall=6.3s predicted_per_s=57.91 draft=294/239
[2026-09-30T15:58:10] (71/730) id=31 en finish=stop completion=364 wall=6.4s predicted_per_s=61.04 draft=300/266
[2026-09-30T15:58:17] (72/730) id=31 es finish=stop completion=418 wall=7.3s predicted_per_s=61.01 draft=345/303
[2026-09-30T15:58:24] (73/730) id=31 zh finish=stop completion=354 wall=6.2s predicted_per_s=61.83 draft=288/257
[2026-09-30T15:58:29] (74/730) id=32 en finish=stop completion=329 wall=5.7s predicted_per_s=62.61 draft=264/243
[2026-09-30T15:58:37] (75/730) id=32 es finish=stop completion=427 wall=7.6s predicted_per_s=59.69 draft=360/307
[2026-09-30T15:58:43] (76/730) id=32 zh finish=stop completion=351 wall=6.2s predicted_per_s=61.32 draft=288/255
[2026-09-30T15:58:47] (77/730) id=33 en finish=stop completion=193 wall=3.8s predicted_per_s=57.77 draft=168/137
[2026-09-30T15:58:52] (78/730) id=33 es finish=stop completion=260 wall=5.4s predicted_per_s=52.52 draft=249/177
[2026-09-30T15:58:57] (79/730) id=33 zh finish=stop completion=246 wall=4.7s predicted_per_s=57.39 draft=216/175
[2026-09-30T15:59:04] (80/730) id=34 en finish=stop completion=409 wall=6.9s predicted_per_s=63.47 draft=324/303
[2026-09-30T15:59:12] (81/730) id=34 es finish=stop completion=453 wall=8.0s predicted_per_s=59.83 draft=381/327
[2026-09-30T15:59:18] (82/730) id=34 zh finish=stop completion=374 wall=6.5s predicted_per_s=61.39 draft=306/274
[2026-09-30T15:59:24] (83/730) id=35 en finish=stop completion=287 wall=5.1s predicted_per_s=62.22 draft=231/212
[2026-09-30T15:59:29] (84/730) id=35 es finish=stop completion=285 wall=5.2s predicted_per_s=60.32 draft=237/206
[2026-09-30T15:59:34] (85/730) id=35 zh finish=stop completion=273 wall=5.1s predicted_per_s=58.67 draft=234/195
[2026-09-30T15:59:38] (86/730) id=36 en finish=stop completion=233 wall=4.3s predicted_per_s=61.06 draft=192/171
[2026-09-30T15:59:43] (87/730) id=36 es finish=stop completion=263 wall=4.9s predicted_per_s=59.56 draft=222/191
[2026-09-30T15:59:51] (88/730) id=36 zh finish=stop completion=435 wall=8.0s predicted_per_s=57.52 draft=381/309
[2026-09-30T15:59:55] (89/730) id=37 en finish=stop completion=227 wall=4.2s predicted_per_s=61.32 draft=186/165
[2026-09-30T16:00:01] (90/730) id=37 es finish=stop completion=316 wall=5.9s predicted_per_s=58.25 draft=273/225
[2026-09-30T16:00:06] (91/730) id=37 zh finish=stop completion=257 wall=4.8s predicted_per_s=58.26 draft=222/183
[2026-09-30T16:00:17] (92/730) id=38 en finish=stop completion=577 wall=10.8s predicted_per_s=55.90 draft=519/404
[2026-09-30T16:00:29] (93/730) id=38 es finish=stop completion=659 wall=12.2s predicted_per_s=56.29 draft=588/465
[2026-09-30T16:00:44] (94/730) id=38 zh finish=stop completion=853 wall=15.6s predicted_per_s=56.31 draft=762/599
[2026-09-30T16:00:50] (95/730) id=39 en finish=stop completion=310 wall=5.9s predicted_per_s=57.74 draft=270/222
[2026-09-30T16:01:27] (96/730) id=39 es finish=stop completion=2056 wall=37.1s predicted_per_s=56.08 draft=1839/1443
[2026-09-30T16:01:34] (97/730) id=39 zh finish=stop completion=351 wall=6.3s predicted_per_s=60.06 draft=294/255
[2026-09-30T16:01:43] (98/730) id=40 en finish=stop completion=514 wall=9.2s predicted_per_s=59.09 draft=438/368
[2026-09-30T16:01:55] (99/730) id=40 es finish=stop completion=651 wall=11.9s predicted_per_s=56.96 draft=576/461
[2026-09-30T16:02:03] (100/730) id=40 zh finish=stop completion=483 wall=8.2s predicted_per_s=62.36 draft=390/354
[2026-09-30T16:02:08] (101/730) id=41 en finish=stop completion=299 wall=5.5s predicted_per_s=59.64 draft=252/217
[2026-09-30T16:02:14] (102/730) id=41 es finish=stop completion=338 wall=5.9s predicted_per_s=61.68 draft=276/248
[2026-09-30T16:02:23] (103/730) id=41 zh finish=stop completion=498 wall=9.0s predicted_per_s=58.16 draft=432/355
[2026-09-30T16:02:31] (104/730) id=42 en finish=stop completion=453 wall=8.0s predicted_per_s=60.36 draft=378/329
[2026-09-30T16:02:44] (105/730) id=42 es finish=stop completion=661 wall=13.0s predicted_per_s=53.28 draft=624/452
[2026-09-30T16:02:56] (106/730) id=42 zh finish=stop completion=601 wall=11.8s predicted_per_s=52.93 draft=573/412
[2026-09-30T16:03:00] (107/730) id=43 en finish=stop completion=182 wall=3.5s predicted_per_s=59.93 draft=153/132
[2026-09-30T16:03:06] (108/730) id=43 es finish=stop completion=308 wall=6.1s predicted_per_s=55.12 draft=282/215
[2026-09-30T16:03:27] (109/730) id=43 zh finish=stop completion=1107 wall=21.5s predicted_per_s=52.65 draft=1059/755
[2026-09-30T16:03:34] (110/730) id=44 en finish=stop completion=393 wall=6.9s predicted_per_s=60.69 draft=327/286
[2026-09-30T16:03:42] (111/730) id=44 es finish=stop completion=396 wall=7.3s predicted_per_s=57.73 draft=345/282
[2026-09-30T16:03:51] (112/730) id=44 zh finish=stop completion=523 wall=9.7s predicted_per_s=56.57 draft=465/368
[2026-09-30T16:04:00] (113/730) id=45 en finish=stop completion=488 wall=8.4s predicted_per_s=61.48 draft=399/355
[2026-09-30T16:04:09] (114/730) id=45 es finish=stop completion=522 wall=9.4s predicted_per_s=58.74 draft=447/373
[2026-09-30T16:04:18] (115/730) id=45 zh finish=stop completion=483 wall=8.5s predicted_per_s=60.04 draft=405/349
[2026-09-30T16:04:39] (116/730) id=46 en finish=stop completion=1119 wall=21.2s predicted_per_s=54.02 draft=1044/770
[2026-09-30T16:04:58] (117/730) id=46 es finish=stop completion=1046 wall=19.6s predicted_per_s=54.89 draft=960/725
[2026-09-30T16:05:14] (118/730) id=46 zh finish=stop completion=842 wall=15.9s predicted_per_s=54.74 draft=774/583
[2026-09-30T16:05:22] (119/730) id=47 en finish=stop completion=408 wall=7.8s predicted_per_s=56.14 draft=366/287
[2026-09-30T16:05:30] (120/730) id=47 es finish=stop completion=404 wall=7.6s predicted_per_s=56.94 draft=357/285
[2026-09-30T16:05:37] (121/730) id=47 zh finish=stop completion=394 wall=7.3s predicted_per_s=57.35 draft=345/278
[2026-09-30T16:05:45] (122/730) id=48 en finish=stop completion=479 wall=8.3s predicted_per_s=60.88 draft=396/346
[2026-09-30T16:05:55] (123/730) id=48 es finish=stop completion=548 wall=9.7s predicted_per_s=59.32 draft=465/392
[2026-09-30T16:06:03] (124/730) id=48 zh finish=stop completion=476 wall=8.3s predicted_per_s=60.95 draft=393/345
[2026-09-30T16:06:08] (125/730) id=49 en finish=stop completion=263 wall=4.9s predicted_per_s=59.52 draft=222/191
[2026-09-30T16:06:13] (126/730) id=49 es finish=stop completion=251 wall=4.9s predicted_per_s=56.92 draft=222/177
[2026-09-30T16:06:18] (127/730) id=49 zh finish=stop completion=229 wall=4.7s predicted_per_s=53.99 draft=213/159
[2026-09-30T16:06:23] (128/730) id=50 en finish=stop completion=267 wall=4.9s predicted_per_s=60.53 draft=222/193
[2026-09-30T16:06:30] (129/730) id=50 es finish=stop completion=404 wall=7.0s predicted_per_s=62.11 draft=327/295
[2026-09-30T16:06:35] (130/730) id=50 zh finish=stop completion=272 wall=5.0s predicted_per_s=60.06 draft=228/196
[2026-09-30T16:06:40] (131/730) id=51 en finish=stop completion=296 wall=5.4s predicted_per_s=59.75 draft=249/212
[2026-09-30T16:06:46] (132/730) id=51 es finish=stop completion=310 wall=5.9s predicted_per_s=57.23 draft=273/218
[2026-09-30T16:06:52] (133/730) id=51 zh finish=stop completion=324 wall=6.2s predicted_per_s=56.70 draft=288/230
[2026-09-30T16:06:57] (134/730) id=52 en finish=stop completion=248 wall=4.9s predicted_per_s=56.21 draft=222/175
[2026-09-30T16:07:03] (135/730) id=52 es finish=stop completion=328 wall=6.1s predicted_per_s=58.55 draft=282/236
[2026-09-30T16:07:08] (136/730) id=52 zh finish=stop completion=251 wall=4.7s predicted_per_s=58.53 draft=216/178
[2026-09-30T16:07:14] (137/730) id=53 en finish=stop completion=346 wall=6.2s predicted_per_s=60.50 draft=288/252
[2026-09-30T16:07:21] (138/730) id=53 es finish=stop completion=393 wall=7.2s predicted_per_s=58.25 draft=339/280
[2026-09-30T16:07:26] (139/730) id=53 zh finish=stop completion=277 wall=5.3s predicted_per_s=57.29 draft=243/197
[2026-09-30T16:07:32] (140/730) id=54 en finish=stop completion=325 wall=5.7s predicted_per_s=62.08 draft=264/237
[2026-09-30T16:07:40] (141/730) id=54 es finish=stop completion=447 wall=8.2s predicted_per_s=58.28 draft=387/320
[2026-09-30T16:07:47] (142/730) id=54 zh finish=stop completion=358 wall=6.2s predicted_per_s=62.10 draft=291/261
[2026-09-30T16:07:54] (143/730) id=55 en finish=stop completion=431 wall=8.0s predicted_per_s=57.47 draft=378/307
[2026-09-30T16:08:02] (144/730) id=55 es finish=stop completion=402 wall=7.4s predicted_per_s=58.65 draft=345/287
[2026-09-30T16:08:10] (145/730) id=55 zh finish=stop completion=436 wall=8.4s predicted_per_s=54.94 draft=399/303
[2026-09-30T16:08:14] (146/730) id=56 en finish=stop completion=197 wall=3.5s predicted_per_s=64.63 draft=153/146
[2026-09-30T16:08:17] (147/730) id=56 es finish=stop completion=189 wall=3.5s predicted_per_s=61.98 draft=153/138
[2026-09-30T16:08:20] (148/730) id=56 zh finish=stop completion=168 wall=3.2s predicted_per_s=61.28 draft=138/124
[2026-09-30T16:08:24] (149/730) id=57 en finish=stop completion=173 wall=3.4s predicted_per_s=59.22 draft=147/123
[2026-09-30T16:08:28] (150/730) id=57 es finish=stop completion=218 wall=4.1s predicted_per_s=59.01 draft=186/155
[2026-09-30T16:08:32] (151/730) id=57 zh finish=stop completion=169 wall=3.8s predicted_per_s=49.84 draft=171/113
[2026-09-30T16:08:39] (152/730) id=58 en finish=stop completion=390 wall=7.3s predicted_per_s=57.51 draft=342/275
[2026-09-30T16:08:48] (153/730) id=58 es finish=stop completion=483 wall=8.9s predicted_per_s=57.66 draft=423/342
[2026-09-30T16:08:54] (154/730) id=58 zh finish=stop completion=345 wall=6.5s predicted_per_s=56.97 draft=306/243
[2026-09-30T16:09:00] (155/730) id=59 en finish=stop completion=333 wall=6.0s predicted_per_s=60.21 draft=279/239
[2026-09-30T16:09:11] (156/730) id=59 es finish=stop completion=559 wall=10.1s predicted_per_s=58.22 draft=483/398
[2026-09-30T16:09:28] (157/730) id=59 zh finish=stop completion=956 wall=17.2s predicted_per_s=57.24 draft=840/676
[2026-09-30T16:09:31] (158/730) id=60 en finish=stop completion=144 wall=3.0s predicted_per_s=57.43 draft=126/104
[2026-09-30T16:09:36] (159/730) id=60 es finish=stop completion=287 wall=5.5s predicted_per_s=56.21 draft=258/201
[2026-09-30T16:09:40] (160/730) id=60 zh finish=stop completion=203 wall=3.9s predicted_per_s=58.88 draft=174/144
[2026-09-30T16:09:46] (161/730) id=61 en finish=stop completion=305 wall=5.4s predicted_per_s=61.01 draft=252/221
[2026-09-30T16:09:55] (162/730) id=61 es finish=stop completion=482 wall=9.2s predicted_per_s=55.41 draft=438/337
[2026-09-30T16:10:03] (163/730) id=61 zh finish=stop completion=421 wall=7.9s predicted_per_s=57.02 draft=372/297
[2026-09-30T16:10:10] (164/730) id=62 en finish=stop completion=426 wall=7.8s predicted_per_s=58.20 draft=369/305
[2026-09-30T16:10:16] (165/730) id=62 es finish=stop completion=326 wall=5.9s predicted_per_s=59.48 draft=276/236
[2026-09-30T16:10:22] (166/730) id=62 zh finish=stop completion=280 wall=5.3s predicted_per_s=57.24 draft=246/197
[2026-09-30T16:10:38] (167/730) id=63 en finish=stop completion=893 wall=15.8s predicted_per_s=58.08 draft=774/636
[2026-09-30T16:10:59] (168/730) id=63 es finish=stop completion=1160 wall=21.8s predicted_per_s=54.56 draft=1071/802
[2026-09-30T16:11:18] (169/730) id=63 zh finish=stop completion=1034 wall=18.8s predicted_per_s=56.41 draft=924/728
[2026-09-30T16:11:28] (170/730) id=64 en finish=stop completion=537 wall=9.4s predicted_per_s=60.02 draft=450/386
[2026-09-30T16:11:37] (171/730) id=64 es finish=stop completion=489 wall=9.6s predicted_per_s=53.73 draft=459/337
[2026-09-30T16:11:44] (172/730) id=64 zh finish=stop completion=367 wall=7.1s predicted_per_s=55.16 draft=336/254
[2026-09-30T16:11:49] (173/730) id=65 en finish=stop completion=240 wall=4.6s predicted_per_s=58.22 draft=207/170
[2026-09-30T16:11:56] (174/730) id=65 es finish=stop completion=376 wall=7.5s predicted_per_s=54.13 draft=348/259
[2026-09-30T16:12:02] (175/730) id=65 zh finish=stop completion=324 wall=6.2s predicted_per_s=56.87 draft=285/230
[2026-09-30T16:12:07] (176/730) id=66 en finish=stop completion=240 wall=4.8s predicted_per_s=55.01 draft=219/169
[2026-09-30T16:12:15] (177/730) id=66 es finish=stop completion=406 wall=7.7s predicted_per_s=55.85 draft=366/284
[2026-09-30T16:12:19] (178/730) id=66 zh finish=stop completion=225 wall=4.4s predicted_per_s=56.43 draft=201/158
[2026-09-30T16:12:26] (179/730) id=67 en finish=stop completion=362 wall=6.5s predicted_per_s=59.57 draft=306/259
[2026-09-30T16:12:34] (180/730) id=67 es finish=stop completion=481 wall=8.4s predicted_per_s=60.62 draft=399/347
[2026-09-30T16:12:41] (181/730) id=67 zh finish=stop completion=366 wall=6.8s predicted_per_s=57.50 draft=321/261
[2026-09-30T16:12:47] (182/730) id=68 en finish=stop completion=321 wall=5.5s predicted_per_s=63.30 draft=255/235
[2026-09-30T16:12:53] (183/730) id=68 es finish=stop completion=367 wall=6.4s predicted_per_s=62.15 draft=297/268
[2026-09-30T16:13:03] (184/730) id=68 zh finish=stop completion=523 wall=9.9s predicted_per_s=55.27 draft=477/364
[2026-09-30T16:13:08] (185/730) id=69 en finish=stop completion=293 wall=5.2s predicted_per_s=61.94 draft=237/215
[2026-09-30T16:13:14] (186/730) id=69 es finish=stop completion=332 wall=5.9s predicted_per_s=61.40 draft=270/242
[2026-09-30T16:13:19] (187/730) id=69 zh finish=stop completion=266 wall=4.8s predicted_per_s=61.13 draft=219/194
[2026-09-30T16:13:23] (188/730) id=70 en finish=stop completion=193 wall=3.7s predicted_per_s=58.88 draft=165/138
[2026-09-30T16:13:29] (189/730) id=70 es finish=stop completion=354 wall=6.6s predicted_per_s=57.48 draft=309/251
[2026-09-30T16:13:35] (190/730) id=70 zh finish=stop completion=269 wall=5.4s predicted_per_s=54.42 draft=249/185
[2026-09-30T16:13:44] (191/730) id=71 en finish=stop completion=509 wall=9.2s predicted_per_s=58.01 draft=441/364
[2026-09-30T16:14:14] (192/730) id=71 es finish=stop completion=1579 wall=30.3s predicted_per_s=53.01 draft=1494/1081
[2026-09-30T16:14:29] (193/730) id=71 zh finish=stop completion=781 wall=14.7s predicted_per_s=54.85 draft=717/544
[2026-09-30T16:14:32] (194/730) id=72 en finish=stop completion=160 wall=3.2s predicted_per_s=58.33 draft=138/114
[2026-09-30T16:14:36] (195/730) id=72 es finish=stop completion=210 wall=4.0s predicted_per_s=58.72 draft=180/150
[2026-09-30T16:14:40] (196/730) id=72 zh finish=stop completion=188 wall=3.8s predicted_per_s=56.32 draft=168/132
[2026-09-30T16:14:45] (197/730) id=73 en finish=stop completion=258 wall=4.8s predicted_per_s=59.38 draft=219/187
[2026-09-30T16:14:50] (198/730) id=73 es finish=stop completion=278 wall=5.5s predicted_per_s=55.56 draft=252/193
[2026-09-30T16:14:54] (199/730) id=73 zh finish=stop completion=219 wall=4.4s predicted_per_s=55.67 draft=198/152
[2026-09-30T16:15:01] (200/730) id=74 en finish=stop completion=384 wall=6.8s predicted_per_s=60.77 draft=318/277
[2026-09-30T16:15:09] (201/730) id=74 es finish=stop completion=406 wall=7.6s predicted_per_s=56.80 draft=360/285
[2026-09-30T16:15:25] (202/730) id=74 zh finish=stop completion=931 wall=16.7s predicted_per_s=57.45 draft=816/658
[2026-09-30T16:15:34] (203/730) id=75 en finish=stop completion=504 wall=8.7s predicted_per_s=61.65 draft=411/367
[2026-09-30T16:15:42] (204/730) id=75 es finish=stop completion=440 wall=7.9s predicted_per_s=59.99 draft=369/317
[2026-09-30T16:15:50] (205/730) id=75 zh finish=stop completion=443 wall=7.6s predicted_per_s=62.33 draft=357/323
[2026-09-30T16:16:03] (206/730) id=76 en finish=stop completion=739 wall=13.2s predicted_per_s=58.24 draft=639/528
[2026-09-30T16:16:14] (207/730) id=76 es finish=stop completion=618 wall=11.2s predicted_per_s=57.59 draft=540/439
[2026-09-30T16:16:24] (208/730) id=76 zh finish=stop completion=559 wall=10.1s predicted_per_s=57.66 draft=489/396
[2026-09-30T16:16:32] (209/730) id=77 en finish=stop completion=406 wall=7.5s predicted_per_s=57.38 draft=357/287
[2026-09-30T16:16:41] (210/730) id=77 es finish=stop completion=523 wall=9.7s predicted_per_s=57.23 draft=459/372
[2026-09-30T16:16:49] (211/730) id=77 zh finish=stop completion=396 wall=7.3s predicted_per_s=58.36 draft=342/283
[2026-09-30T16:16:55] (212/730) id=78 en finish=stop completion=368 wall=6.4s predicted_per_s=62.38 draft=297/270
[2026-09-30T16:17:03] (213/730) id=78 es finish=stop completion=466 wall=8.0s predicted_per_s=62.15 draft=378/340
[2026-09-30T16:17:09] (214/730) id=78 zh finish=stop completion=366 wall=6.3s predicted_per_s=62.20 draft=297/266
[2026-09-30T16:17:17] (215/730) id=79 en finish=stop completion=438 wall=7.8s predicted_per_s=59.33 draft=372/314
[2026-09-30T16:17:37] (216/730) id=79 es finish=stop completion=1101 wall=20.0s predicted_per_s=56.44 draft=981/775
[2026-09-30T16:17:47] (217/730) id=79 zh finish=stop completion=563 wall=10.3s predicted_per_s=57.56 draft=492/400
[2026-09-30T16:17:52] (218/730) id=80 en finish=stop completion=215 wall=4.1s predicted_per_s=59.07 draft=183/154
[2026-09-30T16:17:57] (219/730) id=80 es finish=stop completion=274 wall=5.3s predicted_per_s=56.12 draft=246/194
[2026-09-30T16:18:01] (220/730) id=80 zh finish=stop completion=210 wall=4.5s predicted_per_s=51.83 draft=204/143
[2026-09-30T16:18:06] (221/730) id=81 en finish=stop completion=230 wall=4.7s predicted_per_s=54.37 draft=213/160
[2026-09-30T16:18:11] (222/730) id=81 es finish=stop completion=273 wall=5.1s predicted_per_s=57.91 draft=237/194
[2026-09-30T16:18:15] (223/730) id=81 zh finish=stop completion=217 wall=4.1s predicted_per_s=58.67 draft=186/155
[2026-09-30T16:18:21] (224/730) id=82 en finish=stop completion=291 wall=5.4s predicted_per_s=59.27 draft=246/209
[2026-09-30T16:18:26] (225/730) id=82 es finish=stop completion=319 wall=5.8s predicted_per_s=60.56 draft=264/232
[2026-09-30T16:18:31] (226/730) id=82 zh finish=stop completion=277 wall=5.0s predicted_per_s=61.07 draft=228/202
[2026-09-30T16:18:35] (227/730) id=83 en finish=stop completion=198 wall=3.8s predicted_per_s=58.29 draft=171/143
[2026-09-30T16:18:40] (228/730) id=83 es finish=stop completion=241 wall=4.3s predicted_per_s=62.10 draft=195/175
[2026-09-30T16:18:44] (229/730) id=83 zh finish=stop completion=225 wall=4.1s predicted_per_s=60.85 draft=186/162
[2026-09-30T16:18:48] (230/730) id=84 en finish=stop completion=228 wall=4.1s predicted_per_s=61.69 draft=186/168
[2026-09-30T16:18:53] (231/730) id=84 es finish=stop completion=283 wall=5.2s predicted_per_s=59.31 draft=240/205
[2026-09-30T16:18:58] (232/730) id=84 zh finish=stop completion=255 wall=4.7s predicted_per_s=59.48 draft=216/182
[2026-09-30T16:19:04] (233/730) id=85 en finish=stop completion=322 wall=5.7s predicted_per_s=60.68 draft=267/235
[2026-09-30T16:19:11] (234/730) id=85 es finish=stop completion=420 wall=7.7s predicted_per_s=57.47 draft=369/298
[2026-09-30T16:19:20] (235/730) id=85 zh finish=stop completion=462 wall=9.2s predicted_per_s=52.86 draft=441/316
[2026-09-30T16:19:31] (236/730) id=86 en finish=stop completion=579 wall=10.6s predicted_per_s=57.13 draft=510/410
[2026-09-30T16:19:43] (237/730) id=86 es finish=stop completion=638 wall=11.7s predicted_per_s=56.84 draft=564/450
[2026-09-30T16:20:22] (238/730) id=86 zh finish=stop completion=2117 wall=39.6s predicted_per_s=54.14 draft=1968/1461
[2026-09-30T16:20:29] (239/730) id=87 en finish=stop completion=366 wall=6.9s predicted_per_s=57.46 draft=321/261
[2026-09-30T16:20:41] (240/730) id=87 es finish=stop completion=636 wall=12.1s predicted_per_s=54.59 draft=588/441
[2026-09-30T16:20:51] (241/730) id=87 zh finish=stop completion=487 wall=9.7s predicted_per_s=52.59 draft=468/331
[2026-09-30T16:21:06] (242/730) id=88 en finish=stop completion=827 wall=15.3s predicted_per_s=55.73 draft=750/579
[2026-09-30T16:22:07] (243/730) id=88 es finish=stop completion=3213 wall=61.0s predicted_per_s=53.12 draft=3039/2202
[2026-09-30T16:22:28] (244/730) id=88 zh finish=stop completion=1098 wall=21.0s predicted_per_s=53.66 draft=1032/756
[2026-09-30T16:22:35] (245/730) id=89 en finish=stop completion=394 wall=6.7s predicted_per_s=63.03 draft=315/291
[2026-09-30T16:22:43] (246/730) id=89 es finish=stop completion=471 wall=8.0s predicted_per_s=62.33 draft=381/345
[2026-09-30T16:22:49] (247/730) id=89 zh finish=stop completion=343 wall=6.1s predicted_per_s=60.79 draft=285/250
[2026-09-30T16:22:55] (248/730) id=90 en finish=stop completion=321 wall=5.9s predicted_per_s=58.67 draft=276/230
[2026-09-30T16:23:07] (249/730) id=90 es finish=stop completion=623 wall=12.0s predicted_per_s=54.02 draft=582/429
[2026-09-30T16:23:17] (250/730) id=90 zh finish=stop completion=531 wall=9.8s predicted_per_s=56.92 draft=471/374
[2026-09-30T16:23:23] (251/730) id=91 en finish=stop completion=308 wall=5.6s predicted_per_s=60.17 draft=258/223
[2026-09-30T16:23:29] (252/730) id=91 es finish=stop completion=359 wall=6.7s predicted_per_s=58.12 draft=312/255
[2026-09-30T16:23:34] (253/730) id=91 zh finish=stop completion=271 wall=4.9s predicted_per_s=60.70 draft=225/195
[2026-09-30T16:23:39] (254/730) id=92 en finish=stop completion=276 wall=4.9s predicted_per_s=61.94 draft=225/202
[2026-09-30T16:23:48] (255/730) id=92 es finish=stop completion=491 wall=9.2s predicted_per_s=55.92 draft=444/342
[2026-09-30T16:23:53] (256/730) id=92 zh finish=stop completion=276 wall=5.0s predicted_per_s=61.02 draft=228/201
[2026-09-30T16:24:00] (257/730) id=93 en finish=stop completion=389 wall=6.9s predicted_per_s=60.65 draft=324/280
[2026-09-30T16:24:06] (258/730) id=93 es finish=stop completion=353 wall=6.4s predicted_per_s=59.93 draft=297/255
[2026-09-30T16:24:12] (259/730) id=93 zh finish=stop completion=320 wall=5.6s predicted_per_s=62.65 draft=258/235
[2026-09-30T16:24:39] (260/730) id=94 en finish=stop completion=1463 wall=27.4s predicted_per_s=54.30 draft=1359/1011
[2026-09-30T16:25:14] (261/730) id=94 es finish=stop completion=1860 wall=34.6s predicted_per_s=54.47 draft=1719/1288
[2026-09-30T16:25:38] (262/730) id=94 zh finish=stop completion=1308 wall=23.6s predicted_per_s=56.82 draft=1161/923
[2026-09-30T16:25:44] (263/730) id=95 en finish=stop completion=405 wall=6.7s predicted_per_s=65.47 draft=312/301
[2026-09-30T16:25:53] (264/730) id=95 es finish=stop completion=544 wall=9.1s predicted_per_s=62.66 draft=438/398
[2026-09-30T16:26:02] (265/730) id=95 zh finish=stop completion=478 wall=8.4s predicted_per_s=60.04 draft=402/343
[2026-09-30T16:26:08] (266/730) id=96 en finish=stop completion=354 wall=6.3s predicted_per_s=60.69 draft=294/257
[2026-09-30T16:26:15] (267/730) id=96 es finish=stop completion=394 wall=7.1s predicted_per_s=59.64 draft=333/284
[2026-09-30T16:26:20] (268/730) id=96 zh finish=stop completion=249 wall=4.4s predicted_per_s=62.48 draft=201/183
[2026-09-30T16:26:23] (269/730) id=97 en finish=stop completion=158 wall=3.2s predicted_per_s=57.63 draft=138/113
[2026-09-30T16:26:28] (270/730) id=97 es finish=stop completion=246 wall=4.8s predicted_per_s=57.27 draft=216/176
[2026-09-30T16:26:31] (271/730) id=97 zh finish=stop completion=156 wall=3.2s predicted_per_s=57.02 draft=138/111
[2026-09-30T16:26:38] (272/730) id=98 en finish=stop completion=417 wall=7.6s predicted_per_s=58.09 draft=363/295
[2026-09-30T16:26:47] (273/730) id=98 es finish=stop completion=472 wall=8.4s predicted_per_s=59.13 draft=402/339
[2026-09-30T16:26:53] (274/730) id=98 zh finish=stop completion=286 wall=5.7s predicted_per_s=54.19 draft=267/198
[2026-09-30T16:27:00] (275/730) id=99 en finish=stop completion=391 wall=7.4s predicted_per_s=56.30 draft=351/275
[2026-09-30T16:27:11] (276/730) id=99 es finish=stop completion=597 wall=11.1s predicted_per_s=56.33 draft=534/419
[2026-09-30T16:27:26] (277/730) id=99 zh finish=stop completion=790 wall=15.1s predicted_per_s=54.05 draft=738/545
[2026-09-30T16:27:33] (278/730) id=100 en finish=stop completion=390 wall=7.0s predicted_per_s=59.85 draft=330/282
[2026-09-30T16:27:42] (279/730) id=100 es finish=stop completion=460 wall=8.9s predicted_per_s=54.72 draft=426/320
[2026-09-30T16:27:51] (280/730) id=100 zh finish=stop completion=480 wall=8.5s predicted_per_s=59.58 draft=408/344
[2026-09-30T16:27:59] (281/730) id=101 en finish=stop completion=498 wall=8.7s predicted_per_s=60.88 draft=414/362
[2026-09-30T16:28:08] (282/730) id=101 es finish=stop completion=467 wall=8.7s predicted_per_s=56.71 draft=414/331
[2026-09-30T16:28:25] (283/730) id=101 zh finish=stop completion=966 wall=17.4s predicted_per_s=57.02 draft=855/681
[2026-09-30T16:28:30] (284/730) id=102 en finish=stop completion=277 wall=4.8s predicted_per_s=63.89 draft=219/205
[2026-09-30T16:28:35] (285/730) id=102 es finish=stop completion=289 wall=5.2s predicted_per_s=60.91 draft=240/209
[2026-09-30T16:28:41] (286/730) id=102 zh finish=stop completion=289 wall=5.2s predicted_per_s=60.88 draft=240/210
[2026-09-30T16:28:48] (287/730) id=103 en finish=stop completion=403 wall=7.4s predicted_per_s=58.16 draft=351/286
[2026-09-30T16:29:00] (288/730) id=103 es finish=stop completion=628 wall=11.7s predicted_per_s=56.03 draft=567/438
[2026-09-30T16:29:12] (289/730) id=103 zh finish=stop completion=640 wall=12.4s predicted_per_s=53.76 draft=603/440
[2026-09-30T16:29:19] (290/730) id=104 en finish=stop completion=383 wall=6.9s predicted_per_s=59.05 draft=327/273
[2026-09-30T16:29:27] (291/730) id=104 es finish=stop completion=436 wall=7.8s predicted_per_s=59.63 draft=369/312
[2026-09-30T16:29:30] (292/730) id=104 zh finish=stop completion=174 wall=3.5s predicted_per_s=57.21 draft=153/122
[2026-09-30T16:29:35] (293/730) id=105 en finish=stop completion=275 wall=5.0s predicted_per_s=60.81 draft=228/200
[2026-09-30T16:29:42] (294/730) id=105 es finish=stop completion=375 wall=7.0s predicted_per_s=57.77 draft=327/266
[2026-09-30T16:29:48] (295/730) id=105 zh finish=stop completion=298 wall=5.8s predicted_per_s=55.75 draft=270/207
[2026-09-30T16:29:52] (296/730) id=106 en finish=stop completion=202 wall=3.8s predicted_per_s=59.45 draft=171/147
[2026-09-30T16:29:59] (297/730) id=106 es finish=stop completion=360 wall=7.1s predicted_per_s=54.10 draft=336/248
[2026-09-30T16:30:03] (298/730) id=106 zh finish=stop completion=175 wall=3.6s predicted_per_s=54.54 draft=162/121
[2026-09-30T16:30:11] (299/730) id=107 en finish=stop completion=428 wall=8.0s predicted_per_s=56.49 draft=381/303
[2026-09-30T16:30:21] (300/730) id=107 es finish=stop completion=505 wall=10.3s predicted_per_s=51.12 draft=498/338
[2026-09-30T16:30:30] (301/730) id=107 zh finish=stop completion=475 wall=8.9s predicted_per_s=56.26 draft=426/334
[2026-09-30T16:30:41] (302/730) id=108 en finish=stop completion=593 wall=11.0s predicted_per_s=56.71 draft=528/416
[2026-09-30T16:30:52] (303/730) id=108 es finish=stop completion=612 wall=11.1s predicted_per_s=58.25 draft=531/434
[2026-09-30T16:31:03] (304/730) id=108 zh finish=stop completion=609 wall=10.9s predicted_per_s=58.91 draft=522/437
[2026-09-30T16:31:10] (305/730) id=109 en finish=stop completion=421 wall=7.6s predicted_per_s=59.07 draft=360/300
[2026-09-30T16:31:20] (306/730) id=109 es finish=stop completion=533 wall=9.7s predicted_per_s=58.16 draft=462/380
[2026-09-30T16:31:29] (307/730) id=109 zh finish=stop completion=503 wall=8.9s predicted_per_s=59.73 draft=423/363
[2026-09-30T16:31:34] (308/730) id=110 en finish=stop completion=253 wall=4.7s predicted_per_s=60.94 draft=207/184
[2026-09-30T16:31:39] (309/730) id=110 es finish=stop completion=274 wall=5.1s predicted_per_s=58.97 draft=231/197
[2026-09-30T16:31:45] (310/730) id=110 zh finish=stop completion=353 wall=6.4s predicted_per_s=59.58 draft=297/254
[2026-09-30T16:31:50] (311/730) id=111 en finish=stop completion=271 wall=5.1s predicted_per_s=59.31 draft=228/194
[2026-09-30T16:32:06] (312/730) id=111 es finish=stop completion=836 wall=15.5s predicted_per_s=55.84 draft=750/587
[2026-09-30T16:32:14] (313/730) id=111 zh finish=stop completion=418 wall=7.9s predicted_per_s=57.09 draft=366/297
[2026-09-30T16:32:22] (314/730) id=112 en finish=stop completion=461 wall=8.3s predicted_per_s=58.96 draft=393/332
[2026-09-30T16:32:33] (315/730) id=112 es finish=stop completion=574 wall=10.8s predicted_per_s=55.57 draft=516/402
[2026-09-30T16:32:43] (316/730) id=112 zh finish=stop completion=571 wall=10.3s predicted_per_s=58.19 draft=486/408
[2026-09-30T16:32:47] (317/730) id=113 en finish=stop completion=237 wall=4.4s predicted_per_s=61.02 draft=195/172
[2026-09-30T16:32:54] (318/730) id=113 es finish=stop completion=358 wall=6.6s predicted_per_s=58.18 draft=309/256
[2026-09-30T16:33:00] (319/730) id=113 zh finish=stop completion=331 wall=6.0s predicted_per_s=60.21 draft=276/238
[2026-09-30T16:33:03] (320/730) id=114 en finish=stop completion=167 wall=3.3s predicted_per_s=58.21 draft=144/120
[2026-09-30T16:33:07] (321/730) id=114 es finish=stop completion=203 wall=4.1s predicted_per_s=56.24 draft=180/144
[2026-09-30T16:33:12] (322/730) id=114 zh finish=stop completion=233 wall=5.1s predicted_per_s=50.55 draft=231/155
[2026-09-30T16:33:21] (323/730) id=115 en finish=stop completion=498 wall=8.8s predicted_per_s=59.96 draft=417/359
[2026-09-30T16:33:30] (324/730) id=115 es finish=stop completion=471 wall=8.3s predicted_per_s=60.73 draft=390/342
[2026-09-30T16:33:38] (325/730) id=115 zh finish=stop completion=456 wall=8.1s predicted_per_s=59.76 draft=384/329
[2026-09-30T16:33:47] (326/730) id=116 en finish=stop completion=545 wall=9.9s predicted_per_s=58.20 draft=471/388
[2026-09-30T16:34:01] (327/730) id=116 es finish=stop completion=723 wall=13.2s predicted_per_s=57.16 draft=636/511
[2026-09-30T16:34:15] (328/730) id=116 zh finish=stop completion=851 wall=14.6s predicted_per_s=60.60 draft=705/617
[2026-09-30T16:34:21] (329/730) id=117 en finish=stop completion=317 wall=5.9s predicted_per_s=58.91 draft=270/229
[2026-09-30T16:34:29] (330/730) id=117 es finish=stop completion=439 wall=8.2s predicted_per_s=56.62 draft=390/310
[2026-09-30T16:34:38] (331/730) id=117 zh finish=stop completion=465 wall=8.5s predicted_per_s=57.76 draft=405/329
[2026-09-30T16:34:41] (332/730) id=118 en finish=stop completion=187 wall=3.6s predicted_per_s=60.20 draft=156/137
[2026-09-30T16:34:46] (333/730) id=118 es finish=stop completion=235 wall=4.4s predicted_per_s=59.63 draft=198/168
[2026-09-30T16:34:49] (334/730) id=118 zh finish=stop completion=166 wall=3.2s predicted_per_s=59.14 draft=141/121
[2026-09-30T16:34:55] (335/730) id=119 en finish=stop completion=329 wall=5.8s predicted_per_s=61.78 draft=267/242
[2026-09-30T16:35:01] (336/730) id=119 es finish=stop completion=322 wall=6.1s predicted_per_s=57.26 draft=282/230
[2026-09-30T16:35:07] (337/730) id=119 zh finish=stop completion=315 wall=5.7s predicted_per_s=59.97 draft=264/226
[2026-09-30T16:36:50] (338/730) id=120 en finish=stop completion=5816 wall=103.4s predicted_per_s=56.52 draft=5112/4113
[2026-09-30T16:39:20] (339/730) id=120 es finish=length completion=8192 wall=150.3s predicted_per_s=54.73 draft=7401/5723
[2026-09-30T16:41:25] (340/730) id=120 zh finish=stop completion=6868 wall=124.8s predicted_per_s=55.30 draft=6192/4804
[2026-09-30T16:41:30] (341/730) id=121 en finish=stop completion=215 wall=4.4s predicted_per_s=56.54 draft=192/150
[2026-09-30T16:41:34] (342/730) id=121 es finish=stop completion=259 wall=4.7s predicted_per_s=61.30 draft=213/188
[2026-09-30T16:41:38] (343/730) id=121 zh finish=stop completion=217 wall=4.0s predicted_per_s=60.84 draft=180/157
[2026-09-30T16:41:43] (344/730) id=122 en finish=stop completion=275 wall=5.0s predicted_per_s=60.85 draft=228/198
[2026-09-30T16:41:48] (345/730) id=122 es finish=stop completion=277 wall=4.9s predicted_per_s=62.96 draft=222/205
[2026-09-30T16:42:00] (346/730) id=122 zh finish=stop completion=631 wall=12.4s predicted_per_s=52.67 draft=606/429
[2026-09-30T16:42:09] (347/730) id=123 en finish=stop completion=490 wall=8.4s predicted_per_s=61.39 draft=402/356
[2026-09-30T16:42:19] (348/730) id=123 es finish=stop completion=541 wall=9.7s predicted_per_s=58.49 draft=468/386
[2026-09-30T16:42:40] (349/730) id=123 zh finish=stop completion=1205 wall=21.0s predicted_per_s=58.55 draft=1047/855
[2026-09-30T16:42:46] (350/730) id=124 en finish=stop completion=396 wall=6.7s predicted_per_s=63.41 draft=318/291
[2026-09-30T16:42:53] (351/730) id=124 es finish=stop completion=381 wall=6.6s predicted_per_s=61.59 draft=315/275
[2026-09-30T16:42:57] (352/730) id=124 zh finish=stop completion=251 wall=4.4s predicted_per_s=63.46 draft=201/184
[2026-09-30T16:43:04] (353/730) id=125 en finish=stop completion=386 wall=7.0s predicted_per_s=58.98 draft=333/275
[2026-09-30T16:43:15] (354/730) id=125 es finish=stop completion=562 wall=10.7s predicted_per_s=54.74 draft=522/389
[2026-09-30T16:43:25] (355/730) id=125 zh finish=stop completion=507 wall=9.5s predicted_per_s=56.20 draft=459/354
[2026-09-30T16:43:30] (356/730) id=126 en finish=stop completion=296 wall=5.4s predicted_per_s=60.34 draft=249/215
[2026-09-30T16:43:39] (357/730) id=126 es finish=stop completion=457 wall=8.7s predicted_per_s=55.74 draft=417/318
[2026-09-30T16:43:51] (358/730) id=126 zh finish=stop completion=618 wall=11.9s predicted_per_s=54.07 draft=582/423
[2026-09-30T16:43:55] (359/730) id=127 en finish=stop completion=222 wall=4.0s predicted_per_s=62.67 draft=180/164
[2026-09-30T16:43:59] (360/730) id=127 es finish=stop completion=251 wall=4.5s predicted_per_s=61.68 draft=207/183
[2026-09-30T16:44:03] (361/730) id=127 zh finish=stop completion=193 wall=3.9s predicted_per_s=56.42 draft=174/135
[2026-09-30T16:44:07] (362/730) id=128 en finish=stop completion=218 wall=3.9s predicted_per_s=63.59 draft=174/161
[2026-09-30T16:44:11] (363/730) id=128 es finish=stop completion=245 wall=4.5s predicted_per_s=60.14 draft=207/175
[2026-09-30T16:44:15] (364/730) id=128 zh finish=stop completion=218 wall=3.9s predicted_per_s=63.63 draft=174/160
[2026-09-30T16:44:23] (365/730) id=129 en finish=stop completion=460 wall=8.0s predicted_per_s=60.90 draft=384/331
[2026-09-30T16:44:32] (366/730) id=129 es finish=stop completion=518 wall=9.1s predicted_per_s=60.21 draft=438/371
[2026-09-30T16:44:40] (367/730) id=129 zh finish=stop completion=433 wall=7.4s predicted_per_s=62.76 draft=351/315
[2026-09-30T16:44:47] (368/730) id=130 en finish=stop completion=452 wall=7.9s predicted_per_s=60.63 draft=378/326
[2026-09-30T16:44:57] (369/730) id=130 es finish=stop completion=539 wall=9.4s predicted_per_s=60.35 draft=450/390
[2026-09-30T16:45:09] (370/730) id=130 zh finish=stop completion=666 wall=11.7s predicted_per_s=59.32 draft=567/479
[2026-09-30T16:45:13] (371/730) id=131 en finish=stop completion=227 wall=4.1s predicted_per_s=62.55 draft=183/165
[2026-09-30T16:45:19] (372/730) id=131 es finish=stop completion=309 wall=6.0s predicted_per_s=55.91 draft=279/217
[2026-09-30T16:45:23] (373/730) id=131 zh finish=stop completion=256 wall=4.8s predicted_per_s=58.20 draft=222/182
[2026-09-30T16:45:27] (374/730) id=132 en finish=stop completion=196 wall=3.7s predicted_per_s=61.02 draft=162/144
[2026-09-30T16:45:31] (375/730) id=132 es finish=stop completion=200 wall=3.8s predicted_per_s=60.09 draft=168/143
[2026-09-30T16:45:34] (376/730) id=132 zh finish=stop completion=164 wall=3.2s predicted_per_s=59.96 draft=138/120
[2026-09-30T16:45:40] (377/730) id=133 en finish=stop completion=321 wall=5.6s predicted_per_s=62.06 draft=261/233
[2026-09-30T16:45:46] (378/730) id=133 es finish=stop completion=312 wall=5.9s predicted_per_s=57.70 draft=273/222
[2026-09-30T16:45:53] (379/730) id=133 zh finish=stop completion=418 wall=7.1s predicted_per_s=62.63 draft=336/306
[2026-09-30T16:45:57] (380/730) id=134 en finish=stop completion=240 wall=4.4s predicted_per_s=60.18 draft=201/172
[2026-09-30T16:46:03] (381/730) id=134 es finish=stop completion=332 wall=5.7s predicted_per_s=62.62 draft=267/244
[2026-09-30T16:46:07] (382/730) id=134 zh finish=stop completion=241 wall=4.4s predicted_per_s=61.26 draft=198/176
[2026-09-30T16:46:11] (383/730) id=135 en finish=stop completion=183 wall=3.4s predicted_per_s=61.56 draft=150/132
[2026-09-30T16:46:15] (384/730) id=135 es finish=stop completion=207 wall=4.1s predicted_per_s=57.07 draft=183/145
[2026-09-30T16:46:18] (385/730) id=135 zh finish=stop completion=196 wall=3.6s predicted_per_s=61.01 draft=162/143
[2026-09-30T16:46:32] (386/730) id=136 en finish=stop completion=738 wall=13.7s predicted_per_s=55.82 draft=666/516
[2026-09-30T16:46:47] (387/730) id=136 es finish=stop completion=826 wall=14.6s predicted_per_s=58.54 draft=717/588
[2026-09-30T16:46:55] (388/730) id=136 zh finish=stop completion=445 wall=8.1s predicted_per_s=58.10 draft=390/315
[2026-09-30T16:46:58] (389/730) id=137 en finish=stop completion=197 wall=3.8s predicted_per_s=58.56 draft=171/141
[2026-09-30T16:47:03] (390/730) id=137 es finish=stop completion=234 wall=4.6s predicted_per_s=56.65 draft=210/164
[2026-09-30T16:47:06] (391/730) id=137 zh finish=stop completion=173 wall=3.4s predicted_per_s=57.43 draft=153/123
[2026-09-30T16:47:14] (392/730) id=138 en finish=stop completion=422 wall=7.1s predicted_per_s=63.30 draft=339/308
[2026-09-30T16:47:23] (393/730) id=138 es finish=stop completion=531 wall=9.1s predicted_per_s=61.68 draft=438/385
[2026-09-30T16:47:30] (394/730) id=138 zh finish=stop completion=409 wall=7.0s predicted_per_s=63.01 draft=330/300
[2026-09-30T16:47:38] (395/730) id=139 en finish=stop completion=496 wall=8.4s predicted_per_s=62.81 draft=402/361
[2026-09-30T16:47:45] (396/730) id=139 es finish=stop completion=412 wall=7.1s predicted_per_s=61.88 draft=339/299
[2026-09-30T16:47:56] (397/730) id=139 zh finish=stop completion=656 wall=11.2s predicted_per_s=60.88 draft=549/472
[2026-09-30T16:48:08] (398/730) id=140 en finish=stop completion=702 wall=12.1s predicted_per_s=60.43 draft=591/507
[2026-09-30T16:48:15] (399/730) id=140 es finish=stop completion=338 wall=6.1s predicted_per_s=59.74 draft=288/243
[2026-09-30T16:48:19] (400/730) id=140 zh finish=stop completion=257 wall=4.6s predicted_per_s=61.40 draft=213/185
[2026-09-30T16:48:23] (401/730) id=141 en finish=stop completion=198 wall=3.6s predicted_per_s=63.23 draft=159/146
[2026-09-30T16:48:28] (402/730) id=141 es finish=stop completion=263 wall=5.0s predicted_per_s=57.93 draft=231/187
[2026-09-30T16:48:31] (403/730) id=141 zh finish=stop completion=182 wall=3.3s predicted_per_s=64.25 draft=144/134
[2026-09-30T16:48:41] (404/730) id=142 en finish=stop completion=584 wall=9.8s predicted_per_s=62.31 draft=477/427
[2026-09-30T16:48:50] (405/730) id=142 es finish=stop completion=565 wall=9.6s predicted_per_s=61.91 draft=465/410
[2026-09-30T16:49:00] (406/730) id=142 zh finish=stop completion=548 wall=10.0s predicted_per_s=57.12 draft=489/385
[2026-09-30T16:49:05] (407/730) id=143 en finish=stop completion=265 wall=5.0s predicted_per_s=57.63 draft=234/186
[2026-09-30T16:49:11] (408/730) id=143 es finish=stop completion=280 wall=5.4s predicted_per_s=55.98 draft=255/194
[2026-09-30T16:49:16] (409/730) id=143 zh finish=stop completion=252 wall=5.0s predicted_per_s=54.89 draft=234/176
[2026-09-30T16:49:24] (410/730) id=144 en finish=stop completion=431 wall=8.0s predicted_per_s=56.79 draft=387/302
[2026-09-30T16:49:36] (411/730) id=144 es finish=stop completion=733 wall=12.3s predicted_per_s=61.86 draft=603/531
[2026-09-30T16:49:46] (412/730) id=144 zh finish=stop completion=547 wall=9.7s predicted_per_s=59.15 draft=471/390
[2026-09-30T16:49:54] (413/730) id=145 en finish=stop completion=445 wall=8.5s predicted_per_s=55.93 draft=405/310
[2026-09-30T16:50:02] (414/730) id=145 es finish=stop completion=405 wall=8.0s predicted_per_s=54.56 draft=378/279
[2026-09-30T16:50:09] (415/730) id=145 zh finish=stop completion=363 wall=6.7s predicted_per_s=58.62 draft=315/258
[2026-09-30T16:50:16] (416/730) id=146 en finish=stop completion=428 wall=7.3s predicted_per_s=62.56 draft=348/312
[2026-09-30T16:50:24] (417/730) id=146 es finish=stop completion=408 wall=7.3s predicted_per_s=59.26 draft=351/290
[2026-09-30T16:50:30] (418/730) id=146 zh finish=stop completion=362 wall=6.6s predicted_per_s=59.09 draft=312/260
[2026-09-30T16:50:37] (419/730) id=147 en finish=stop completion=379 wall=6.4s predicted_per_s=63.71 draft=303/278
[2026-09-30T16:50:45] (420/730) id=147 es finish=stop completion=472 wall=8.2s predicted_per_s=61.16 draft=393/341
[2026-09-30T16:51:05] (421/730) id=147 zh finish=stop completion=1135 wall=20.5s predicted_per_s=56.48 draft=1023/793
[2026-09-30T16:51:17] (422/730) id=148 en finish=stop completion=705 wall=12.0s predicted_per_s=61.32 draft=585/509
[2026-09-30T16:51:31] (423/730) id=148 es finish=stop completion=788 wall=13.9s predicted_per_s=58.88 draft=681/562
[2026-09-30T16:51:40] (424/730) id=148 zh finish=stop completion=480 wall=9.1s predicted_per_s=55.73 draft=438/334
[2026-09-30T16:51:45] (425/730) id=149 en finish=stop completion=218 wall=4.2s predicted_per_s=58.52 draft=189/155
[2026-09-30T16:51:50] (426/730) id=149 es finish=stop completion=286 wall=5.5s predicted_per_s=56.39 draft=258/200
[2026-09-30T16:51:55] (427/730) id=149 zh finish=stop completion=228 wall=4.5s predicted_per_s=55.92 draft=207/159
[2026-09-30T16:52:00] (428/730) id=150 en finish=stop completion=269 wall=4.8s predicted_per_s=61.56 draft=222/197
[2026-09-30T16:52:05] (429/730) id=150 es finish=stop completion=285 wall=5.1s predicted_per_s=60.40 draft=240/204
[2026-09-30T16:52:10] (430/730) id=150 zh finish=stop completion=279 wall=5.3s predicted_per_s=57.73 draft=246/197
[2026-09-30T16:52:19] (431/730) id=151 en finish=stop completion=522 wall=9.0s predicted_per_s=61.46 draft=432/377
[2026-09-30T16:52:28] (432/730) id=151 es finish=stop completion=506 wall=9.6s predicted_per_s=55.80 draft=462/353
[2026-09-30T16:52:38] (433/730) id=151 zh finish=stop completion=533 wall=9.6s predicted_per_s=58.43 draft=465/379
[2026-09-30T16:52:45] (434/730) id=152 en finish=stop completion=367 wall=6.8s predicted_per_s=57.68 draft=324/260
[2026-09-30T16:52:55] (435/730) id=152 es finish=stop completion=559 wall=10.2s predicted_per_s=57.47 draft=495/395
[2026-09-30T16:53:03] (436/730) id=152 zh finish=stop completion=399 wall=7.6s predicted_per_s=55.53 draft=366/278
[2026-09-30T16:53:07] (437/730) id=153 en finish=stop completion=207 wall=3.9s predicted_per_s=60.46 draft=174/148
[2026-09-30T16:53:12] (438/730) id=153 es finish=stop completion=293 wall=5.1s predicted_per_s=62.85 draft=237/215
[2026-09-30T16:53:16] (439/730) id=153 zh finish=stop completion=259 wall=4.7s predicted_per_s=60.18 draft=219/185
[2026-09-30T16:53:31] (440/730) id=154 en finish=stop completion=820 wall=14.2s predicted_per_s=59.95 draft=696/590
[2026-09-30T16:53:48] (441/730) id=154 es finish=stop completion=938 wall=17.2s predicted_per_s=56.40 draft=846/655
[2026-09-30T16:54:05] (442/730) id=154 zh finish=stop completion=901 wall=16.8s predicted_per_s=55.35 draft=828/627
[2026-09-30T16:54:11] (443/730) id=155 en finish=stop completion=385 wall=6.8s predicted_per_s=60.44 draft=324/278
[2026-09-30T16:54:21] (444/730) id=155 es finish=stop completion=566 wall=9.8s predicted_per_s=60.48 draft=477/407
[2026-09-30T16:54:28] (445/730) id=155 zh finish=stop completion=388 wall=7.0s predicted_per_s=59.40 draft=333/276
[2026-09-30T16:54:35] (446/730) id=156 en finish=stop completion=424 wall=7.2s predicted_per_s=63.09 draft=342/309
[2026-09-30T16:54:43] (447/730) id=156 es finish=stop completion=427 wall=7.3s predicted_per_s=62.44 draft=348/312
[2026-09-30T16:54:49] (448/730) id=156 zh finish=stop completion=387 wall=6.5s predicted_per_s=64.37 draft=306/284
[2026-09-30T16:54:54] (449/730) id=157 en finish=stop completion=274 wall=5.3s predicted_per_s=56.70 draft=246/191
[2026-09-30T16:55:00] (450/730) id=157 es finish=stop completion=315 wall=5.8s predicted_per_s=59.38 draft=270/224
[2026-09-30T16:55:09] (451/730) id=157 zh finish=stop completion=461 wall=8.5s predicted_per_s=57.13 draft=411/326
[2026-09-30T16:55:24] (452/730) id=158 en finish=stop completion=827 wall=15.3s predicted_per_s=55.70 draft=756/576
[2026-09-30T16:55:59] (453/730) id=158 es finish=stop completion=1977 wall=35.1s predicted_per_s=57.25 draft=1755/1391
[2026-09-30T16:56:15] (454/730) id=158 zh finish=stop completion=882 wall=15.6s predicted_per_s=58.22 draft=771/625
[2026-09-30T16:56:19] (455/730) id=159 en finish=stop completion=258 wall=4.6s predicted_per_s=61.61 draft=213/187
[2026-09-30T16:56:25] (456/730) id=159 es finish=stop completion=297 wall=5.3s predicted_per_s=60.75 draft=249/214
[2026-09-30T16:56:29] (457/730) id=159 zh finish=stop completion=213 wall=3.8s predicted_per_s=62.31 draft=174/155
[2026-09-30T16:56:46] (458/730) id=160 en finish=stop completion=892 wall=17.2s predicted_per_s=53.18 draft=855/608
[2026-09-30T16:56:51] (459/730) id=160 es finish=stop completion=270 wall=5.1s predicted_per_s=57.99 draft=237/192
[2026-09-30T16:57:43] (460/730) id=160 zh finish=stop completion=2657 wall=51.7s predicted_per_s=51.86 draft=2601/1789
[2026-09-30T16:57:46] (461/730) id=161 en finish=stop completion=215 wall=3.9s predicted_per_s=62.87 draft=174/158
[2026-09-30T16:57:51] (462/730) id=161 es finish=stop completion=237 wall=4.3s predicted_per_s=60.92 draft=198/171
[2026-09-30T16:57:54] (463/730) id=161 zh finish=stop completion=173 wall=3.2s predicted_per_s=61.13 draft=144/125
[2026-09-30T16:58:03] (464/730) id=162 en finish=stop completion=501 wall=9.1s predicted_per_s=57.51 draft=444/355
[2026-09-30T16:58:10] (465/730) id=162 es finish=stop completion=371 wall=6.4s predicted_per_s=62.27 draft=303/271
[2026-09-30T16:58:27] (466/730) id=162 zh finish=stop completion=963 wall=17.8s predicted_per_s=55.40 draft=885/669
[2026-09-30T16:58:39] (467/730) id=163 en finish=stop completion=646 wall=11.8s predicted_per_s=57.14 draft=576/454
[2026-09-30T16:58:51] (468/730) id=163 es finish=stop completion=654 wall=12.2s predicted_per_s=55.83 draft=597/455
[2026-09-30T16:59:36] (469/730) id=163 zh finish=stop completion=2471 wall=44.2s predicted_per_s=56.42 draft=2223/1729
[2026-09-30T16:59:42] (470/730) id=164 en finish=stop completion=383 wall=6.8s predicted_per_s=60.19 draft=324/275
[2026-09-30T16:59:50] (471/730) id=164 es finish=stop completion=461 wall=8.0s predicted_per_s=61.16 draft=384/333
[2026-09-30T16:59:57] (472/730) id=164 zh finish=stop completion=348 wall=6.1s predicted_per_s=61.51 draft=288/253
[2026-09-30T17:00:04] (473/730) id=165 en finish=stop completion=378 wall=7.7s predicted_per_s=52.23 draft=369/257
[2026-09-30T17:00:15] (474/730) id=165 es finish=stop completion=514 wall=10.5s predicted_per_s=51.10 draft=513/343
[2026-09-30T17:00:24] (475/730) id=165 zh finish=stop completion=504 wall=9.7s predicted_per_s=54.59 draft=471/346
[2026-09-30T17:00:31] (476/730) id=166 en finish=stop completion=377 wall=6.6s predicted_per_s=62.06 draft=309/274
[2026-09-30T17:00:40] (477/730) id=166 es finish=stop completion=488 wall=8.8s predicted_per_s=59.20 draft=420/350
[2026-09-30T17:00:56] (478/730) id=166 zh finish=stop completion=884 wall=16.3s predicted_per_s=55.99 draft=804/616
[2026-09-30T17:01:01] (479/730) id=167 en finish=stop completion=237 wall=4.6s predicted_per_s=56.64 draft=213/168
[2026-09-30T17:01:08] (480/730) id=167 es finish=stop completion=389 wall=7.5s predicted_per_s=55.10 draft=360/271
[2026-09-30T17:01:13] (481/730) id=167 zh finish=stop completion=232 wall=4.6s predicted_per_s=55.47 draft=213/161
[2026-09-30T17:01:20] (482/730) id=168 en finish=stop completion=389 wall=6.7s predicted_per_s=61.70 draft=321/281
[2026-09-30T17:01:28] (483/730) id=168 es finish=stop completion=447 wall=8.0s predicted_per_s=59.32 draft=384/319
[2026-09-30T17:01:35] (484/730) id=168 zh finish=stop completion=420 wall=7.2s predicted_per_s=62.00 draft=345/305
[2026-09-30T17:01:38] (485/730) id=169 en finish=stop completion=182 wall=3.4s predicted_per_s=61.71 draft=150/132
[2026-09-30T17:01:43] (486/730) id=169 es finish=stop completion=266 wall=4.9s predicted_per_s=59.39 draft=228/190
[2026-09-30T17:01:46] (487/730) id=169 zh finish=stop completion=172 wall=3.5s predicted_per_s=56.11 draft=156/120
[2026-09-30T17:01:52] (488/730) id=170 en finish=stop completion=286 wall=5.1s predicted_per_s=61.43 draft=237/208
[2026-09-30T17:01:58] (489/730) id=170 es finish=stop completion=376 wall=6.8s predicted_per_s=59.03 draft=324/267
[2026-09-30T17:02:03] (490/730) id=170 zh finish=stop completion=256 wall=4.6s predicted_per_s=61.14 draft=213/184
[2026-09-30T17:02:07] (491/730) id=171 en finish=stop completion=241 wall=4.3s predicted_per_s=62.80 draft=195/175
[2026-09-30T17:02:13] (492/730) id=171 es finish=stop completion=356 wall=6.2s predicted_per_s=61.62 draft=294/257
[2026-09-30T17:02:18] (493/730) id=171 zh finish=stop completion=214 wall=4.3s predicted_per_s=55.88 draft=195/150
[2026-09-30T17:02:24] (494/730) id=172 en finish=stop completion=340 wall=5.9s predicted_per_s=62.65 draft=276/248
[2026-09-30T17:02:29] (495/730) id=172 es finish=stop completion=344 wall=5.9s predicted_per_s=63.43 draft=276/251
[2026-09-30T17:02:34] (496/730) id=172 zh finish=stop completion=254 wall=4.3s predicted_per_s=66.19 draft=195/189
[2026-09-30T17:02:41] (497/730) id=173 en finish=stop completion=401 wall=6.9s predicted_per_s=61.94 draft=330/292
[2026-09-30T17:02:49] (498/730) id=173 es finish=stop completion=479 wall=8.6s predicted_per_s=58.93 draft=414/340
[2026-09-30T17:03:22] (499/730) id=173 zh finish=stop completion=1556 wall=32.4s predicted_per_s=48.72 draft=1626/1014
[2026-09-30T17:03:28] (500/730) id=174 en finish=stop completion=359 wall=6.2s predicted_per_s=63.40 draft=288/265
[2026-09-30T17:03:38] (501/730) id=174 es finish=stop completion=572 wall=10.0s predicted_per_s=60.28 draft=483/412
[2026-09-30T17:03:44] (502/730) id=174 zh finish=stop completion=368 wall=6.5s predicted_per_s=61.18 draft=306/266
[2026-09-30T17:03:53] (503/730) id=175 en finish=stop completion=473 wall=8.4s predicted_per_s=59.46 draft=405/338
[2026-09-30T17:04:02] (504/730) id=175 es finish=stop completion=480 wall=9.4s predicted_per_s=53.99 draft=453/329
[2026-09-30T17:04:09] (505/730) id=175 zh finish=stop completion=405 wall=7.2s predicted_per_s=60.29 draft=342/290
[2026-09-30T17:04:16] (506/730) id=176 en finish=stop completion=409 wall=7.1s predicted_per_s=61.40 draft=339/295
[2026-09-30T17:04:26] (507/730) id=176 es finish=stop completion=550 wall=9.6s predicted_per_s=60.23 draft=465/397
[2026-09-30T17:04:36] (508/730) id=176 zh finish=stop completion=569 wall=10.3s predicted_per_s=57.86 draft=501/403
[2026-09-30T17:04:42] (509/730) id=177 en finish=stop completion=300 wall=5.4s predicted_per_s=60.64 draft=252/218
[2026-09-30T17:05:07] (510/730) id=177 es finish=stop completion=1298 wall=25.3s predicted_per_s=52.25 draft=1266/878
[2026-09-30T17:05:12] (511/730) id=177 zh finish=stop completion=260 wall=4.9s predicted_per_s=58.79 draft=225/184
[2026-09-30T17:05:23] (512/730) id=178 en finish=stop completion=688 wall=11.7s predicted_per_s=61.16 draft=573/496
[2026-09-30T17:05:33] (513/730) id=178 es finish=stop completion=543 wall=9.6s predicted_per_s=59.81 draft=462/388
[2026-09-30T17:05:42] (514/730) id=178 zh finish=stop completion=510 wall=9.0s predicted_per_s=59.67 draft=435/365
[2026-09-30T17:05:48] (515/730) id=179 en finish=stop completion=359 wall=5.9s predicted_per_s=65.42 draft=279/266
[2026-09-30T17:05:56] (516/730) id=179 es finish=stop completion=496 wall=8.3s predicted_per_s=63.24 draft=399/363
[2026-09-30T17:06:03] (517/730) id=179 zh finish=stop completion=363 wall=6.4s predicted_per_s=60.96 draft=303/261
[2026-09-30T17:06:07] (518/730) id=180 en finish=stop completion=215 wall=4.0s predicted_per_s=60.70 draft=180/154
[2026-09-30T17:06:11] (519/730) id=180 es finish=stop completion=215 wall=4.2s predicted_per_s=56.96 draft=192/150
[2026-09-30T17:06:15] (520/730) id=180 zh finish=stop completion=201 wall=4.0s predicted_per_s=55.89 draft=183/142
[2026-09-30T17:06:21] (521/730) id=181 en finish=stop completion=347 wall=6.2s predicted_per_s=60.12 draft=294/248
[2026-09-30T17:06:27] (522/730) id=181 es finish=stop completion=326 wall=6.2s predicted_per_s=57.00 draft=291/229
[2026-09-30T17:06:32] (523/730) id=181 zh finish=stop completion=226 wall=4.4s predicted_per_s=56.39 draft=204/158
[2026-09-30T17:06:48] (524/730) id=182 en finish=stop completion=865 wall=16.3s predicted_per_s=54.59 draft=807/595
[2026-09-30T17:07:10] (525/730) id=182 es finish=stop completion=1214 wall=22.1s predicted_per_s=56.22 draft=1098/849
[2026-09-30T17:07:21] (526/730) id=182 zh finish=stop completion=573 wall=10.6s predicted_per_s=56.53 draft=516/403
[2026-09-30T17:07:36] (527/730) id=183 en finish=stop completion=837 wall=15.1s predicted_per_s=57.06 draft=747/588
[2026-09-30T17:07:54] (528/730) id=183 es finish=stop completion=1012 wall=17.8s predicted_per_s=58.21 draft=885/716
[2026-09-30T17:08:06] (529/730) id=183 zh finish=stop completion=699 wall=11.9s predicted_per_s=60.84 draft=585/504
[2026-09-30T17:08:13] (530/730) id=184 en finish=stop completion=429 wall=7.4s predicted_per_s=62.13 draft=351/311
[2026-09-30T17:08:24] (531/730) id=184 es finish=stop completion=609 wall=10.5s predicted_per_s=61.08 draft=507/441
[2026-09-30T17:08:31] (532/730) id=184 zh finish=stop completion=446 wall=7.9s predicted_per_s=60.47 draft=375/322
[2026-09-30T17:08:43] (533/730) id=185 en finish=stop completion=698 wall=11.8s predicted_per_s=61.37 draft=579/504
[2026-09-30T17:08:55] (534/730) id=185 es finish=stop completion=639 wall=11.6s predicted_per_s=57.11 draft=570/451
[2026-09-30T17:09:03] (535/730) id=185 zh finish=stop completion=461 wall=8.3s predicted_per_s=58.83 draft=399/328
[2026-09-30T17:09:07] (536/730) id=186 en finish=stop completion=190 wall=3.8s predicted_per_s=56.46 draft=171/134
[2026-09-30T17:09:12] (537/730) id=186 es finish=stop completion=291 wall=5.3s predicted_per_s=59.45 draft=249/208
[2026-09-30T17:09:18] (538/730) id=186 zh finish=stop completion=314 wall=5.8s predicted_per_s=57.95 draft=276/222
[2026-09-30T17:09:28] (539/730) id=187 en finish=stop completion=558 wall=9.7s predicted_per_s=60.66 draft=468/402
[2026-09-30T17:09:45] (540/730) id=187 es finish=stop completion=992 wall=17.6s predicted_per_s=58.19 draft=867/703
[2026-09-30T17:10:12] (541/730) id=187 zh finish=stop completion=1513 wall=26.4s predicted_per_s=58.50 draft=1314/1076
[2026-09-30T17:10:31] (542/730) id=188 en finish=stop completion=1104 wall=19.4s predicted_per_s=58.19 draft=966/782
[2026-09-30T17:10:41] (543/730) id=188 es finish=stop completion=485 wall=9.3s predicted_per_s=54.53 draft=453/336
[2026-09-30T17:11:01] (544/730) id=188 zh finish=stop completion=1129 wall=20.1s predicted_per_s=57.36 draft=1002/796
[2026-09-30T17:11:08] (545/730) id=189 en finish=stop completion=423 wall=7.1s predicted_per_s=63.41 draft=339/312
[2026-09-30T17:11:14] (546/730) id=189 es finish=stop completion=352 wall=6.2s predicted_per_s=60.90 draft=294/254
[2026-09-30T17:11:21] (547/730) id=189 zh finish=stop completion=371 wall=6.7s predicted_per_s=58.91 draft=321/265
[2026-09-30T17:11:27] (548/730) id=190 en finish=stop completion=319 wall=5.8s predicted_per_s=59.56 draft=273/228
[2026-09-30T17:11:37] (549/730) id=190 es finish=stop completion=574 wall=10.1s predicted_per_s=59.82 draft=489/411
[2026-09-30T17:11:45] (550/730) id=190 zh finish=stop completion=460 wall=7.8s predicted_per_s=62.46 draft=375/334
[2026-09-30T17:11:48] (551/730) id=191 en finish=stop completion=211 wall=3.8s predicted_per_s=61.73 draft=174/153
[2026-09-30T17:11:52] (552/730) id=191 es finish=stop completion=217 wall=4.1s predicted_per_s=58.43 draft=189/154
[2026-09-30T17:11:56] (553/730) id=191 zh finish=stop completion=174 wall=3.5s predicted_per_s=56.72 draft=156/124
[2026-09-30T17:12:01] (554/730) id=192 en finish=stop completion=245 wall=4.6s predicted_per_s=58.56 draft=213/174
[2026-09-30T17:12:06] (555/730) id=192 es finish=stop completion=302 wall=5.9s predicted_per_s=55.71 draft=276/211
[2026-09-30T17:12:11] (556/730) id=192 zh finish=stop completion=251 wall=4.8s predicted_per_s=56.81 draft=225/177
[2026-09-30T17:12:18] (557/730) id=193 en finish=stop completion=403 wall=7.0s predicted_per_s=61.70 draft=333/291
[2026-09-30T17:12:26] (558/730) id=193 es finish=stop completion=446 wall=8.0s predicted_per_s=58.73 draft=387/318
[2026-09-30T17:12:33] (559/730) id=193 zh finish=stop completion=379 wall=6.8s predicted_per_s=59.60 draft=324/272
[2026-09-30T17:12:40] (560/730) id=194 en finish=stop completion=348 wall=6.5s predicted_per_s=57.92 draft=306/245
[2026-09-30T17:12:48] (561/730) id=194 es finish=stop completion=447 wall=8.0s predicted_per_s=60.24 draft=378/320
[2026-09-30T17:12:55] (562/730) id=194 zh finish=stop completion=414 wall=7.4s predicted_per_s=60.56 draft=348/299
[2026-09-30T17:12:59] (563/730) id=195 en finish=stop completion=249 wall=4.6s predicted_per_s=59.53 draft=213/178
[2026-09-30T17:13:04] (564/730) id=195 es finish=stop completion=245 wall=4.5s predicted_per_s=59.37 draft=210/175
[2026-09-30T17:13:08] (565/730) id=195 zh finish=stop completion=207 wall=3.7s predicted_per_s=63.79 draft=165/151
[2026-09-30T17:13:12] (566/730) id=196 en finish=stop completion=231 wall=4.1s predicted_per_s=62.11 draft=189/170
[2026-09-30T17:13:17] (567/730) id=196 es finish=stop completion=270 wall=5.2s predicted_per_s=57.24 draft=240/189
[2026-09-30T17:13:21] (568/730) id=196 zh finish=stop completion=196 wall=3.5s predicted_per_s=63.85 draft=156/144
[2026-09-30T17:13:24] (569/730) id=197 en finish=stop completion=187 wall=3.5s predicted_per_s=60.94 draft=156/136
[2026-09-30T17:13:30] (570/730) id=197 es finish=stop completion=317 wall=5.6s predicted_per_s=60.44 draft=267/227
[2026-09-30T17:13:33] (571/730) id=197 zh finish=stop completion=180 wall=3.4s predicted_per_s=61.04 draft=150/131
[2026-09-30T17:13:38] (572/730) id=198 en finish=stop completion=266 wall=4.8s predicted_per_s=61.01 draft=222/191
[2026-09-30T17:13:43] (573/730) id=198 es finish=stop completion=296 wall=5.4s predicted_per_s=59.80 draft=252/211
[2026-09-30T17:13:49] (574/730) id=198 zh finish=stop completion=308 wall=5.4s predicted_per_s=62.18 draft=252/223
[2026-09-30T17:13:55] (575/730) id=199 en finish=stop completion=388 wall=6.8s predicted_per_s=61.50 draft=321/281
[2026-09-30T17:14:12] (576/730) id=199 es finish=stop completion=918 wall=16.7s predicted_per_s=56.50 draft=828/644
[2026-09-30T17:14:21] (577/730) id=199 zh finish=stop completion=510 wall=8.8s predicted_per_s=61.44 draft=423/370
[2026-09-30T17:14:28] (578/730) id=200 en finish=stop completion=414 wall=7.4s predicted_per_s=60.09 draft=351/299
[2026-09-30T17:14:37] (579/730) id=200 es finish=stop completion=524 wall=9.3s predicted_per_s=59.28 draft=450/373
[2026-09-30T17:14:46] (580/730) id=200 zh finish=stop completion=495 wall=8.7s predicted_per_s=60.09 draft=420/357
[2026-09-30T17:14:51] (581/730) id=201 en finish=stop completion=259 wall=4.8s predicted_per_s=59.37 draft=222/187
[2026-09-30T17:14:56] (582/730) id=201 es finish=stop completion=280 wall=5.1s predicted_per_s=60.09 draft=237/201
[2026-09-30T17:14:59] (583/730) id=201 zh finish=stop completion=175 wall=3.3s predicted_per_s=60.57 draft=147/126
[2026-09-30T17:15:09] (584/730) id=202 en finish=stop completion=561 wall=9.8s predicted_per_s=59.96 draft=477/403
[2026-09-30T17:15:31] (585/730) id=202 es finish=stop completion=1178 wall=21.8s predicted_per_s=55.12 draft=1089/815
[2026-09-30T17:15:45] (586/730) id=202 zh finish=stop completion=827 wall=14.4s predicted_per_s=59.55 draft=708/590
[2026-09-30T17:15:49] (587/730) id=203 en finish=stop completion=212 wall=3.9s predicted_per_s=62.02 draft=174/156
[2026-09-30T17:15:55] (588/730) id=203 es finish=stop completion=298 wall=5.3s predicted_per_s=61.71 draft=246/215
[2026-09-30T17:15:59] (589/730) id=203 zh finish=stop completion=257 wall=4.7s predicted_per_s=60.61 draft=216/187
[2026-09-30T17:16:05] (590/730) id=204 en finish=stop completion=329 wall=6.0s predicted_per_s=60.07 draft=279/236
[2026-09-30T17:16:15] (591/730) id=204 es finish=stop completion=510 wall=9.4s predicted_per_s=57.73 draft=450/361
[2026-09-30T17:16:22] (592/730) id=204 zh finish=stop completion=450 wall=7.9s predicted_per_s=60.20 draft=381/323
[2026-09-30T17:16:27] (593/730) id=205 en finish=stop completion=297 wall=5.0s predicted_per_s=64.62 draft=234/219
[2026-09-30T17:16:34] (594/730) id=205 es finish=stop completion=343 wall=6.2s predicted_per_s=60.03 draft=291/247
[2026-09-30T17:16:39] (595/730) id=205 zh finish=stop completion=341 wall=5.8s predicted_per_s=63.65 draft=273/250
[2026-09-30T17:16:54] (596/730) id=206 en finish=stop completion=802 wall=14.3s predicted_per_s=58.01 draft=705/566
[2026-09-30T17:17:10] (597/730) id=206 es finish=stop completion=887 wall=16.5s predicted_per_s=55.37 draft=816/616
[2026-09-30T17:17:29] (598/730) id=206 zh finish=stop completion=1029 wall=18.4s predicted_per_s=57.26 draft=915/724
[2026-09-30T17:17:36] (599/730) id=207 en finish=stop completion=403 wall=7.4s predicted_per_s=58.56 draft=351/288
[2026-09-30T17:17:42] (600/730) id=207 es finish=stop completion=334 wall=6.1s predicted_per_s=59.66 draft=285/238
[2026-09-30T17:17:48] (601/730) id=207 zh finish=stop completion=320 wall=5.7s predicted_per_s=61.01 draft=267/232
[2026-09-30T17:17:56] (602/730) id=208 en finish=stop completion=452 wall=7.7s predicted_per_s=62.33 draft=369/329
[2026-09-30T17:18:04] (603/730) id=208 es finish=stop completion=486 wall=8.7s predicted_per_s=59.34 draft=417/346
[2026-09-30T17:18:12] (604/730) id=208 zh finish=stop completion=466 wall=7.9s predicted_per_s=62.29 draft=381/340
[2026-09-30T17:18:16] (605/730) id=209 en finish=stop completion=188 wall=3.5s predicted_per_s=61.26 draft=156/135
[2026-09-30T17:18:20] (606/730) id=209 es finish=stop completion=214 wall=4.1s predicted_per_s=59.47 draft=183/155
[2026-09-30T17:18:23] (607/730) id=209 zh finish=stop completion=187 wall=3.4s predicted_per_s=62.14 draft=153/135
[2026-09-30T17:18:30] (608/730) id=210 en finish=stop completion=411 wall=7.0s predicted_per_s=62.81 draft=333/300
[2026-09-30T17:18:44] (609/730) id=210 es finish=stop completion=804 wall=13.9s predicted_per_s=59.87 draft=684/578
[2026-09-30T17:19:01] (610/730) id=210 zh finish=stop completion=986 wall=17.1s predicted_per_s=59.14 draft=849/703
[2026-09-30T17:19:09] (611/730) id=211 en finish=stop completion=420 wall=7.5s predicted_per_s=59.89 draft=357/300
[2026-09-30T17:19:19] (612/730) id=211 es finish=stop completion=531 wall=10.2s predicted_per_s=54.66 draft=495/367
[2026-09-30T17:19:26] (613/730) id=211 zh finish=stop completion=384 wall=7.1s predicted_per_s=58.23 draft=336/274
[2026-09-30T17:19:34] (614/730) id=212 en finish=stop completion=467 wall=8.0s predicted_per_s=61.49 draft=387/337
[2026-09-30T17:19:43] (615/730) id=212 es finish=stop completion=505 wall=8.9s predicted_per_s=59.92 draft=429/362
[2026-09-30T17:19:50] (616/730) id=212 zh finish=stop completion=443 wall=7.7s predicted_per_s=61.11 draft=369/322
[2026-09-30T17:19:57] (617/730) id=213 en finish=stop completion=363 wall=6.4s predicted_per_s=60.96 draft=303/264
[2026-09-30T17:20:03] (618/730) id=213 es finish=stop completion=325 wall=6.1s predicted_per_s=57.39 draft=288/231
[2026-09-30T17:20:08] (619/730) id=213 zh finish=stop completion=280 wall=5.5s predicted_per_s=54.64 draft=261/192
[2026-09-30T17:20:13] (620/730) id=214 en finish=stop completion=241 wall=4.3s predicted_per_s=61.86 draft=198/175
[2026-09-30T17:20:19] (621/730) id=214 es finish=stop completion=334 wall=5.9s predicted_per_s=61.60 draft=276/241
[2026-09-30T17:20:24] (622/730) id=214 zh finish=stop completion=267 wall=5.2s predicted_per_s=55.96 draft=243/185
[2026-09-30T17:20:37] (623/730) id=215 en finish=stop completion=746 wall=12.9s predicted_per_s=60.01 draft=633/534
[2026-09-30T17:23:15] (624/730) id=215 es finish=length completion=8192 wall=158.2s predicted_per_s=51.93 draft=7901/5557
[2026-09-30T17:23:26] (625/730) id=215 zh finish=stop completion=642 wall=11.5s predicted_per_s=59.24 draft=552/457
[2026-09-30T17:23:31] (626/730) id=216 en finish=stop completion=278 wall=4.9s predicted_per_s=62.85 draft=225/202
[2026-09-30T17:23:37] (627/730) id=216 es finish=stop completion=315 wall=5.8s predicted_per_s=59.37 draft=270/226
[2026-09-30T17:23:42] (628/730) id=216 zh finish=stop completion=260 wall=4.7s predicted_per_s=61.21 draft=216/187
[2026-09-30T17:23:48] (629/730) id=217 en finish=stop completion=354 wall=6.4s predicted_per_s=59.46 draft=303/252
[2026-09-30T17:23:56] (630/730) id=217 es finish=stop completion=456 wall=8.3s predicted_per_s=58.21 draft=399/325
[2026-09-30T17:24:03] (631/730) id=217 zh finish=stop completion=366 wall=6.4s predicted_per_s=60.87 draft=306/263
[2026-09-30T17:24:06] (632/730) id=218 en finish=stop completion=163 wall=3.1s predicted_per_s=61.33 draft=135/118
[2026-09-30T17:24:10] (633/730) id=218 es finish=stop completion=221 wall=4.1s predicted_per_s=60.47 draft=186/161
[2026-09-30T17:24:14] (634/730) id=218 zh finish=stop completion=223 wall=4.2s predicted_per_s=58.18 draft=195/158
[2026-09-30T17:24:23] (635/730) id=219 en finish=stop completion=488 wall=8.4s predicted_per_s=60.93 draft=408/353
[2026-09-30T17:24:32] (636/730) id=219 es finish=stop completion=528 wall=9.1s predicted_per_s=60.98 draft=441/382
[2026-09-30T17:24:40] (637/730) id=219 zh finish=stop completion=505 wall=8.5s predicted_per_s=62.56 draft=411/369
[2026-09-30T17:24:48] (638/730) id=220 en finish=stop completion=465 wall=7.9s predicted_per_s=62.15 draft=381/340
[2026-09-30T17:24:57] (639/730) id=220 es finish=stop completion=506 wall=8.9s predicted_per_s=59.70 draft=432/361
[2026-09-30T17:25:03] (640/730) id=220 zh finish=stop completion=348 wall=6.0s predicted_per_s=62.16 draft=285/253
[2026-09-30T17:25:08] (641/730) id=221 en finish=stop completion=265 wall=4.7s predicted_per_s=61.52 draft=219/192
[2026-09-30T17:25:13] (642/730) id=221 es finish=stop completion=274 wall=5.1s predicted_per_s=58.82 draft=237/196
[2026-09-30T17:25:17] (643/730) id=221 zh finish=stop completion=217 wall=3.8s predicted_per_s=64.51 draft=171/159
[2026-09-30T17:25:22] (644/730) id=222 en finish=stop completion=273 wall=5.1s predicted_per_s=58.63 draft=237/196
[2026-09-30T17:25:27] (645/730) id=222 es finish=stop completion=296 wall=5.5s predicted_per_s=58.40 draft=258/211
[2026-09-30T17:25:32] (646/730) id=222 zh finish=stop completion=256 wall=4.7s predicted_per_s=59.49 draft=219/183
[2026-09-30T17:25:36] (647/730) id=223 en finish=stop completion=205 wall=3.7s predicted_per_s=62.08 draft=168/149
[2026-09-30T17:25:42] (648/730) id=223 es finish=stop completion=328 wall=5.9s predicted_per_s=59.29 draft=282/234
[2026-09-30T17:25:46] (649/730) id=223 zh finish=stop completion=256 wall=4.5s predicted_per_s=62.10 draft=210/187
[2026-09-30T17:25:50] (650/730) id=224 en finish=stop completion=198 wall=3.5s predicted_per_s=64.62 draft=156/147
[2026-09-30T17:25:55] (651/730) id=224 es finish=stop completion=277 wall=5.0s predicted_per_s=60.26 draft=234/198
[2026-09-30T17:25:59] (652/730) id=224 zh finish=stop completion=206 wall=3.8s predicted_per_s=60.32 draft=174/149
[2026-09-30T17:26:03] (653/730) id=225 en finish=stop completion=211 wall=3.8s predicted_per_s=62.65 draft=171/153
[2026-09-30T17:26:08] (654/730) id=225 es finish=stop completion=312 wall=5.9s predicted_per_s=57.55 draft=276/220
[2026-09-30T17:26:13] (655/730) id=225 zh finish=stop completion=242 wall=4.3s predicted_per_s=62.10 draft=198/176
[2026-09-30T17:26:17] (656/730) id=226 en finish=stop completion=239 wall=4.5s predicted_per_s=58.74 draft=207/171
[2026-09-30T17:26:22] (657/730) id=226 es finish=stop completion=241 wall=4.9s predicted_per_s=53.84 draft=228/164
[2026-09-30T17:26:26] (658/730) id=226 zh finish=stop completion=187 wall=3.7s predicted_per_s=56.62 draft=168/131
[2026-09-30T17:26:33] (659/730) id=227 en finish=stop completion=413 wall=7.0s predicted_per_s=63.21 draft=333/302
[2026-09-30T17:26:40] (660/730) id=227 es finish=stop completion=441 wall=7.5s predicted_per_s=62.34 draft=360/322
[2026-09-30T17:26:50] (661/730) id=227 zh finish=stop completion=516 wall=9.2s predicted_per_s=58.81 draft=447/368
[2026-09-30T17:26:56] (662/730) id=228 en finish=stop completion=333 wall=5.9s predicted_per_s=62.09 draft=273/242
[2026-09-30T17:27:05] (663/730) id=228 es finish=stop completion=522 wall=9.1s predicted_per_s=61.08 draft=435/376
[2026-09-30T17:27:11] (664/730) id=228 zh finish=stop completion=330 wall=5.9s predicted_per_s=60.84 draft=276/239
[2026-09-30T17:27:16] (665/730) id=229 en finish=stop completion=282 wall=5.2s predicted_per_s=59.02 draft=243/202
[2026-09-30T17:27:21] (666/730) id=229 es finish=stop completion=297 wall=5.6s predicted_per_s=57.94 draft=261/210
[2026-09-30T17:27:26] (667/730) id=229 zh finish=stop completion=231 wall=4.4s predicted_per_s=58.45 draft=201/165
[2026-09-30T17:27:32] (668/730) id=230 en finish=stop completion=379 wall=6.7s predicted_per_s=60.65 draft=318/275
[2026-09-30T17:27:41] (669/730) id=230 es finish=stop completion=472 wall=8.5s predicted_per_s=58.88 draft=408/336
[2026-09-30T17:27:49] (670/730) id=230 zh finish=stop completion=428 wall=8.2s predicted_per_s=55.06 draft=396/296
[2026-09-30T17:27:55] (671/730) id=231 en finish=stop completion=363 wall=6.2s predicted_per_s=63.43 draft=291/266
[2026-09-30T17:28:02] (672/730) id=231 es finish=stop completion=401 wall=7.0s predicted_per_s=60.79 draft=336/290
[2026-09-30T17:28:08] (673/730) id=231 zh finish=stop completion=305 wall=5.5s predicted_per_s=60.83 draft=255/221
[2026-09-30T17:28:11] (674/730) id=232 en finish=stop completion=197 wall=3.6s predicted_per_s=62.89 draft=159/143
[2026-09-30T17:28:16] (675/730) id=232 es finish=stop completion=241 wall=4.6s predicted_per_s=58.38 draft=210/172
[2026-09-30T17:28:38] (676/730) id=232 zh finish=stop completion=1123 wall=21.8s predicted_per_s=52.54 draft=1089/759
[2026-09-30T17:28:42] (677/730) id=233 en finish=stop completion=225 wall=4.3s predicted_per_s=58.68 draft=195/162
[2026-09-30T17:28:49] (678/730) id=233 es finish=stop completion=390 wall=6.6s predicted_per_s=63.59 draft=312/286
[2026-09-30T17:28:54] (679/730) id=233 zh finish=stop completion=298 wall=5.4s predicted_per_s=59.49 draft=255/213
[2026-09-30T17:28:59] (680/730) id=234 en finish=stop completion=290 wall=5.4s predicted_per_s=58.59 draft=252/207
[2026-09-30T17:29:08] (681/730) id=234 es finish=stop completion=501 wall=9.0s predicted_per_s=58.68 draft=435/357
[2026-09-30T17:29:12] (682/730) id=234 zh finish=stop completion=192 wall=3.5s predicted_per_s=62.46 draft=156/140
[2026-09-30T17:29:17] (683/730) id=235 en finish=stop completion=304 wall=5.3s predicted_per_s=62.84 draft=246/224
[2026-09-30T17:29:32] (684/730) id=235 es finish=stop completion=841 wall=15.1s predicted_per_s=57.13 draft=750/591
[2026-09-30T17:29:39] (685/730) id=235 zh finish=stop completion=371 wall=6.9s predicted_per_s=57.80 draft=327/262
[2026-09-30T17:29:44] (686/730) id=236 en finish=stop completion=271 wall=5.3s predicted_per_s=56.10 draft=246/190
[2026-09-30T17:30:03] (687/730) id=236 es finish=stop completion=985 wall=18.7s predicted_per_s=53.97 draft=930/675
[2026-09-30T17:30:17] (688/730) id=236 zh finish=stop completion=709 wall=13.7s predicted_per_s=53.31 draft=678/482
[2026-09-30T17:30:26] (689/730) id=237 en finish=stop completion=487 wall=9.1s predicted_per_s=56.65 draft=438/343
[2026-09-30T17:30:46] (690/730) id=237 es finish=stop completion=1101 wall=20.3s predicted_per_s=55.44 draft=1011/765
[2026-09-30T17:31:09] (691/730) id=237 zh finish=stop completion=1205 wall=22.3s predicted_per_s=55.25 draft=1110/835
[2026-09-30T17:31:12] (692/730) id=238 en finish=stop completion=171 wall=3.2s predicted_per_s=61.56 draft=141/124
[2026-09-30T17:31:15] (693/730) id=238 es finish=stop completion=181 wall=3.4s predicted_per_s=60.12 draft=153/129
[2026-09-30T17:31:19] (694/730) id=238 zh finish=stop completion=177 wall=3.5s predicted_per_s=57.74 draft=156/124
[2026-09-30T17:31:23] (695/730) id=239 en finish=stop completion=263 wall=4.6s predicted_per_s=62.81 draft=213/192
[2026-09-30T17:31:29] (696/730) id=239 es finish=stop completion=304 wall=5.4s predicted_per_s=61.41 draft=252/221
[2026-09-30T17:31:34] (697/730) id=239 zh finish=stop completion=276 wall=4.9s predicted_per_s=61.59 draft=228/200
[2026-09-30T17:31:40] (698/730) id=240 en finish=stop completion=357 wall=6.2s predicted_per_s=61.81 draft=294/260
[2026-09-30T17:31:48] (699/730) id=240 es finish=stop completion=471 wall=8.4s predicted_per_s=59.67 draft=402/339
[2026-09-30T17:31:55] (700/730) id=240 zh finish=stop completion=393 wall=7.1s predicted_per_s=59.59 draft=336/283
[2026-09-30T17:32:00] (701/730) id=241 en finish=stop completion=282 wall=5.0s predicted_per_s=61.30 draft=234/205
[2026-09-30T17:32:06] (702/730) id=241 es finish=stop completion=344 wall=6.0s predicted_per_s=61.42 draft=285/251
[2026-09-30T17:32:11] (703/730) id=241 zh finish=stop completion=287 wall=5.1s predicted_per_s=60.86 draft=240/207
[2026-09-30T17:32:32] (704/730) id=242 en finish=stop completion=1128 wall=21.0s predicted_per_s=54.72 draft=1050/780
[2026-09-30T17:32:55] (705/730) id=242 es finish=stop completion=1155 wall=22.4s predicted_per_s=52.71 draft=1116/783
[2026-09-30T17:33:07] (706/730) id=242 zh finish=stop completion=705 wall=12.6s predicted_per_s=57.79 draft=621/497
[2026-09-30T17:33:16] (707/730) id=243 en finish=stop completion=474 wall=8.4s predicted_per_s=59.57 draft=405/338
[2026-09-30T17:33:29] (708/730) id=243 es finish=stop completion=704 wall=13.1s predicted_per_s=55.85 draft=642/492
[2026-09-30T17:33:39] (709/730) id=243 zh finish=stop completion=516 wall=9.6s predicted_per_s=56.15 draft=468/361
[2026-09-30T17:33:45] (710/730) id=244 en finish=stop completion=311 wall=6.0s predicted_per_s=56.14 draft=282/218
[2026-09-30T17:33:50] (711/730) id=244 es finish=stop completion=336 wall=5.9s predicted_per_s=61.24 draft=279/242
[2026-09-30T17:33:56] (712/730) id=244 zh finish=stop completion=327 wall=5.9s predicted_per_s=59.66 draft=279/234
[2026-09-30T17:34:04] (713/730) id=245 en finish=stop completion=448 wall=7.7s predicted_per_s=62.26 draft=366/327
[2026-09-30T17:34:15] (714/730) id=245 es finish=stop completion=628 wall=11.3s predicted_per_s=57.92 draft=552/445
[2026-09-30T17:34:31] (715/730) id=245 zh finish=stop completion=870 wall=15.4s predicted_per_s=58.14 draft=762/616
[2026-09-30T17:34:44] (716/730) id=246 en finish=stop completion=726 wall=12.8s predicted_per_s=58.68 draft=630/515
[2026-09-30T17:34:55] (717/730) id=246 es finish=stop completion=645 wall=11.8s predicted_per_s=57.08 draft=576/454
[2026-09-30T17:35:06] (718/730) id=246 zh finish=stop completion=581 wall=10.2s predicted_per_s=59.35 draft=498/415
[2026-09-30T17:35:13] (719/730) id=247 en finish=stop completion=417 wall=7.4s predicted_per_s=60.51 draft=351/301
[2026-09-30T17:35:22] (720/730) id=247 es finish=stop completion=521 wall=9.0s predicted_per_s=61.03 draft=435/377
[2026-09-30T17:35:29] (721/730) id=247 zh finish=stop completion=387 wall=7.3s predicted_per_s=56.70 draft=348/272
[2026-09-30T17:35:35] (722/730) id=248 en finish=stop completion=303 wall=5.6s predicted_per_s=59.09 draft=261/217
[2026-09-30T17:35:42] (723/730) id=248 es finish=stop completion=394 wall=7.1s predicted_per_s=59.15 draft=339/280
[2026-09-30T17:35:48] (724/730) id=248 zh finish=stop completion=318 wall=5.9s predicted_per_s=58.04 draft=279/225
[2026-09-30T17:35:51] (725/730) id=249 en finish=stop completion=180 wall=3.4s predicted_per_s=61.03 draft=150/129
[2026-09-30T17:35:57] (726/730) id=249 es finish=stop completion=296 wall=5.2s predicted_per_s=61.96 draft=243/217
[2026-09-30T17:36:00] (727/730) id=249 zh finish=stop completion=190 wall=3.4s predicted_per_s=63.14 draft=153/138
[2026-09-30T17:36:07] (728/730) id=250 en finish=stop completion=414 wall=7.1s predicted_per_s=62.12 draft=339/303
[2026-09-30T17:36:21] (729/730) id=250 es finish=stop completion=784 wall=14.1s predicted_per_s=57.39 draft=696/551
[2026-09-30T17:36:27] (730/730) id=250 zh finish=stop completion=343 wall=6.1s predicted_per_s=61.27 draft=285/250
[2026-09-30T17:36:27] run finished: 730/730 succeeded; total in file=750/750
