[2026-10-01T16:51:56] saved server props -> server_props_proxlite.json
Using the latest cached version of the dataset since li-lab/MMLU-ProX-Lite couldn't be found on the Hugging Face Hub (offline mode is enabled).
Found the latest cached dataset configuration 'en' at ~/es-eval/.hf_cache/datasets/li-lab___mmlu-pro_x-lite/en/0.0.0/e82aafb9460529687d3c7e51b401d8dd1dd309dd (last modified on Wed Sep 30 16:12:28 2026).
Using the latest cached version of the dataset since li-lab/MMLU-ProX-Lite couldn't be found on the Hugging Face Hub (offline mode is enabled).
Found the latest cached dataset configuration 'es' at ~/es-eval/.hf_cache/datasets/li-lab___mmlu-pro_x-lite/es/0.0.0/e82aafb9460529687d3c7e51b401d8dd1dd309dd (last modified on Wed Sep 30 16:12:31 2026).
Using the latest cached version of the dataset since li-lab/MMLU-ProX-Lite couldn't be found on the Hugging Face Hub (offline mode is enabled).
Found the latest cached dataset configuration 'zh' at ~/es-eval/.hf_cache/datasets/li-lab___mmlu-pro_x-lite/zh/0.0.0/e82aafb9460529687d3c7e51b401d8dd1dd309dd (last modified on Wed Sep 30 16:12:34 2026).
[2026-10-01T16:51:56] question_id 70..657 (588 ids), langs ['en', 'es', 'zh']; done=0 pending=1764 total=1764
[2026-10-01T16:52:34] (1/1764) id=70 en finish=stop completion=1789 wall=38.1s predicted_per_s=48.06 draft=1887/1162
[2026-10-01T16:53:00] (2/1764) id=70 es finish=stop completion=1256 wall=25.8s predicted_per_s=50.83 draft=1248/840
[2026-10-01T16:53:16] (3/1764) id=70 zh finish=stop completion=791 wall=16.1s predicted_per_s=52.05 draft=768/535
[2026-10-01T16:53:33] (4/1764) id=71 en finish=stop completion=1025 wall=17.3s predicted_per_s=63.37 draft=816/754
[2026-10-01T16:54:02] (5/1764) id=71 es finish=stop completion=1699 wall=29.4s predicted_per_s=60.24 draft=1419/1226
[2026-10-01T16:54:44] (6/1764) id=71 zh finish=stop completion=2405 wall=41.2s predicted_per_s=59.97 draft=2019/1732
[2026-10-01T16:55:02] (7/1764) id=72 en finish=stop completion=995 wall=18.0s predicted_per_s=58.18 draft=864/707
[2026-10-01T16:55:18] (8/1764) id=72 es finish=stop completion=851 wall=16.3s predicted_per_s=55.36 draft=777/591
[2026-10-01T16:55:49] (9/1764) id=72 zh finish=stop completion=1597 wall=30.6s predicted_per_s=53.82 draft=1497/1098
[2026-10-01T16:55:59] (10/1764) id=73 en finish=stop completion=494 wall=10.3s predicted_per_s=52.41 draft=477/335
[2026-10-01T16:56:09] (11/1764) id=73 es finish=stop completion=473 wall=9.8s predicted_per_s=53.09 draft=450/322
[2026-10-01T16:56:25] (12/1764) id=73 zh finish=stop completion=765 wall=16.0s predicted_per_s=50.28 draft=768/511
[2026-10-01T16:56:34] (13/1764) id=74 en finish=stop completion=495 wall=9.4s predicted_per_s=60.11 draft=414/357
[2026-10-01T16:56:46] (14/1764) id=74 es finish=stop completion=668 wall=12.0s predicted_per_s=61.61 draft=546/485
[2026-10-01T16:56:55] (15/1764) id=74 zh finish=stop completion=500 wall=9.4s predicted_per_s=60.41 draft=417/361
[2026-10-01T16:57:09] (16/1764) id=75 en finish=stop completion=752 wall=13.6s predicted_per_s=59.33 draft=639/540
[2026-10-01T16:57:24] (17/1764) id=75 es finish=stop completion=786 wall=14.8s predicted_per_s=56.60 draft=702/553
[2026-10-01T16:57:41] (18/1764) id=75 zh finish=stop completion=974 wall=17.3s predicted_per_s=59.57 draft=825/700
[2026-10-01T16:57:55] (19/1764) id=76 en finish=stop completion=607 wall=13.8s predicted_per_s=47.19 draft=651/389
[2026-10-01T16:58:23] (20/1764) id=76 es finish=stop completion=1315 wall=28.3s predicted_per_s=48.01 draft=1383/853
[2026-10-01T16:58:43] (21/1764) id=76 zh finish=stop completion=951 wall=20.2s predicted_per_s=49.28 draft=975/626
[2026-10-01T16:58:59] (22/1764) id=77 en finish=stop completion=869 wall=15.7s predicted_per_s=58.91 draft=741/624
[2026-10-01T16:59:16] (23/1764) id=77 es finish=stop completion=948 wall=17.4s predicted_per_s=57.90 draft=828/671
[2026-10-01T16:59:31] (24/1764) id=77 zh finish=stop completion=785 wall=14.8s predicted_per_s=56.51 draft=702/551
[2026-10-01T16:59:40] (25/1764) id=78 en finish=stop completion=493 wall=9.2s predicted_per_s=59.39 draft=420/353
[2026-10-01T16:59:51] (26/1764) id=78 es finish=stop completion=548 wall=10.6s predicted_per_s=56.41 draft=492/384
[2026-10-01T17:00:02] (27/1764) id=78 zh finish=stop completion=547 wall=10.6s predicted_per_s=56.62 draft=489/385
[2026-10-01T17:00:09] (28/1764) id=79 en finish=stop completion=378 wall=7.4s predicted_per_s=58.47 draft=327/269
[2026-10-01T17:00:20] (29/1764) id=79 es finish=stop completion=571 wall=10.7s predicted_per_s=58.36 draft=495/408
[2026-10-01T17:00:32] (30/1764) id=79 zh finish=stop completion=619 wall=11.8s predicted_per_s=56.93 draft=549/438
[2026-10-01T17:02:43] (31/1764) id=80 en finish=stop completion=7284 wall=131.4s predicted_per_s=55.88 draft=6486/5124
[2026-10-01T17:07:46] (32/1764) id=80 es finish=length completion=16384 wall=303.4s predicted_per_s=54.22 draft=14544/11535
[2026-10-01T17:12:20] (33/1764) id=80 zh finish=stop completion=15258 wall=273.8s predicted_per_s=56.02 draft=13167/10870
[2026-10-01T17:12:28] (34/1764) id=81 en finish=stop completion=400 wall=7.7s predicted_per_s=63.01 draft=321/294
[2026-10-01T17:12:38] (35/1764) id=81 es finish=stop completion=571 wall=10.5s predicted_per_s=60.15 draft=480/411
[2026-10-01T17:12:47] (36/1764) id=81 zh finish=stop completion=500 wall=9.1s predicted_per_s=61.58 draft=411/365
[2026-10-01T17:12:59] (37/1764) id=82 en finish=stop completion=504 wall=11.3s predicted_per_s=47.91 draft=534/325
[2026-10-01T17:13:10] (38/1764) id=82 es finish=stop completion=530 wall=11.5s predicted_per_s=49.84 draft=540/351
[2026-10-01T17:13:19] (39/1764) id=82 zh finish=stop completion=374 wall=8.5s predicted_per_s=48.28 draft=393/245
[2026-10-01T17:13:29] (40/1764) id=83 en finish=stop completion=570 wall=10.0s predicted_per_s=63.09 draft=456/417
[2026-10-01T17:13:38] (41/1764) id=83 es finish=stop completion=500 wall=9.3s predicted_per_s=60.59 draft=417/360
[2026-10-01T17:13:48] (42/1764) id=83 zh finish=stop completion=554 wall=10.0s predicted_per_s=61.35 draft=456/402
[2026-10-01T17:14:54] (43/1764) id=84 en finish=stop completion=3622 wall=66.3s predicted_per_s=55.51 draft=3279/2530
[2026-10-01T17:15:36] (44/1764) id=84 es finish=stop completion=2299 wall=42.0s predicted_per_s=56.40 draft=2052/1615
[2026-10-01T17:16:40] (45/1764) id=84 zh finish=stop completion=3428 wall=63.8s predicted_per_s=54.55 draft=3153/2379
[2026-10-01T17:17:08] (46/1764) id=85 en finish=stop completion=1536 wall=28.4s predicted_per_s=56.51 draft=1368/1079
[2026-10-01T17:19:32] (47/1764) id=85 es finish=stop completion=7588 wall=143.7s predicted_per_s=53.25 draft=7074/5231
[2026-10-01T17:19:54] (48/1764) id=85 zh finish=stop completion=1167 wall=21.9s predicted_per_s=56.47 draft=1038/821
[2026-10-01T17:20:02] (49/1764) id=86 en finish=stop completion=451 wall=8.2s predicted_per_s=62.43 draft=363/329
[2026-10-01T17:20:12] (50/1764) id=86 es finish=stop completion=547 wall=10.3s predicted_per_s=58.73 draft=468/392
[2026-10-01T17:20:20] (51/1764) id=86 zh finish=stop completion=417 wall=7.6s predicted_per_s=62.53 draft=336/305
[2026-10-01T17:20:26] (52/1764) id=87 en finish=stop completion=331 wall=6.4s predicted_per_s=60.47 draft=276/240
[2026-10-01T17:20:37] (53/1764) id=87 es finish=stop completion=558 wall=10.6s predicted_per_s=57.95 draft=486/395
[2026-10-01T17:20:46] (54/1764) id=87 zh finish=stop completion=474 wall=8.7s predicted_per_s=60.33 draft=396/342
[2026-10-01T17:21:00] (55/1764) id=88 en finish=stop completion=749 wall=14.6s predicted_per_s=55.02 draft=675/523
[2026-10-01T17:21:18] (56/1764) id=88 es finish=stop completion=782 wall=17.2s predicted_per_s=49.53 draft=759/530
[2026-10-01T17:21:32] (57/1764) id=88 zh finish=stop completion=675 wall=14.1s predicted_per_s=52.83 draft=627/465
[2026-10-01T17:21:41] (58/1764) id=89 en finish=stop completion=496 wall=9.0s predicted_per_s=62.83 draft=396/365
[2026-10-01T17:21:51] (59/1764) id=89 es finish=stop completion=534 wall=9.8s predicted_per_s=61.62 draft=435/390
[2026-10-01T17:22:01] (60/1764) id=89 zh finish=stop completion=585 wall=10.7s predicted_per_s=61.23 draft=480/427
[2026-10-01T17:22:11] (61/1764) id=90 en finish=stop completion=516 wall=9.5s predicted_per_s=59.64 draft=435/371
[2026-10-01T17:22:41] (62/1764) id=90 es finish=stop completion=1650 wall=29.9s predicted_per_s=56.99 draft=1452/1165
[2026-10-01T17:23:30] (63/1764) id=90 zh finish=stop completion=2644 wall=48.9s predicted_per_s=55.18 draft=2403/1845
[2026-10-01T17:24:10] (64/1764) id=91 en finish=stop completion=2156 wall=40.8s predicted_per_s=54.06 draft=2007/1487
[2026-10-01T17:24:52] (65/1764) id=91 es finish=stop completion=2038 wall=41.6s predicted_per_s=50.24 draft=2043/1357
[2026-10-01T17:26:06] (66/1764) id=91 zh finish=stop completion=3681 wall=73.9s predicted_per_s=50.40 draft=3606/2479
[2026-10-01T17:26:51] (67/1764) id=92 en finish=stop completion=2521 wall=45.1s predicted_per_s=57.16 draft=2220/1781
[2026-10-01T17:27:15] (68/1764) id=92 es finish=stop completion=1359 wall=23.7s predicted_per_s=59.88 draft=1140/980
[2026-10-01T17:27:24] (69/1764) id=92 zh finish=stop completion=498 wall=9.8s predicted_per_s=56.25 draft=447/349
[2026-10-01T17:27:35] (70/1764) id=93 en finish=stop completion=575 wall=10.6s predicted_per_s=59.69 draft=486/412
[2026-10-01T17:27:45] (71/1764) id=93 es finish=stop completion=533 wall=9.9s predicted_per_s=59.79 draft=450/384
[2026-10-01T17:27:53] (72/1764) id=93 zh finish=stop completion=397 wall=7.7s predicted_per_s=59.30 draft=336/285
[2026-10-01T17:28:55] (73/1764) id=94 en finish=stop completion=3246 wall=61.9s predicted_per_s=53.22 draft=3054/2228
[2026-10-01T17:30:48] (74/1764) id=94 es finish=stop completion=6278 wall=113.4s predicted_per_s=55.87 draft=5586/4415
[2026-10-01T17:32:36] (75/1764) id=94 zh finish=stop completion=5551 wall=108.6s predicted_per_s=51.61 draft=5367/3763
[2026-10-01T17:33:27] (76/1764) id=95 en finish=stop completion=2983 wall=50.9s predicted_per_s=59.90 draft=2499/2151
[2026-10-01T17:34:15] (77/1764) id=95 es finish=stop completion=2723 wall=47.4s predicted_per_s=58.67 draft=2337/1944
[2026-10-01T17:35:16] (78/1764) id=95 zh finish=stop completion=3611 wall=61.5s predicted_per_s=59.63 draft=3039/2598
[2026-10-01T17:35:28] (79/1764) id=96 en finish=stop completion=588 wall=11.2s predicted_per_s=58.28 draft=510/418
[2026-10-01T17:35:40] (80/1764) id=96 es finish=stop completion=638 wall=12.6s predicted_per_s=55.69 draft=579/444
[2026-10-01T17:37:32] (81/1764) id=96 zh finish=stop completion=6357 wall=112.1s predicted_per_s=57.25 draft=5532/4513
[2026-10-01T17:38:13] (82/1764) id=97 en finish=stop completion=2391 wall=40.7s predicted_per_s=60.48 draft=1983/1732
[2026-10-01T17:40:07] (83/1764) id=97 es finish=stop completion=6762 wall=114.1s predicted_per_s=59.91 draft=5571/4907
[2026-10-01T17:41:41] (84/1764) id=97 zh finish=stop completion=5557 wall=94.4s predicted_per_s=59.66 draft=4635/4012
[2026-10-01T17:42:57] (85/1764) id=98 en finish=stop completion=4176 wall=75.8s predicted_per_s=56.04 draft=3693/2944
[2026-10-01T17:43:47] (86/1764) id=98 es finish=stop completion=2951 wall=50.1s predicted_per_s=60.11 draft=2463/2132
[2026-10-01T17:44:43] (87/1764) id=98 zh finish=stop completion=3195 wall=55.9s predicted_per_s=58.39 draft=2715/2290
[2026-10-01T17:45:03] (88/1764) id=99 en finish=stop completion=1014 wall=19.7s predicted_per_s=54.26 draft=939/701
[2026-10-01T17:45:18] (89/1764) id=99 es finish=stop completion=834 wall=15.3s predicted_per_s=58.20 draft=723/592
[2026-10-01T17:45:34] (90/1764) id=99 zh finish=stop completion=861 wall=15.9s predicted_per_s=57.71 draft=753/609
[2026-10-01T17:45:44] (91/1764) id=100 en finish=stop completion=546 wall=10.2s predicted_per_s=58.83 draft=468/389
[2026-10-01T17:45:54] (92/1764) id=100 es finish=stop completion=539 wall=9.9s predicted_per_s=60.33 draft=450/391
[2026-10-01T17:46:05] (93/1764) id=100 zh finish=stop completion=585 wall=10.5s predicted_per_s=61.37 draft=480/425
[2026-10-01T17:46:24] (94/1764) id=101 en finish=stop completion=1098 wall=19.2s predicted_per_s=60.52 draft=915/792
[2026-10-01T17:46:48] (95/1764) id=101 es finish=stop completion=1319 wall=24.2s predicted_per_s=57.11 draft=1161/934
[2026-10-01T17:47:04] (96/1764) id=101 zh finish=stop completion=867 wall=15.7s predicted_per_s=58.51 draft=750/617
[2026-10-01T17:47:18] (97/1764) id=102 en finish=stop completion=683 wall=13.9s predicted_per_s=53.47 draft=645/467
[2026-10-01T17:47:46] (98/1764) id=102 es finish=stop completion=1378 wall=27.9s predicted_per_s=51.40 draft=1356/925
~/anaconda3/lib/python3.14/multiprocessing/resource_tracker.py:475: UserWarning: resource_tracker: There appear to be 1 leaked semaphore objects to clean up at shutdown: {'/mp-ie25uq08'}
  warnings.warn(
Using the latest cached version of the dataset since li-lab/MMLU-ProX-Lite couldn't be found on the Hugging Face Hub (offline mode is enabled).
Found the latest cached dataset configuration 'en' at ~/es-eval/.hf_cache/datasets/li-lab___mmlu-pro_x-lite/en/0.0.0/e82aafb9460529687d3c7e51b401d8dd1dd309dd (last modified on Wed Sep 30 16:12:28 2026).
Using the latest cached version of the dataset since li-lab/MMLU-ProX-Lite couldn't be found on the Hugging Face Hub (offline mode is enabled).
Found the latest cached dataset configuration 'es' at ~/es-eval/.hf_cache/datasets/li-lab___mmlu-pro_x-lite/es/0.0.0/e82aafb9460529687d3c7e51b401d8dd1dd309dd (last modified on Wed Sep 30 16:12:31 2026).
Using the latest cached version of the dataset since li-lab/MMLU-ProX-Lite couldn't be found on the Hugging Face Hub (offline mode is enabled).
Found the latest cached dataset configuration 'zh' at ~/es-eval/.hf_cache/datasets/li-lab___mmlu-pro_x-lite/zh/0.0.0/e82aafb9460529687d3c7e51b401d8dd1dd309dd (last modified on Wed Sep 30 16:12:34 2026).
[2026-10-02T17:02:48] --ids: 60 ids from the file
[2026-10-02T17:02:48] question_id 75..655 (60 ids), langs ['en', 'es', 'zh']; done=98 pending=168 total=180
[2026-10-02T17:03:23] (1/168) id=119 en finish=stop completion=1774 wall=35.5s predicted_per_s=51.06 draft=1746/1194
[2026-10-02T17:04:35] (2/168) id=119 es finish=stop completion=3658 wall=72.4s predicted_per_s=51.32 draft=3549/2477
[2026-10-02T17:05:42] (3/168) id=119 zh finish=stop completion=3187 wall=66.7s predicted_per_s=48.53 draft=3273/2097
[2026-10-02T17:06:21] (4/168) id=127 en finish=stop completion=1836 wall=39.3s predicted_per_s=48.20 draft=1896/1204
[2026-10-02T17:07:36] (5/168) id=127 es finish=stop completion=3472 wall=74.7s predicted_per_s=47.30 draft=3651/2254
[2026-10-02T17:08:42] (6/168) id=127 zh finish=stop completion=2969 wall=66.1s predicted_per_s=45.65 draft=3240/1889
[2026-10-02T17:09:08] (7/168) id=131 en finish=stop completion=1211 wall=26.0s predicted_per_s=49.00 draft=1233/801
[2026-10-02T17:09:43] (8/168) id=131 es finish=stop completion=1559 wall=34.7s predicted_per_s=46.80 draft=1662/1004
[2026-10-02T17:10:11] (9/168) id=131 zh finish=stop completion=1256 wall=28.0s predicted_per_s=46.72 draft=1344/808
[2026-10-02T17:11:17] (10/168) id=137 en finish=stop completion=3067 wall=65.9s predicted_per_s=47.30 draft=3258/1982
[2026-10-02T17:12:09] (11/168) id=137 es finish=stop completion=2375 wall=52.2s predicted_per_s=46.46 draft=2547/1525
[2026-10-02T17:12:55] (12/168) id=137 zh finish=stop completion=2029 wall=46.1s predicted_per_s=44.77 draft=2262/1275
[2026-10-02T17:14:19] (13/168) id=154 en finish=stop completion=3819 wall=84.0s predicted_per_s=45.98 draft=4131/2444
[2026-10-02T17:15:12] (14/168) id=154 es finish=stop completion=2432 wall=53.2s predicted_per_s=46.78 draft=2589/1568
[2026-10-02T17:16:55] (15/168) id=154 zh finish=stop completion=4699 wall=102.5s predicted_per_s=46.31 draft=5076/3007
[2026-10-02T17:17:15] (16/168) id=162 en finish=stop completion=1013 wall=20.1s predicted_per_s=52.51 draft=972/690
[2026-10-02T17:17:38] (17/168) id=162 es finish=stop completion=1118 wall=23.4s predicted_per_s=49.14 draft=1137/739
[2026-10-02T17:17:55] (18/168) id=162 zh finish=stop completion=858 wall=16.9s predicted_per_s=52.61 draft=816/586
[2026-10-02T17:18:10] (19/168) id=170 en finish=stop completion=776 wall=15.0s predicted_per_s=54.09 draft=717/538
[2026-10-02T17:18:31] (20/168) id=170 es finish=stop completion=1001 wall=21.2s predicted_per_s=49.11 draft=1020/663
[2026-10-02T17:18:46] (21/168) id=170 zh finish=stop completion=704 wall=14.3s predicted_per_s=51.88 draft=678/479
[2026-10-02T17:18:54] (22/168) id=181 en finish=stop completion=415 wall=8.1s predicted_per_s=54.67 draft=381/288
[2026-10-02T17:19:04] (23/168) id=181 es finish=stop completion=432 wall=9.7s predicted_per_s=47.34 draft=456/282
[2026-10-02T17:19:17] (24/168) id=181 zh finish=stop completion=629 wall=13.4s predicted_per_s=49.04 draft=642/417
[2026-10-02T17:19:31] (25/168) id=194 en finish=stop completion=666 wall=13.9s predicted_per_s=50.14 draft=663/447
[2026-10-02T17:19:48] (26/168) id=194 es finish=stop completion=786 wall=16.9s predicted_per_s=48.56 draft=810/517
[2026-10-02T17:20:03] (27/168) id=194 zh finish=stop completion=720 wall=15.1s predicted_per_s=49.58 draft=726/478
[2026-10-02T17:20:19] (28/168) id=199 en finish=stop completion=742 wall=16.3s predicted_per_s=47.49 draft=780/484
[2026-10-02T17:20:40] (29/168) id=199 es finish=stop completion=963 wall=21.0s predicted_per_s=47.93 draft=1020/625
[2026-10-02T17:21:02] (30/168) id=199 zh finish=stop completion=963 wall=22.1s predicted_per_s=44.85 draft=1092/599
[2026-10-02T17:21:19] (31/168) id=205 en finish=stop completion=788 wall=17.0s predicted_per_s=47.70 draft=840/509
[2026-10-02T17:21:37] (32/168) id=205 es finish=stop completion=860 wall=17.9s predicted_per_s=49.71 draft=879/566
[2026-10-02T17:21:56] (33/168) id=205 zh finish=stop completion=848 wall=18.5s predicted_per_s=46.93 draft=918/541
[2026-10-02T17:22:34] (34/168) id=213 en finish=stop completion=1847 wall=38.4s predicted_per_s=48.83 draft=1917/1208
[2026-10-02T17:23:01] (35/168) id=213 es finish=stop completion=1345 wall=27.4s predicted_per_s=50.21 draft=1359/894
[2026-10-02T17:23:36] (36/168) id=213 zh finish=stop completion=1595 wall=34.8s predicted_per_s=46.57 draft=1722/1021
[2026-10-02T17:24:03] (37/168) id=215 en finish=stop completion=1315 wall=26.8s predicted_per_s=50.66 draft=1296/885
[2026-10-02T17:24:28] (38/168) id=215 es finish=stop completion=1213 wall=25.4s predicted_per_s=49.81 draft=1212/808
[2026-10-02T17:24:56] (39/168) id=215 zh finish=stop completion=1291 wall=27.2s predicted_per_s=49.27 draft=1308/855
[2026-10-02T17:25:13] (40/168) id=235 en finish=stop completion=971 wall=17.7s predicted_per_s=58.14 draft=831/693
[2026-10-02T17:25:39] (41/168) id=235 es finish=stop completion=1391 wall=25.4s predicted_per_s=57.01 draft=1215/987
[2026-10-02T17:26:02] (42/168) id=235 zh finish=stop completion=1290 wall=23.6s predicted_per_s=56.82 draft=1131/913
[2026-10-02T17:26:44] (43/168) id=236 en finish=stop completion=2098 wall=41.2s predicted_per_s=51.91 draft=2016/1426
[2026-10-02T17:27:11] (44/168) id=236 es finish=stop completion=1481 wall=27.7s predicted_per_s=54.85 draft=1347/1031
[2026-10-02T17:27:41] (45/168) id=236 zh finish=stop completion=1562 wall=29.4s predicted_per_s=54.34 draft=1434/1083
[2026-10-02T17:28:01] (46/168) id=239 en finish=stop completion=1035 wall=20.2s predicted_per_s=52.93 draft=975/712
[2026-10-02T17:28:30] (47/168) id=239 es finish=stop completion=1473 wall=29.5s predicted_per_s=51.26 draft=1434/996
[2026-10-02T17:28:55] (48/168) id=239 zh finish=stop completion=1236 wall=24.7s predicted_per_s=52.12 draft=1185/843
[2026-10-02T17:29:08] (49/168) id=247 en finish=stop completion=705 wall=12.8s predicted_per_s=59.54 draft=591/510
[2026-10-02T17:29:22] (50/168) id=247 es finish=stop completion=781 wall=14.3s predicted_per_s=58.60 draft=666/560
[2026-10-02T17:29:35] (51/168) id=247 zh finish=stop completion=754 wall=13.2s predicted_per_s=61.35 draft=612/552
[2026-10-02T17:29:46] (52/168) id=261 en finish=stop completion=562 wall=10.8s predicted_per_s=57.36 draft=489/399
[2026-10-02T17:30:04] (53/168) id=261 es finish=stop completion=939 wall=18.3s predicted_per_s=53.92 draft=870/650
[2026-10-02T17:30:17] (54/168) id=261 zh finish=stop completion=626 wall=12.2s predicted_per_s=55.52 draft=564/440
[2026-10-02T17:30:36] (55/168) id=271 en finish=stop completion=1087 wall=19.0s predicted_per_s=60.13 draft=903/786
[2026-10-02T17:30:47] (56/168) id=271 es finish=stop completion=612 wall=11.2s predicted_per_s=59.28 draft=516/441
[2026-10-02T17:31:08] (57/168) id=271 zh finish=stop completion=1206 wall=21.6s predicted_per_s=58.36 draft=1032/864
[2026-10-02T17:31:32] (58/168) id=290 en finish=stop completion=1055 wall=23.6s predicted_per_s=46.82 draft=1131/678
[2026-10-02T17:31:57] (59/168) id=290 es finish=stop completion=1099 wall=24.8s predicted_per_s=46.66 draft=1185/703
[2026-10-02T17:32:39] (60/168) id=290 zh finish=stop completion=1870 wall=41.9s predicted_per_s=45.73 draft=2064/1181
[2026-10-02T17:32:59] (61/168) id=295 en finish=stop completion=923 wall=20.4s predicted_per_s=47.60 draft=978/597
[2026-10-02T17:33:25] (62/168) id=295 es finish=stop completion=1197 wall=26.3s predicted_per_s=47.45 draft=1266/777
[2026-10-02T17:33:57] (63/168) id=295 zh finish=stop completion=1473 wall=31.6s predicted_per_s=48.12 draft=1527/964
[2026-10-02T17:34:17] (64/168) id=311 en finish=stop completion=894 wall=19.7s predicted_per_s=47.24 draft=942/581
[2026-10-02T17:34:36] (65/168) id=311 es finish=stop completion=885 wall=19.1s predicted_per_s=48.61 draft=918/579
[2026-10-02T17:34:58] (66/168) id=311 zh finish=stop completion=1096 wall=22.1s predicted_per_s=51.43 draft=1077/738
[2026-10-02T17:35:01] (67/168) id=325 en finish=stop completion=143 wall=3.6s predicted_per_s=51.31 draft=141/97
[2026-10-02T17:35:07] (68/168) id=325 es finish=stop completion=223 wall=5.2s predicted_per_s=50.09 draft=225/149
[2026-10-02T17:35:10] (69/168) id=325 zh finish=stop completion=138 wall=3.6s predicted_per_s=48.49 draft=144/90
[2026-10-02T17:35:28] (70/168) id=331 en finish=stop completion=872 wall=17.5s predicted_per_s=53.42 draft=822/598
[2026-10-02T17:35:47] (71/168) id=331 es finish=stop completion=890 wall=19.6s predicted_per_s=48.86 draft=915/587
[2026-10-02T17:36:09] (72/168) id=331 zh finish=stop completion=1038 wall=21.7s predicted_per_s=50.35 draft=1038/692
[2026-10-02T17:36:23] (73/168) id=338 en finish=stop completion=641 wall=13.8s predicted_per_s=49.89 draft=648/427
[2026-10-02T17:36:46] (74/168) id=338 es finish=stop completion=1080 wall=23.5s predicted_per_s=47.82 draft=1110/709
[2026-10-02T17:37:03] (75/168) id=338 zh finish=stop completion=695 wall=16.3s predicted_per_s=45.99 draft=756/443
[2026-10-02T17:37:27] (76/168) id=347 en finish=stop completion=1136 wall=24.0s predicted_per_s=49.95 draft=1098/770
[2026-10-02T17:37:44] (77/168) id=347 es finish=stop completion=803 wall=17.1s predicted_per_s=50.08 draft=807/536
[2026-10-02T17:38:16] (78/168) id=347 zh finish=stop completion=1655 wall=32.1s predicted_per_s=53.04 draft=1575/1132
[2026-10-02T17:38:49] (79/168) id=369 en finish=stop completion=1639 wall=33.3s predicted_per_s=52.31 draft=1572/1116
[2026-10-02T17:39:27] (80/168) id=369 es finish=stop completion=1661 wall=38.0s predicted_per_s=44.95 draft=1866/1041
[2026-10-02T17:40:04] (81/168) id=369 zh finish=stop completion=1646 wall=36.3s predicted_per_s=46.47 draft=1785/1051
[2026-10-02T17:40:18] (82/168) id=372 en finish=stop completion=710 wall=14.1s predicted_per_s=53.56 draft=654/493
[2026-10-02T17:40:32] (83/168) id=372 es finish=stop completion=686 wall=14.4s predicted_per_s=50.66 draft=684/457
[2026-10-02T17:40:48] (84/168) id=372 zh finish=stop completion=662 wall=15.5s predicted_per_s=44.93 draft=732/418
[2026-10-02T17:41:09] (85/168) id=383 en finish=stop completion=971 wall=21.0s predicted_per_s=48.72 draft=987/642
[2026-10-02T17:41:33] (86/168) id=383 es finish=stop completion=1080 wall=24.5s predicted_per_s=46.40 draft=1167/690
[2026-10-02T17:41:57] (87/168) id=383 zh finish=stop completion=1103 wall=23.9s predicted_per_s=48.81 draft=1122/730
[2026-10-02T17:42:12] (88/168) id=391 en finish=stop completion=703 wall=14.8s predicted_per_s=50.35 draft=705/469
[2026-10-02T17:42:29] (89/168) id=391 es finish=stop completion=774 wall=17.2s predicted_per_s=47.31 draft=816/501
[2026-10-02T17:42:52] (90/168) id=391 zh finish=stop completion=1080 wall=22.9s predicted_per_s=48.91 draft=1116/708
[2026-10-02T17:43:15] (91/168) id=402 en finish=stop completion=1226 wall=23.1s predicted_per_s=55.08 draft=1125/850
[2026-10-02T17:43:55] (92/168) id=402 es finish=stop completion=2035 wall=40.2s predicted_per_s=51.80 draft=1971/1380
[2026-10-02T17:44:11] (93/168) id=402 zh finish=stop completion=798 wall=16.0s predicted_per_s=52.82 draft=756/546
[2026-10-02T17:44:22] (94/168) id=425 en finish=stop completion=523 wall=10.7s predicted_per_s=53.83 draft=489/361
[2026-10-02T17:44:35] (95/168) id=425 es finish=stop completion=588 wall=12.8s predicted_per_s=49.67 draft=585/394
[2026-10-02T17:44:50] (96/168) id=425 zh finish=stop completion=720 wall=14.9s predicted_per_s=52.19 draft=693/490
[2026-10-02T17:45:57] (97/168) id=428 en finish=stop completion=3528 wall=67.7s predicted_per_s=53.35 draft=3291/2431
[2026-10-02T17:48:27] (98/168) id=428 es finish=stop completion=8877 wall=149.1s predicted_per_s=60.14 draft=7272/6455
[2026-10-02T17:50:44] (99/168) id=428 zh finish=stop completion=7542 wall=137.9s predicted_per_s=55.23 draft=6555/5357
[2026-10-02T17:50:58] (100/168) id=438 en finish=stop completion=649 wall=13.2s predicted_per_s=54.94 draft=564/460
[2026-10-02T17:51:11] (101/168) id=438 es finish=stop completion=636 wall=13.1s predicted_per_s=53.50 draft=567/447
[2026-10-02T17:51:23] (102/168) id=438 zh finish=stop completion=656 wall=12.7s predicted_per_s=56.90 draft=552/471
[2026-10-02T17:51:30] (103/168) id=443 en finish=stop completion=308 wall=6.7s predicted_per_s=54.87 draft=267/220
[2026-10-02T17:51:36] (104/168) id=443 es finish=stop completion=262 wall=6.0s predicted_per_s=52.77 draft=237/182
[2026-10-02T17:51:42] (105/168) id=443 zh finish=stop completion=303 wall=6.4s predicted_per_s=55.95 draft=258/218
[2026-10-02T17:51:49] (106/168) id=445 en finish=stop completion=321 wall=6.6s predicted_per_s=60.09 draft=255/236
[2026-10-02T17:51:57] (107/168) id=445 es finish=stop completion=377 wall=7.8s predicted_per_s=57.01 draft=315/272
[2026-10-02T17:52:04] (108/168) id=445 zh finish=stop completion=332 wall=6.7s predicted_per_s=59.69 draft=267/243
[2026-10-02T17:52:08] (109/168) id=454 en finish=stop completion=180 wall=4.5s predicted_per_s=54.56 draft=156/129
[2026-10-02T17:52:13] (110/168) id=454 es finish=stop completion=183 wall=4.5s predicted_per_s=53.18 draft=165/129
[2026-10-02T17:52:17] (111/168) id=454 zh finish=stop completion=165 wall=4.0s predicted_per_s=56.36 draft=138/119
[2026-10-02T17:52:23] (112/168) id=459 en finish=stop completion=319 wall=6.6s predicted_per_s=56.92 draft=267/231
[2026-10-02T17:52:30] (113/168) id=459 es finish=stop completion=325 wall=6.6s predicted_per_s=57.65 draft=270/234
[2026-10-02T17:52:36] (114/168) id=459 zh finish=stop completion=255 wall=5.7s predicted_per_s=55.88 draft=216/183
[2026-10-02T17:52:44] (115/168) id=475 en finish=stop completion=443 wall=8.4s predicted_per_s=60.79 draft=366/323
[2026-10-02T17:52:51] (116/168) id=475 es finish=stop completion=396 wall=7.4s predicted_per_s=61.01 draft=327/288
[2026-10-02T17:52:58] (117/168) id=475 zh finish=stop completion=329 wall=6.6s predicted_per_s=57.10 draft=291/232
[2026-10-02T17:53:11] (118/168) id=480 en finish=stop completion=723 wall=13.5s predicted_per_s=57.49 draft=630/514
[2026-10-02T17:53:32] (119/168) id=480 es finish=stop completion=1137 wall=20.9s predicted_per_s=57.05 draft=1005/804
[2026-10-02T17:53:48] (120/168) id=480 zh finish=stop completion=873 wall=16.1s predicted_per_s=57.38 draft=765/620
[2026-10-02T17:54:00] (121/168) id=510 en finish=stop completion=649 wall=11.9s predicted_per_s=59.19 draft=555/465
[2026-10-02T17:54:13] (122/168) id=510 es finish=stop completion=636 wall=12.4s predicted_per_s=55.38 draft=582/443
[2026-10-02T17:54:21] (123/168) id=510 zh finish=stop completion=431 wall=8.5s predicted_per_s=56.43 draft=387/302
[2026-10-02T17:54:53] (124/168) id=518 en finish=stop completion=1506 wall=32.1s predicted_per_s=48.38 draft=1578/981
[2026-10-02T17:55:26] (125/168) id=518 es finish=stop completion=1521 wall=32.5s predicted_per_s=48.35 draft=1593/989
[2026-10-02T17:56:13] (126/168) id=518 zh finish=stop completion=2268 wall=46.9s predicted_per_s=49.34 draft=2325/1493
[2026-10-02T17:56:21] (127/168) id=535 en finish=stop completion=417 wall=8.8s predicted_per_s=52.25 draft=405/282
[2026-10-02T17:56:29] (128/168) id=535 es finish=stop completion=364 wall=7.5s predicted_per_s=54.49 draft=339/250
[2026-10-02T17:56:39] (129/168) id=535 zh finish=stop completion=482 wall=9.9s predicted_per_s=52.63 draft=465/326
[2026-10-02T17:57:00] (130/168) id=539 en finish=stop completion=1096 wall=21.3s predicted_per_s=53.52 draft=1038/752
[2026-10-02T17:57:12] (131/168) id=539 es finish=stop completion=597 wall=11.7s predicted_per_s=55.13 draft=549/413
[2026-10-02T17:57:26] (132/168) id=539 zh finish=stop completion=776 wall=14.6s predicted_per_s=56.49 draft=696/544
[2026-10-02T17:58:09] (133/168) id=540 en finish=stop completion=2322 wall=42.8s predicted_per_s=56.36 draft=2076/1631
[2026-10-02T17:58:46] (134/168) id=540 es finish=stop completion=2020 wall=37.0s predicted_per_s=57.47 draft=1770/1430
[2026-10-02T17:59:13] (135/168) id=540 zh finish=stop completion=1510 wall=27.2s predicted_per_s=59.02 draft=1290/1082
[2026-10-02T17:59:40] (136/168) id=548 en finish=stop completion=1499 wall=26.7s predicted_per_s=58.11 draft=1305/1065
[2026-10-02T18:00:43] (137/168) id=548 es finish=stop completion=3407 wall=62.4s predicted_per_s=55.41 draft=3099/2374
[2026-10-02T18:01:11] (138/168) id=548 zh finish=stop completion=1541 wall=28.6s predicted_per_s=55.91 draft=1395/1076
[2026-10-02T18:01:22] (139/168) id=553 en finish=stop completion=579 wall=11.2s predicted_per_s=56.25 draft=522/405
[2026-10-02T18:01:33] (140/168) id=553 es finish=stop completion=542 wall=10.6s predicted_per_s=55.87 draft=492/380
[2026-10-02T18:01:42] (141/168) id=553 zh finish=stop completion=482 wall=9.5s predicted_per_s=55.83 draft=438/336
[2026-10-02T18:01:56] (142/168) id=572 en finish=stop completion=632 wall=14.0s predicted_per_s=47.61 draft=675/406
[2026-10-02T18:02:15] (143/168) id=572 es finish=stop completion=861 wall=18.9s predicted_per_s=47.67 draft=918/554
[2026-10-02T18:02:29] (144/168) id=572 zh finish=stop completion=648 wall=13.7s predicted_per_s=50.34 draft=654/431
[2026-10-02T18:02:58] (145/168) id=581 en finish=stop completion=1642 wall=29.2s predicted_per_s=58.90 draft=1407/1175
[2026-10-02T18:03:38] (146/168) id=581 es finish=stop completion=2216 wall=40.1s predicted_per_s=57.29 draft=1950/1566
[2026-10-02T18:04:41] (147/168) id=581 zh finish=stop completion=3446 wall=62.8s predicted_per_s=56.15 draft=3087/2416
[2026-10-02T18:04:59] (148/168) id=588 en finish=stop completion=806 wall=17.6s predicted_per_s=48.35 draft=846/525
[2026-10-02T18:05:17] (149/168) id=588 es finish=stop completion=814 wall=18.4s predicted_per_s=46.43 draft=885/519
[2026-10-02T18:05:39] (150/168) id=588 zh finish=stop completion=947 wall=22.2s predicted_per_s=44.63 draft=1074/589
[2026-10-02T18:05:51] (151/168) id=602 en finish=stop completion=534 wall=11.6s predicted_per_s=49.53 draft=546/352
[2026-10-02T18:06:05] (152/168) id=602 es finish=stop completion=666 wall=14.5s predicted_per_s=48.38 draft=696/433
[2026-10-02T18:06:17] (153/168) id=602 zh finish=stop completion=473 wall=11.3s predicted_per_s=45.16 draft=531/298
[2026-10-02T18:10:26] (154/168) id=636 en finish=stop completion=13201 wall=249.2s predicted_per_s=53.16 draft=12087/9171
[2026-10-02T18:15:45] (155/168) id=636 es finish=length completion=16384 wall=318.7s predicted_per_s=51.61 draft=15297/11284
[2026-10-02T18:20:44] (156/168) id=636 zh finish=stop completion=16026 wall=299.1s predicted_per_s=53.81 draft=14388/11229
[2026-10-02T18:23:26] (157/168) id=644 en finish=stop completion=8847 wall=162.1s predicted_per_s=55.06 draft=7962/6195
[2026-10-02T18:28:03] (158/168) id=644 es finish=stop completion=14802 wall=277.5s predicted_per_s=53.58 draft=13434/10325
[2026-10-02T18:29:47] (159/168) id=644 zh finish=stop completion=5775 wall=103.4s predicted_per_s=56.56 draft=5118/4069
[2026-10-02T18:34:13] (160/168) id=651 en finish=stop completion=14462 wall=265.8s predicted_per_s=54.64 draft=12894/10164
[2026-10-02T18:39:11] (161/168) id=651 es finish=length completion=16384 wall=298.5s predicted_per_s=55.13 draft=14375/11591
[2026-10-02T18:44:11] (162/168) id=651 zh finish=length completion=16384 wall=299.6s predicted_per_s=54.94 draft=14349/11599
[2026-10-02T18:44:21] (163/168) id=654 en finish=stop completion=489 wall=10.1s predicted_per_s=55.52 draft=444/341
[2026-10-02T18:44:34] (164/168) id=654 es finish=stop completion=713 wall=13.4s predicted_per_s=57.17 draft=627/505
[2026-10-02T18:44:44] (165/168) id=654 zh finish=stop completion=480 wall=9.7s predicted_per_s=55.29 draft=438/333
[2026-10-02T18:45:23] (166/168) id=655 en finish=stop completion=2286 wall=39.4s predicted_per_s=59.51 draft=1926/1645
[2026-10-02T18:46:45] (167/168) id=655 es finish=stop completion=4666 wall=81.3s predicted_per_s=58.07 draft=4011/3328
[2026-10-02T18:47:21] (168/168) id=655 zh finish=stop completion=2003 wall=36.1s predicted_per_s=57.23 draft=1761/1418
[2026-10-02T18:47:21] run finished: 168/168 succeeded; total in file=266/180
